Archive member included because of file (symbol)

c:/altera/11.0sp1/nios2eds/bin/gnu/h-i686-mingw32/bin/../lib/gcc/nios2-elf/4.1.2/../../../../nios2-elf/lib\libc.a(lib_a-putchar.o)
                              obj/hello_ucosii.o (putchar)
c:/altera/11.0sp1/nios2eds/bin/gnu/h-i686-mingw32/bin/../lib/gcc/nios2-elf/4.1.2/../../../../nios2-elf/lib\libc.a(lib_a-impure.o)
                              c:/altera/11.0sp1/nios2eds/bin/gnu/h-i686-mingw32/bin/../lib/gcc/nios2-elf/4.1.2/../../../../nios2-elf/lib\libc.a(lib_a-putchar.o) (_impure_ptr)
c:/altera/11.0sp1/nios2eds/bin/gnu/h-i686-mingw32/bin/../lib/gcc/nios2-elf/4.1.2/../../../../nios2-elf/lib\libc.a(lib_a-putc.o)
                              c:/altera/11.0sp1/nios2eds/bin/gnu/h-i686-mingw32/bin/../lib/gcc/nios2-elf/4.1.2/../../../../nios2-elf/lib\libc.a(lib_a-putchar.o) (_putc_r)
c:/altera/11.0sp1/nios2eds/bin/gnu/h-i686-mingw32/bin/../lib/gcc/nios2-elf/4.1.2/../../../../nios2-elf/lib\libc.a(lib_a-wbuf.o)
                              c:/altera/11.0sp1/nios2eds/bin/gnu/h-i686-mingw32/bin/../lib/gcc/nios2-elf/4.1.2/../../../../nios2-elf/lib\libc.a(lib_a-putc.o) (__swbuf_r)
c:/altera/11.0sp1/nios2eds/bin/gnu/h-i686-mingw32/bin/../lib/gcc/nios2-elf/4.1.2/../../../../nios2-elf/lib\libc.a(lib_a-wsetup.o)
                              c:/altera/11.0sp1/nios2eds/bin/gnu/h-i686-mingw32/bin/../lib/gcc/nios2-elf/4.1.2/../../../../nios2-elf/lib\libc.a(lib_a-wbuf.o) (__swsetup_r)
c:/altera/11.0sp1/nios2eds/bin/gnu/h-i686-mingw32/bin/../lib/gcc/nios2-elf/4.1.2/../../../../nios2-elf/lib\libc.a(lib_a-fflush.o)
                              c:/altera/11.0sp1/nios2eds/bin/gnu/h-i686-mingw32/bin/../lib/gcc/nios2-elf/4.1.2/../../../../nios2-elf/lib\libc.a(lib_a-wbuf.o) (_fflush_r)
c:/altera/11.0sp1/nios2eds/bin/gnu/h-i686-mingw32/bin/../lib/gcc/nios2-elf/4.1.2/../../../../nios2-elf/lib\libc.a(lib_a-findfp.o)
                              c:/altera/11.0sp1/nios2eds/bin/gnu/h-i686-mingw32/bin/../lib/gcc/nios2-elf/4.1.2/../../../../nios2-elf/lib\libc.a(lib_a-putc.o) (__sinit)
c:/altera/11.0sp1/nios2eds/bin/gnu/h-i686-mingw32/bin/../lib/gcc/nios2-elf/4.1.2/../../../../nios2-elf/lib\libc.a(lib_a-freer.o)
                              c:/altera/11.0sp1/nios2eds/bin/gnu/h-i686-mingw32/bin/../lib/gcc/nios2-elf/4.1.2/../../../../nios2-elf/lib\libc.a(lib_a-wsetup.o) (_free_r)
c:/altera/11.0sp1/nios2eds/bin/gnu/h-i686-mingw32/bin/../lib/gcc/nios2-elf/4.1.2/../../../../nios2-elf/lib\libc.a(lib_a-fwalk.o)
                              c:/altera/11.0sp1/nios2eds/bin/gnu/h-i686-mingw32/bin/../lib/gcc/nios2-elf/4.1.2/../../../../nios2-elf/lib\libc.a(lib_a-fflush.o) (_fwalk_reent)
c:/altera/11.0sp1/nios2eds/bin/gnu/h-i686-mingw32/bin/../lib/gcc/nios2-elf/4.1.2/../../../../nios2-elf/lib\libc.a(lib_a-makebuf.o)
                              c:/altera/11.0sp1/nios2eds/bin/gnu/h-i686-mingw32/bin/../lib/gcc/nios2-elf/4.1.2/../../../../nios2-elf/lib\libc.a(lib_a-wsetup.o) (__smakebuf_r)
c:/altera/11.0sp1/nios2eds/bin/gnu/h-i686-mingw32/bin/../lib/gcc/nios2-elf/4.1.2/../../../../nios2-elf/lib\libc.a(lib_a-mallocr.o)
                              c:/altera/11.0sp1/nios2eds/bin/gnu/h-i686-mingw32/bin/../lib/gcc/nios2-elf/4.1.2/../../../../nios2-elf/lib\libc.a(lib_a-findfp.o) (_malloc_r)
c:/altera/11.0sp1/nios2eds/bin/gnu/h-i686-mingw32/bin/../lib/gcc/nios2-elf/4.1.2/../../../../nios2-elf/lib\libc.a(lib_a-memset.o)
                              c:/altera/11.0sp1/nios2eds/bin/gnu/h-i686-mingw32/bin/../lib/gcc/nios2-elf/4.1.2/../../../../nios2-elf/lib\libc.a(lib_a-findfp.o) (memset)
c:/altera/11.0sp1/nios2eds/bin/gnu/h-i686-mingw32/bin/../lib/gcc/nios2-elf/4.1.2/../../../../nios2-elf/lib\libc.a(lib_a-sbrkr.o)
                              c:/altera/11.0sp1/nios2eds/bin/gnu/h-i686-mingw32/bin/../lib/gcc/nios2-elf/4.1.2/../../../../nios2-elf/lib\libc.a(lib_a-freer.o) (_sbrk_r)
c:/altera/11.0sp1/nios2eds/bin/gnu/h-i686-mingw32/bin/../lib/gcc/nios2-elf/4.1.2/../../../../nios2-elf/lib\libc.a(lib_a-stdio.o)
                              c:/altera/11.0sp1/nios2eds/bin/gnu/h-i686-mingw32/bin/../lib/gcc/nios2-elf/4.1.2/../../../../nios2-elf/lib\libc.a(lib_a-findfp.o) (__sclose)
c:/altera/11.0sp1/nios2eds/bin/gnu/h-i686-mingw32/bin/../lib/gcc/nios2-elf/4.1.2/../../../../nios2-elf/lib\libc.a(lib_a-writer.o)
                              c:/altera/11.0sp1/nios2eds/bin/gnu/h-i686-mingw32/bin/../lib/gcc/nios2-elf/4.1.2/../../../../nios2-elf/lib\libc.a(lib_a-stdio.o) (_write_r)
c:/altera/11.0sp1/nios2eds/bin/gnu/h-i686-mingw32/bin/../lib/gcc/nios2-elf/4.1.2/../../../../nios2-elf/lib\libc.a(lib_a-closer.o)
                              c:/altera/11.0sp1/nios2eds/bin/gnu/h-i686-mingw32/bin/../lib/gcc/nios2-elf/4.1.2/../../../../nios2-elf/lib\libc.a(lib_a-stdio.o) (_close_r)
c:/altera/11.0sp1/nios2eds/bin/gnu/h-i686-mingw32/bin/../lib/gcc/nios2-elf/4.1.2/../../../../nios2-elf/lib\libc.a(lib_a-fclose.o)
[...]
Memory Configuration

Name             Origin             Length             Attributes
reset            0x00000000         0x00000020
epcs             0x00000020         0x000007e0
sdram_BEFORE_EXCEPTION 0x04000000         0x00000020
sdram            0x04000020         0x01ffffe0
*default*        0x00000000         0xffffffff

Linker script and memory map

LOAD ../Test_bsp//obj/HAL/src/crt0.o
LOAD obj/hello_ucosii.o
LOAD c:/altera/11.0sp1/nios2eds/bin/gnu/h-i686-mingw32/bin/../lib/gcc/nios2-elf/4.1.2/../../../../nios2-elf/lib\libstdc++.a
LOAD c:/altera/11.0sp1/nios2eds/bin/gnu/h-i686-mingw32/bin/../lib/gcc/nios2-elf/4.1.2/../../../../nios2-elf/lib\libm.a
LOAD c:/altera/11.0sp1/nios2eds/bin/gnu/h-i686-mingw32/bin/../lib/gcc/nios2-elf/4.1.2\libgcc.a
START GROUP
LOAD c:/altera/11.0sp1/nios2eds/bin/gnu/h-i686-mingw32/bin/../lib/gcc/nios2-elf/4.1.2/../../../../nios2-elf/lib\libc.a
LOAD c:/altera/11.0sp1/nios2eds/bin/gnu/h-i686-mingw32/bin/../lib/gcc/nios2-elf/4.1.2\libgcc.a
LOAD ../Test_bsp/\libucosii_bsp.a
END GROUP
LOAD c:/altera/11.0sp1/nios2eds/bin/gnu/h-i686-mingw32/bin/../lib/gcc/nios2-elf/4.1.2\libgcc.a
                0x00000000                __alt_mem_epcs = 0x0
                0x04000000                __alt_mem_sdram = 0x4000000

.entry          0x00000000        0x0
 *(.entry)
 .entry         0x00000000        0x0 ../Test_bsp//obj/HAL/src/crt0.o
                0x00000000                __reset

.exceptions     0x04000020      0x19c
                0x04000020                PROVIDE (__ram_exceptions_start, ABSOLUTE (.))
                0x04000020                . = ALIGN (0x20)
 *(.irq)
 *(.exceptions.entry.label)
 .exceptions.entry.label
                0x04000020        0x0 ../Test_bsp/\libucosii_bsp.a(alt_irq_entry.o)
                0x04000020                alt_irq_entry
 .exceptions.entry.label
                0x04000020        0x0 ../Test_bsp/\libucosii_bsp.a(alt_exception_entry.o)
                0x04000020                alt_exception
 *(.exceptions.entry.user)
 *(.exceptions.entry)
 .exceptions.entry
                0x04000020       0x54 ../Test_bsp/\libucosii_bsp.a(alt_exception_entry.o)
 *(.exceptions.irqtest.user)
 *(.exceptions.irqtest)
 .exceptions.irqtest
                0x04000074       0x10 ../Test_bsp/\libucosii_bsp.a(alt_irq_entry.o)
 *(.exceptions.irqhandler.user)
 *(.exceptions.irqhandler)
 .exceptions.irqhandler
                0x04000084        0x4 ../Test_bsp/\libucosii_bsp.a(alt_irq_entry.o)
 *(.exceptions.irqreturn.user)
 *(.exceptions.irqreturn)
 .exceptions.irqreturn
                0x04000088        0x4 ../Test_bsp/\libucosii_bsp.a(alt_irq_entry.o)
 *(.exceptions.notirq.label)
 .exceptions.notirq.label
                0x0400008c        0x0 ../Test_bsp/\libucosii_bsp.a(alt_irq_entry.o)
 *(.exceptions.notirq.user)
 *(.exceptions.notirq)
 .exceptions.notirq
                0x0400008c        0x8 ../Test_bsp/\libucosii_bsp.a(alt_exception_entry.o)
 *(.exceptions.soft.user)
 *(.exceptions.soft)
 *(.exceptions.unknown.user)
 *(.exceptions.unknown)
 .exceptions.unknown
                0x04000094        0x4 ../Test_bsp/\libucosii_bsp.a(alt_exception_entry.o)
 *(.exceptions.exit.label)
 .exceptions.exit.label
                0x04000098        0x0 ../Test_bsp/\libucosii_bsp.a(alt_irq_entry.o)
 .exceptions.exit.label
                0x04000098        0x0 ../Test_bsp/\libucosii_bsp.a(alt_exception_entry.o)
 *(.exceptions.exit.user)
 *(.exceptions.exit)
 .exceptions.exit
                0x04000098       0x54 ../Test_bsp/\libucosii_bsp.a(alt_exception_entry.o)
 *(.exceptions)
 .exceptions    0x040000ec       0xd0 ../Test_bsp/\libucosii_bsp.a(alt_irq_handler.o)
                0x040000ec                alt_irq_handler
                0x040001bc                PROVIDE (__ram_exceptions_end, ABSOLUTE (.))
                0x04000020                PROVIDE (__flash_exceptions_start, LOADADDR (.exceptions))

.text           0x040001bc    0x16818
                0x040001bc                PROVIDE (stext, ABSOLUTE (.))
 *(.interp)
 *(.hash)
 *(.dynsym)
 *(.dynstr)
 *(.gnu.version)
 *(.gnu.version_d)
 *(.gnu.version_r)
 *(.rel.init)
 *(.rela.init)
 *(.rel.text .rel.text.* .rel.gnu.linkonce.t.*)
 *(.rela.text .rela.text.* .rela.gnu.linkonce.t.*)
 *(.rel.fini)
 *(.rela.fini)
 *(.rel.rodata .rel.rodata.* .rel.gnu.linkonce.r.*)
 *(.rela.rodata .rela.rodata.* .rela.gnu.linkonce.r.*)
 *(.rel.data .rel.data.* .rel.gnu.linkonce.d.*)
 *(.rela.data .rela.data.* .rela.gnu.linkonce.d.*)
 *(.rel.tdata .rel.tdata.* .rel.gnu.linkonce.td.*)
 *(.rela.tdata .rela.tdata.* .rela.gnu.linkonce.td.*)
 *(.rel.tbss .rel.tbss.* .rel.gnu.linkonce.tb.*)
 *(.rela.tbss .rela.tbss.* .rela.gnu.linkonce.tb.*)
 *(.rel.ctors)
 *(.rela.ctors)
 *(.rel.dtors)
 *(.rela.dtors)
 *(.rel.got)
 *(.rela.got)
 *(.rel.sdata .rel.sdata.* .rel.gnu.linkonce.s.*)
 *(.rela.sdata .rela.sdata.* .rela.gnu.linkonce.s.*)
 *(.rel.sbss .rel.sbss.* .rel.gnu.linkonce.sb.*)
 *(.rela.sbss .rela.sbss.* .rela.gnu.linkonce.sb.*)
 *(.rel.sdata2 .rel.sdata2.* .rel.gnu.linkonce.s2.*)
 *(.rela.sdata2 .rela.sdata2.* .rela.gnu.linkonce.s2.*)
 *(.rel.sbss2 .rel.sbss2.* .rel.gnu.linkonce.sb2.*)
 *(.rela.sbss2 .rela.sbss2.* .rela.gnu.linkonce.sb2.*)
 *(.rel.bss .rel.bss.* .rel.gnu.linkonce.b.*)
 *(.rela.bss .rela.bss.* .rela.gnu.linkonce.b.*)
 *(.rel.plt)
 *(.rela.plt)
 *(.rel.dyn)
 *(.init)
 *(.plt)
 *(.text .stub .text.* .gnu.linkonce.t.*)
 .text          0x040001bc       0x38 ../Test_bsp//obj/HAL/src/crt0.o
                0x040001bc                _start
 .text          0x040001f4      0x474 obj/hello_ucosii.o
                0x040001f4                Task1
                0x04000304                Task2
                0x04000414                Task3
                0x04000524                print
                0x0400057c                main
 .text          0x04000668       0x24 c:/altera/11.0sp1/nios2eds/bin/gnu/h-i686-mingw32/bin/../lib/gcc/nios2-elf/4.1.2/../../../../nios2-elf/lib\libc.a(lib_a-putchar.o)
                0x04000668                putchar
                0x04000684                _putchar_r
 .text          0x0400068c        0x0 c:/altera/11.0sp1/nios2eds/bin/gnu/h-i686-mingw32/bin/../lib/gcc/nios2-elf/4.1.2/../../../../nios2-elf/lib\libc.a(lib_a-impure.o)
 .text          0x0400068c      0x1ec c:/altera/11.0sp1/nios2eds/bin/gnu/h-i686-mingw32/bin/../lib/gcc/nios2-elf/4.1.2/../../../../nios2-elf/lib\libc.a(lib_a-putc.o)
                0x0400068c                putc
                0x04000790                _putc_r
 .text          0x04000878      0x14c c:/altera/11.0sp1/nios2eds/bin/gnu/h-i686-mingw32/bin/../lib/gcc/nios2-elf/4.1.2/../../../../nios2-elf/lib\libc.a(lib_a-wbuf.o)
                0x04000878                __swbuf_r
                0x040009a8                __swbuf
 .text          0x040009c4      0x13c c:/altera/11.0sp1/nios2eds/bin/gnu/h-i686-mingw32/bin/../lib/gcc/nios2-elf/4.1.2/../../../../nios2-elf/lib\libc.a(lib_a-wsetup.o)
                0x040009c4                __swsetup_r
 .text          0x04000b00      0x230 c:/altera/11.0sp1/nios2eds/bin/gnu/h-i686-mingw32/bin/../lib/gcc/nios2-elf/4.1.2/../../../../nios2-elf/lib\libc.a(lib_a-fflush.o)
                0x04000b00                _fflush_r
                0x04000cfc                fflush
 .text          0x04000d30      0x2c0 c:/altera/11.0sp1/nios2eds/bin/gnu/h-i686-mingw32/bin/../lib/gcc/nios2-elf/4.1.2/../../../../nios2-elf/lib\libc.a(lib_a-findfp.o)
                0x04000d88                __sfp_lock_acquire
                0x04000d8c                __sfp_lock_release
                0x04000d90                __sinit_lock_acquire
                0x04000d94                __sinit_lock_release
                0x04000d98                __sinit
                0x04000e4c                __fp_unlock_all
                0x04000e64                __fp_lock_all
                0x04000e7c                _cleanup_r
                0x04000e88                _cleanup
                0x04000e98                __sfmoreglue
                0x04000f00                __sfp
 .text          0x04000ff0      0x440 c:/altera/11.0sp1/nios2eds/bin/gnu/h-i686-mingw32/bin/../lib/gcc/nios2-elf/4.1.2/../../../../nios2-elf/lib\libc.a(lib_a-freer.o)
                0x04000ff0                _malloc_trim_r
                0x0400111c                _free_r
 .text          0x04001430      0x180 c:/altera/11.0sp1/nios2eds/bin/gnu/h-i686-mingw32/bin/../lib/gcc/nios2-elf/4.1.2/../../../../nios2-elf/lib\libc.a(lib_a-fwalk.o)
                0x04001430                _fwalk_reent
                0x040014f8                _fwalk
 .text          0x040015b0      0x194 c:/altera/11.0sp1/nios2eds/bin/gnu/h-i686-mingw32/bin/../lib/gcc/nios2-elf/4.1.2/../../../../nios2-elf/lib\libc.a(lib_a-makebuf.o)
                0x040015b0                __smakebuf_r
 .text          0x04001744      0x740 c:/altera/11.0sp1/nios2eds/bin/gnu/h-i686-mingw32/bin/../lib/gcc/nios2-elf/4.1.2/../../../../nios2-elf/lib\libc.a(lib_a-mallocr.o)
                0x04001744                _malloc_r
 .text          0x04001e84       0x98 c:/altera/11.0sp1/nios2eds/bin/gnu/h-i686-mingw32/bin/../lib/gcc/nios2-elf/4.1.2/../../../../nios2-elf/lib\libc.a(lib_a-memset.o)
                0x04001e84                memset
 .text          0x04001f1c       0x70 c:/altera/11.0sp1/nios2eds/bin/gnu/h-i686-mingw32/bin/../lib/gcc/nios2-elf/4.1.2/../../../../nios2-elf/lib\libc.a(lib_a-sbrkr.o)
                0x04001f1c                _sbrk_r
 .text          0x04001f8c      0x14c c:/altera/11.0sp1/nios2eds/bin/gnu/h-i686-mingw32/bin/../lib/gcc/nios2-elf/4.1.2/../../../../nios2-elf/lib\libc.a(lib_a-stdio.o)
                0x04001f8c                __sclose
                0x04001f94                __sseek
                0x04001ffc                __swrite
                0x04002078                __sread
 .text          0x040020d8       0x78 c:/altera/11.0sp1/nios2eds/bin/gnu/h-i686-mingw32/bin/../lib/gcc/nios2-elf/4.1.2/../../../../nios2-elf/lib\libc.a(lib_a-writer.o)
                0x040020d8                _write_r
 .text          0x04002150       0x70 c:/altera/11.0sp1/nios2eds/bin/gnu/h-i686-mingw32/bin/../lib/gcc/nios2-elf/4.1.2/../../../../nios2-elf/lib\libc.a(lib_a-closer.o)
                0x04002150                _close_r
 .text          0x040021c0      0x124 c:/altera/11.0sp1/nios2eds/bin/gnu/h-i686-mingw32/bin/../lib/gcc/nios2-elf/4.1.2/../../../../nios2-elf/lib\libc.a(lib_a-fclose.o)
                0x040021c0                _fclose_r
                0x040022d0                fclose
 .text          0x040022e4       0x74 c:/altera/11.0sp1/nios2eds/bin/gnu/h-i686-mingw32/bin/../lib/gcc/nios2-elf/4.1.2/../../../../nios2-elf/lib\libc.a(lib_a-fstatr.o)
                0x040022e4                _fstat_r
 .text          0x04002358        0x0 c:/altera/11.0sp1/nios2eds/bin/gnu/h-i686-mingw32/bin/../lib/gcc/nios2-elf/4.1.2/../../../../nios2-elf/lib\libc.a(lib_a-int_errno.o)
 .text          0x04002358       0x70 c:/altera/11.0sp1/nios2eds/bin/gnu/h-i686-mingw32/bin/../lib/gcc/nios2-elf/4.1.2/../../../../nios2-elf/lib\libc.a(lib_a-isattyr.o)
                0x04002358                _isatty_r
 .text          0x040023c8       0x78 c:/altera/11.0sp1/nios2eds/bin/gnu/h-i686-mingw32/bin/../lib/gcc/nios2-elf/4.1.2/../../../../nios2-elf/lib\libc.a(lib_a-lseekr.o)
                0x040023c8                _lseek_r
 .text          0x04002440       0x78 c:/altera/11.0sp1/nios2eds/bin/gnu/h-i686-mingw32/bin/../lib/gcc/nios2-elf/4.1.2/../../../../nios2-elf/lib\libc.a(lib_a-readr.o)
                0x04002440                _read_r
 .text          0x040024b8      0x15c ../Test_bsp/\libucosii_bsp.a(alt_close.o)
                0x040024b8                close
 .text          0x04002614       0x2c ../Test_bsp/\libucosii_bsp.a(alt_dev.o)
 .text          0x04002640        0x0 ../Test_bsp/\libucosii_bsp.a(alt_errno.o)
 .text          0x04002640      0x134 ../Test_bsp/\libucosii_bsp.a(alt_fstat.o)
                0x04002640                fstat
 .text          0x04002774      0x120 ../Test_bsp/\libucosii_bsp.a(alt_isatty.o)
                0x04002774                isatty
 .text          0x04002894      0x150 ../Test_bsp/\libucosii_bsp.a(alt_lseek.o)
                0x04002894                lseek
 .text          0x040029e4       0xc8 ../Test_bsp/\libucosii_bsp.a(alt_main.o)
                0x040029e4                alt_main
 .text          0x04002aac      0x180 ../Test_bsp/\libucosii_bsp.a(alt_read.o)
                0x04002aac                read
 .text          0x04002c2c       0x60 ../Test_bsp/\libucosii_bsp.a(alt_release_fd.o)
                0x04002c2c                alt_release_fd
 .text          0x04002c8c       0xbc ../Test_bsp/\libucosii_bsp.a(alt_sbrk.o)
                0x04002c8c                sbrk
 .text          0x04002d48      0x180 ../Test_bsp/\libucosii_bsp.a(alt_write.o)
                0x04002d48                write
 .text          0x04002ec8      0x108 ../Test_bsp/\libucosii_bsp.a(alt_env_lock.o)
                0x04002ec8                __env_lock
                0x04002f74                __env_unlock
 .text          0x04002fd0      0x1d8 ../Test_bsp/\libucosii_bsp.a(alt_malloc_lock.o)
                0x04002fd0                __malloc_lock
                0x040030d8                __malloc_unlock
 .text          0x040031a8     0x22a8 ../Test_bsp/\libucosii_bsp.a(os_core.o)
                0x040031a8                OSEventNameGet
                0x040032d8                OSEventNameSet
                0x0400341c                OSEventPendMulti
                0x04003ad0                OSInit
                0x04003b28                OSIntEnter
                0x04003ba4                OSIntExit
                0x04003cf0                OSSchedLock
                0x04003d7c                OSSchedUnlock
                0x04003e60                OSStart
                0x04003ed0                OSStatInit
                0x04003f7c                OSTimeTick
                0x04004258                OSVersion
                0x04004278                OS_Dummy
                0x04004294                OS_EventTaskRdy
                0x04004428                OS_EventTaskWait
                0x04004538                OS_EventTaskWaitMulti
                0x0400468c                OS_EventTaskRemove
                0x04004744                OS_EventTaskRemoveMulti
                0x04004848                OS_EventWaitListInit
                0x04004c24                OS_MemClr
                0x04004c78                OS_MemCopy
                0x04004ce4                OS_Sched
                0x04004e74                OS_StrCopy
                0x04004ef4                OS_StrLen
                0x04004f4c                OS_TaskIdle
                0x04004fa8                OS_TaskStat
                0x04005070                OS_TaskStatStkChk
                0x04005138                OS_TCBInit
 .text          0x04005450      0x18c ../Test_bsp/\libucosii_bsp.a(os_dbg.o)
                0x04005450                OSDebugInit
 .text          0x040055dc     0x193c ../Test_bsp/\libucosii_bsp.a(os_flag.o)
                0x040055dc                OSFlagAccept
                0x04005910                OSFlagCreate
                0x04005a4c                OSFlagDel
                0x04005cf4                OSFlagNameGet
                0x04005e38                OSFlagNameSet
                0x04005f8c                OSFlagPend
                0x040065d0                OSFlagPendGetFlagsRdy
                0x04006638                OSFlagPost
                0x040069e0                OSFlagQuery
                0x04006c78                OS_FlagInit
                0x04006e6c                OS_FlagUnlink
 .text          0x04006f18      0x808 ../Test_bsp/\libucosii_bsp.a(os_mem.o)
                0x04006f18                OSMemCreate
                0x04007134                OSMemGet
                0x04007238                OSMemNameGet
                0x04007344                OSMemNameSet
                0x04007464                OSMemPut
                0x04007554                OSMemQuery
                0x04007650                OS_MemInit
 .text          0x04007720     0x1334 ../Test_bsp/\libucosii_bsp.a(os_q.o)
                0x04007720                OSQAccept
                0x04007874                OSQCreate
                0x04007a88                OSQDel
                0x04007d88                OSQFlush
                0x04007e50                OSQPend
                0x04008170                OSQPendAbort
                0x040082ec                OSQPost
                0x0400846c                OSQPostFront
                0x040085f4                OSQPostOpt
                0x04008828                OSQQuery
                0x040089a8                OS_QInit
 .text          0x04008a54      0xbc8 ../Test_bsp/\libucosii_bsp.a(os_sem.o)
                0x04008a54                OSSemAccept
                0x04008b14                OSSemCreate
                0x04008c28                OSSemDel
                0x04008ec8                OSSemPend
                0x04009144                OSSemPendAbort
                0x040092c0                OSSemPost
                0x040093e8                OSSemQuery
                0x04009518                OSSemSet
 .text          0x0400961c     0x1a84 ../Test_bsp/\libucosii_bsp.a(os_task.o)
                0x0400961c                OSTaskChangePrio
                0x04009b90                OSTaskCreate
                0x04009d84                OSTaskCreateExt
                0x04009fa8                OSTaskDel
                0x0400a3b4                OSTaskDelReq
                0x0400a524                OSTaskNameGet
                0x0400a6dc                OSTaskNameSet
                0x0400a8a0                OSTaskResume
                0x0400aab8                OSTaskStkChk
                0x0400acb4                OSTaskSuspend
                0x0400aee0                OSTaskQuery
                0x0400b024                OS_TaskStkClr
 .text          0x0400b0a0      0x59c ../Test_bsp/\libucosii_bsp.a(os_time.o)
                0x0400b0a0                OSTimeDly
                0x0400b1ec                OSTimeDlyHMSM
                0x0400b364                OSTimeDlyResume
                0x0400b574                OSTimeGet
                0x0400b5d8                OSTimeSet
 .text          0x0400b63c       0xd0 ../Test_bsp/\libucosii_bsp.a(alt_sys_init.o)
                0x0400b63c                alt_irq_init
                0x0400b670                alt_sys_init
 .text          0x0400b70c      0x934 ../Test_bsp/\libucosii_bsp.a(altera_avalon_epcs_flash_controller.o)
                0x0400b70c                alt_epcs_flash_init
                0x0400ba8c                alt_epcs_flash_write
                0x0400bd0c                alt_epcs_flash_get_info
                0x0400bd9c                alt_epcs_flash_erase_block
                0x0400bea4                alt_epcs_flash_write_block
                0x0400bfb4                alt_epcs_flash_read
 .text          0x0400c040      0x148 ../Test_bsp/\libucosii_bsp.a(altera_avalon_jtag_uart_fd.o)
                0x0400c040                altera_avalon_jtag_uart_read_fd
                0x0400c098                altera_avalon_jtag_uart_write_fd
                0x0400c0f0                altera_avalon_jtag_uart_close_fd
                0x0400c138                altera_avalon_jtag_uart_ioctl_fd
 .text          0x0400c188      0x584 ../Test_bsp/\libucosii_bsp.a(altera_avalon_jtag_uart_init.o)
                0x0400c188                altera_avalon_jtag_uart_init
                0x0400c698                altera_avalon_jtag_uart_close
 .text          0x0400c70c       0xf4 ../Test_bsp/\libucosii_bsp.a(altera_avalon_jtag_uart_ioctl.o)
                0x0400c70c                altera_avalon_jtag_uart_ioctl
 .text          0x0400c800      0x2c0 ../Test_bsp/\libucosii_bsp.a(altera_avalon_jtag_uart_read.o)
                0x0400c800                altera_avalon_jtag_uart_read
 .text          0x0400cac0      0x2dc ../Test_bsp/\libucosii_bsp.a(altera_avalon_jtag_uart_write.o)
                0x0400cac0                altera_avalon_jtag_uart_write
 .text          0x0400cd9c      0x100 ../Test_bsp/\libucosii_bsp.a(altera_avalon_timer_sc.o)
                0x0400ce0c                alt_avalon_timer_sc_init
 .text          0x0400ce9c      0x460 ../Test_bsp/\libucosii_bsp.a(epcs_commands.o)
                0x0400ce9c                epcs_read_status_register
                0x0400cefc                epcs_sector_erase
                0x0400cfe8                epcs_read_buffer
                0x0400d09c                epcs_write_enable
                0x0400d0ec                epcs_write_status_register
                0x0400d150                epcs_write_buffer
                0x0400d228                epcs_read_electronic_signature
                0x0400d294                epcs_read_device_id
 .text          0x0400d2fc      0x154 ../Test_bsp/\libucosii_bsp.a(alt_alarm_start.o)
                0x0400d2fc                alt_alarm_start
 .text          0x0400d450      0x114 ../Test_bsp/\libucosii_bsp.a(alt_dev_llist_insert.o)
                0x0400d450                alt_dev_llist_insert
 .text          0x0400d564       0x64 ../Test_bsp/\libucosii_bsp.a(alt_do_ctors.o)
                0x0400d564                _do_ctors
 .text          0x0400d5c8       0x64 ../Test_bsp/\libucosii_bsp.a(alt_do_dtors.o)
                0x0400d5c8                _do_dtors
 .text          0x0400d62c       0xd0 ../Test_bsp/\libucosii_bsp.a(alt_flash_dev.o)
                0x0400d62c                alt_flash_open_dev
                0x0400d6a8                alt_flash_close_dev
 .text          0x0400d6fc      0x1d4 ../Test_bsp/\libucosii_bsp.a(alt_iic.o)
                0x0400d6fc                alt_ic_isr_register
                0x0400d74c                alt_ic_irq_enable
                0x0400d7e8                alt_ic_irq_disable
                0x0400d888                alt_ic_irq_enabled
 .text          0x0400d8d0       0xf8 ../Test_bsp/\libucosii_bsp.a(alt_iic_isr_register.o)
                0x0400d8d0                alt_iic_isr_register
 .text          0x0400d9c8      0x13c ../Test_bsp/\libucosii_bsp.a(alt_io_redirect.o)
                0x0400da8c                alt_io_redirect
 .text          0x0400db04        0x0 ../Test_bsp/\libucosii_bsp.a(alt_irq_entry.o)
 .text          0x0400db04        0x0 ../Test_bsp/\libucosii_bsp.a(alt_irq_handler.o)
 .text          0x0400db04        0x0 ../Test_bsp/\libucosii_bsp.a(alt_irq_vars.o)
 .text          0x0400db04      0x2c4 ../Test_bsp/\libucosii_bsp.a(alt_open.o)
                0x0400dbe0                open
 .text          0x0400ddc8      0x1a8 ../Test_bsp/\libucosii_bsp.a(alt_tick.o)
                0x0400ddc8                alt_alarm_stop
                0x0400de60                alt_tick
 .text          0x0400df70       0x20 ../Test_bsp/\libucosii_bsp.a(altera_nios2_irq.o)
                0x0400df70                altera_nios2_irq_init
 .text          0x0400df90       0xd0 ../Test_bsp/\libucosii_bsp.a(os_cpu_a.o)
                0x0400df90                OSCtxSw
                0x0400df90                OSIntCtxSw
                0x0400e01c                OSStartHighRdy
                0x0400e03c                OSStartTsk
 .text          0x0400e060      0x418 ../Test_bsp/\libucosii_bsp.a(os_cpu_c.o)
                0x0400e060                OSTaskStkInit
                0x0400e370                OSTaskCreateHook
                0x0400e390                OSTaskDelHook
                0x0400e3b0                OSTaskSwHook
                0x0400e3cc                OSTaskStatHook
                0x0400e3e8                OSTimeTickHook
                0x0400e404                OSInitHookBegin
                0x0400e420                OSInitHookEnd
                0x0400e43c                OSTaskIdleHook
                0x0400e458                OSTCBInitHook
 .text          0x0400e478      0x238 ../Test_bsp/\libucosii_bsp.a(altera_avalon_spi.o)
                0x0400e478                alt_avalon_spi_command
 .text          0x0400e6b0        0x0 ../Test_bsp/\libucosii_bsp.a(alt_exception_entry.o)
 .text          0x0400e6b0       0x94 ../Test_bsp/\libucosii_bsp.a(alt_find_dev.o)
                0x0400e6b0                alt_find_dev
 .text          0x0400e744      0x120 ../Test_bsp/\libucosii_bsp.a(alt_find_file.o)
                0x0400e744                alt_find_file
 .text          0x0400e864       0xf4 ../Test_bsp/\libucosii_bsp.a(alt_get_fd.o)
                0x0400e864                alt_get_fd
 .text          0x0400e958       0x14 c:/altera/11.0sp1/nios2eds/bin/gnu/h-i686-mingw32/bin/../lib/gcc/nios2-elf/4.1.2/../../../../nios2-elf/lib\libc.a(lib_a-atexit.o)
                0x0400e958                atexit
 .text          0x0400e96c       0x38 c:/altera/11.0sp1/nios2eds/bin/gnu/h-i686-mingw32/bin/../lib/gcc/nios2-elf/4.1.2/../../../../nios2-elf/lib\libc.a(lib_a-exit.o)
                0x0400e96c                exit
 .text          0x0400e9a4       0x74 c:/altera/11.0sp1/nios2eds/bin/gnu/h-i686-mingw32/bin/../lib/gcc/nios2-elf/4.1.2/../../../../nios2-elf/lib\libc.a(lib_a-memcmp.o)
                0x0400e9a4                memcmp
 .text          0x0400ea18       0xa0 c:/altera/11.0sp1/nios2eds/bin/gnu/h-i686-mingw32/bin/../lib/gcc/nios2-elf/4.1.2/../../../../nios2-elf/lib\libc.a(lib_a-memcpy.o)
                0x0400ea18                memcpy
 .text          0x0400eab8       0xd4 c:/altera/11.0sp1/nios2eds/bin/gnu/h-i686-mingw32/bin/../lib/gcc/nios2-elf/4.1.2/../../../../nios2-elf/lib\libc.a(lib_a-sprintf.o)
                0x0400eab8                sprintf
                0x0400eb2c                _sprintf_r
 .text          0x0400eb8c       0x74 c:/altera/11.0sp1/nios2eds/bin/gnu/h-i686-mingw32/bin/../lib/gcc/nios2-elf/4.1.2/../../../../nios2-elf/lib\libc.a(lib_a-strlen.o)
                0x0400eb8c                strlen
 .text          0x0400ec00     0x1f28 c:/altera/11.0sp1/nios2eds/bin/gnu/h-i686-mingw32/bin/../lib/gcc/nios2-elf/4.1.2/../../../../nios2-elf/lib\libc.a(lib_a-vfprintf.o)
                0x0400ec58                ___vfprintf_internal_r
                0x04010b04                __vfprintf_internal
 .text          0x04010b28      0x134 c:/altera/11.0sp1/nios2eds/bin/gnu/h-i686-mingw32/bin/../lib/gcc/nios2-elf/4.1.2/../../../../nios2-elf/lib\libc.a(lib_a-__atexit.o)
                0x04010b28                __register_exitproc
 .text          0x04010c5c      0x1b4 c:/altera/11.0sp1/nios2eds/bin/gnu/h-i686-mingw32/bin/../lib/gcc/nios2-elf/4.1.2/../../../../nios2-elf/lib\libc.a(lib_a-__call_atexit.o)
                0x04010c60                __call_exitprocs
 .text          0x04010e10     0x17cc c:/altera/11.0sp1/nios2eds/bin/gnu/h-i686-mingw32/bin/../lib/gcc/nios2-elf/4.1.2/../../../../nios2-elf/lib\libc.a(lib_a-dtoa.o)
                0x04011028                _dtoa_r
 .text          0x040125dc      0x49c c:/altera/11.0sp1/nios2eds/bin/gnu/h-i686-mingw32/bin/../lib/gcc/nios2-elf/4.1.2/../../../../nios2-elf/lib\libc.a(lib_a-fvwrite.o)
                0x040125dc                __sfvwrite_r
 .text          0x04012a78       0xc4 c:/altera/11.0sp1/nios2eds/bin/gnu/h-i686-mingw32/bin/../lib/gcc/nios2-elf/4.1.2/../../../../nios2-elf/lib\libc.a(lib_a-locale.o)
                0x04012a78                __locale_charset
                0x04012a80                _localeconv_r
                0x04012a8c                localeconv
                0x04012a9c                _setlocale_r
                0x04012b20                setlocale
 .text          0x04012b3c       0xe4 c:/altera/11.0sp1/nios2eds/bin/gnu/h-i686-mingw32/bin/../lib/gcc/nios2-elf/4.1.2/../../../../nios2-elf/lib\libc.a(lib_a-memchr.o)
                0x04012b3c                memchr
 .text          0x04012c20       0xe0 c:/altera/11.0sp1/nios2eds/bin/gnu/h-i686-mingw32/bin/../lib/gcc/nios2-elf/4.1.2/../../../../nios2-elf/lib\libc.a(lib_a-memmove.o)
                0x04012c20                memmove
 .text          0x04012d00      0xff4 c:/altera/11.0sp1/nios2eds/bin/gnu/h-i686-mingw32/bin/../lib/gcc/nios2-elf/4.1.2/../../../../nios2-elf/lib\libc.a(lib_a-mprec.o)
                0x04012d00                _Bfree
                0x04012d28                __hi0bits
                0x04012d98                __lo0bits
                0x04012e5c                __mcmp
                0x04012ebc                __ulp
                0x04012f3c                __b2d
                0x0401305c                __ratio
                0x0401310c                _mprec_log10
                0x040131a0                __copybits
                0x040131f8                __any_on
                0x04013280                _Balloc
                0x0401333c                __d2b
                0x040134b8                __mdiff
                0x04013644                __lshift
                0x04013790                __multiply
                0x04013978                __i2b
                0x040139b4                __multadd
                0x04013ab4                __pow5mult
                0x04013bd4                __s2b
 .text          0x04013cf4      0x5f4 c:/altera/11.0sp1/nios2eds/bin/gnu/h-i686-mingw32/bin/../lib/gcc/nios2-elf/4.1.2/../../../../nios2-elf/lib\libc.a(lib_a-reallocr.o)
                0x04013cf4                _realloc_r
 .text          0x040142e8       0x40 c:/altera/11.0sp1/nios2eds/bin/gnu/h-i686-mingw32/bin/../lib/gcc/nios2-elf/4.1.2/../../../../nios2-elf/lib\libc.a(lib_a-s_isinfd.o)
                0x040142e8                __isinfd
 .text          0x04014328       0x30 c:/altera/11.0sp1/nios2eds/bin/gnu/h-i686-mingw32/bin/../lib/gcc/nios2-elf/4.1.2/../../../../nios2-elf/lib\libc.a(lib_a-s_isnand.o)
                0x04014328                __isnand
 .text          0x04014358       0xbc c:/altera/11.0sp1/nios2eds/bin/gnu/h-i686-mingw32/bin/../lib/gcc/nios2-elf/4.1.2/../../../../nios2-elf/lib\libc.a(lib_a-strcmp.o)
                0x04014358                strcmp
 .text          0x04014414       0xb4 c:/altera/11.0sp1/nios2eds/bin/gnu/h-i686-mingw32/bin/../lib/gcc/nios2-elf/4.1.2/../../../../nios2-elf/lib\libc.a(lib_a-callocr.o)
                0x04014414                _calloc_r
 .text          0x040144c8      0x5dc c:/altera/11.0sp1/nios2eds/bin/gnu/h-i686-mingw32/bin/../lib/gcc/nios2-elf/4.1.2\libgcc.a(_udivdi3.o)
                0x040144c8                __udivdi3
 .text          0x04014aa4      0x5b0 c:/altera/11.0sp1/nios2eds/bin/gnu/h-i686-mingw32/bin/../lib/gcc/nios2-elf/4.1.2\libgcc.a(_umoddi3.o)
                0x04014aa4                __umoddi3
 .text          0x04015054      0x504 c:/altera/11.0sp1/nios2eds/bin/gnu/h-i686-mingw32/bin/../lib/gcc/nios2-elf/4.1.2\libgcc.a(_addsub_df.o)
                0x04015464                __subdf3
                0x040154e4                __adddf3
 .text          0x04015558      0x3c4 c:/altera/11.0sp1/nios2eds/bin/gnu/h-i686-mingw32/bin/../lib/gcc/nios2-elf/4.1.2\libgcc.a(_mul_df.o)
                0x04015558                __muldf3
 .text          0x0401591c      0x258 c:/altera/11.0sp1/nios2eds/bin/gnu/h-i686-mingw32/bin/../lib/gcc/nios2-elf/4.1.2\libgcc.a(_div_df.o)
                0x0401591c                __divdf3
 .text          0x04015b74       0x88 c:/altera/11.0sp1/nios2eds/bin/gnu/h-i686-mingw32/bin/../lib/gcc/nios2-elf/4.1.2\libgcc.a(_eq_df.o)
                0x04015b74                __eqdf2
 .text          0x04015bfc       0x88 c:/altera/11.0sp1/nios2eds/bin/gnu/h-i686-mingw32/bin/../lib/gcc/nios2-elf/4.1.2\libgcc.a(_ne_df.o)
                0x04015bfc                __nedf2
 .text          0x04015c84       0x88 c:/altera/11.0sp1/nios2eds/bin/gnu/h-i686-mingw32/bin/../lib/gcc/nios2-elf/4.1.2\libgcc.a(_gt_df.o)
                0x04015c84                __gtdf2
 .text          0x04015d0c       0x88 c:/altera/11.0sp1/nios2eds/bin/gnu/h-i686-mingw32/bin/../lib/gcc/nios2-elf/4.1.2\libgcc.a(_ge_df.o)
                0x04015d0c                __gedf2
 .text          0x04015d94       0x88 c:/altera/11.0sp1/nios2eds/bin/gnu/h-i686-mingw32/bin/../lib/gcc/nios2-elf/4.1.2\libgcc.a(_lt_df.o)
                0x04015d94                __ltdf2
 .text          0x04015e1c       0xf8 c:/altera/11.0sp1/nios2eds/bin/gnu/h-i686-mingw32/bin/../lib/gcc/nios2-elf/4.1.2\libgcc.a(_si_to_df.o)
                0x04015e1c                __floatsidf
 .text          0x04015f14       0xd8 c:/altera/11.0sp1/nios2eds/bin/gnu/h-i686-mingw32/bin/../lib/gcc/nios2-elf/4.1.2\libgcc.a(_df_to_si.o)
                0x04015f14                __fixdfsi
 .text          0x04015fec        0x0 c:/altera/11.0sp1/nios2eds/bin/gnu/h-i686-mingw32/bin/../lib/gcc/nios2-elf/4.1.2\libgcc.a(_thenan_df.o)
 .text          0x04015fec      0x194 c:/altera/11.0sp1/nios2eds/bin/gnu/h-i686-mingw32/bin/../lib/gcc/nios2-elf/4.1.2\libgcc.a(_usi_to_df.o)
                0x04015fec                __floatunsidf
 .text          0x04016180      0x14c c:/altera/11.0sp1/nios2eds/bin/gnu/h-i686-mingw32/bin/../lib/gcc/nios2-elf/4.1.2\libgcc.a(lib2-divmod.o)
                0x040161fc                __divsi3
                0x0401625c                __modsi3
                0x040162bc                __udivsi3
                0x040162c4                __umodsi3
 .text          0x040162cc       0x98 c:/altera/11.0sp1/nios2eds/bin/gnu/h-i686-mingw32/bin/../lib/gcc/nios2-elf/4.1.2\libgcc.a(_muldi3.o)
                0x040162cc                __muldi3
 .text          0x04016364        0x0 c:/altera/11.0sp1/nios2eds/bin/gnu/h-i686-mingw32/bin/../lib/gcc/nios2-elf/4.1.2\libgcc.a(_clz.o)
 .text          0x04016364       0x80 c:/altera/11.0sp1/nios2eds/bin/gnu/h-i686-mingw32/bin/../lib/gcc/nios2-elf/4.1.2\libgcc.a(_clzsi2.o)
                0x04016364                __clzsi2
 .text          0x040163e4      0x314 c:/altera/11.0sp1/nios2eds/bin/gnu/h-i686-mingw32/bin/../lib/gcc/nios2-elf/4.1.2\libgcc.a(_pack_df.o)
                0x040163e4                __pack_d
 .text          0x040166f8      0x138 c:/altera/11.0sp1/nios2eds/bin/gnu/h-i686-mingw32/bin/../lib/gcc/nios2-elf/4.1.2\libgcc.a(_unpack_df.o)
                0x040166f8                __unpack_d
 .text          0x04016830       0xc8 c:/altera/11.0sp1/nios2eds/bin/gnu/h-i686-mingw32/bin/../lib/gcc/nios2-elf/4.1.2\libgcc.a(_fpcmp_parts_df.o)
                0x04016830                __fpcmp_parts_d
 .text          0x040168f8       0x6c ../Test_bsp/\libucosii_bsp.a(alt_exit.o)
                0x04016938                _exit
 *(.gnu.warning.*)
 *(.fini)
                0x04016964                PROVIDE (__etext, ABSOLUTE (.))
                0x04016964                PROVIDE (_etext, ABSOLUTE (.))
                0x04016964                PROVIDE (etext, ABSOLUTE (.))
 *(.eh_frame_hdr)
                0x04016964                . = ALIGN (0x4)
                0x04016964                PROVIDE (__preinit_array_start, ABSOLUTE (.))
 *(.preinit_array)
                0x04016964                PROVIDE (__preinit_array_end, ABSOLUTE (.))
                0x04016964                PROVIDE (__init_array_start, ABSOLUTE (.))
 *(.init_array)
                0x04016964                PROVIDE (__init_array_end, ABSOLUTE (.))
                0x04016964                PROVIDE (__fini_array_start, ABSOLUTE (.))
 *(.fini_array)
                0x04016964                PROVIDE (__fini_array_end, ABSOLUTE (.))
 *(.eh_frame)
 .eh_frame      0x04016964       0x40 c:/altera/11.0sp1/nios2eds/bin/gnu/h-i686-mingw32/bin/../lib/gcc/nios2-elf/4.1.2\libgcc.a(_udivdi3.o)
 .eh_frame      0x040169a4       0x2c c:/altera/11.0sp1/nios2eds/bin/gnu/h-i686-mingw32/bin/../lib/gcc/nios2-elf/4.1.2\libgcc.a(_umoddi3.o)
                                 0x40 (size before relaxing)
 *(.gcc_except_table)
 *(.dynamic)
                0x040169d0                PROVIDE (__CTOR_LIST__, ABSOLUTE (.))
 *(.ctors)
 *(SORT(.ctors.*))
 .ctors.65535   0x040169d0        0x4 c:/altera/11.0sp1/nios2eds/bin/gnu/h-i686-mingw32/bin/../lib/gcc/nios2-elf/4.1.2/../../../../nios2-elf/lib\libc.a(lib_a-__call_atexit.o)
                0x040169d4                PROVIDE (__CTOR_END__, ABSOLUTE (.))
                0x040169d4                PROVIDE (__DTOR_LIST__, ABSOLUTE (.))
 *(.dtors)
 *(SORT(.dtors.*))
                0x040169d4                PROVIDE (__DTOR_END__, ABSOLUTE (.))
 *(.jcr)
                0x040169d4                . = ALIGN (0x4)

.rodata         0x040169d4      0x4b0
                0x040169d4                PROVIDE (__ram_rodata_start, ABSOLUTE (.))
                0x040169d4                . = ALIGN (0x4)
 *(.rodata .rodata.* .gnu.linkonce.r.*)
 .rodata.str1.4
                0x040169d4        0x2 c:/altera/11.0sp1/nios2eds/bin/gnu/h-i686-mingw32/bin/../lib/gcc/nios2-elf/4.1.2/../../../../nios2-elf/lib\libc.a(lib_a-impure.o)
                                  0x4 (size before relaxing)
 *fill*         0x040169d6        0x2 00
 .rodata        0x040169d8        0xc ../Test_bsp/\libucosii_bsp.a(alt_dev.o)
 .rodata        0x040169e4       0x10 ../Test_bsp/\libucosii_bsp.a(alt_main.o)
 .rodata        0x040169f4      0x168 ../Test_bsp/\libucosii_bsp.a(os_core.o)
                0x040169f4                OSUnMapTbl
 .rodata        0x04016b5c       0x1c ../Test_bsp/\libucosii_bsp.a(alt_sys_init.o)
 .rodata        0x04016b78        0x4 ../Test_bsp/\libucosii_bsp.a(os_cpu_c.o)
 .rodata.str1.4
                0x04016b7c       0x5e c:/altera/11.0sp1/nios2eds/bin/gnu/h-i686-mingw32/bin/../lib/gcc/nios2-elf/4.1.2/../../../../nios2-elf/lib\libc.a(lib_a-vfprintf.o)
                                 0x60 (size before relaxing)
 .rodata        0x04016bda       0x20 c:/altera/11.0sp1/nios2eds/bin/gnu/h-i686-mingw32/bin/../lib/gcc/nios2-elf/4.1.2/../../../../nios2-elf/lib\libc.a(lib_a-vfprintf.o)
 *fill*         0x04016bfa        0x2 00
 .rodata.str1.4
                0x04016bfc       0x10 c:/altera/11.0sp1/nios2eds/bin/gnu/h-i686-mingw32/bin/../lib/gcc/nios2-elf/4.1.2/../../../../nios2-elf/lib\libc.a(lib_a-dtoa.o)
                                 0x14 (size before relaxing)
 .rodata.str1.4
                0x04016c0c       0x10 c:/altera/11.0sp1/nios2eds/bin/gnu/h-i686-mingw32/bin/../lib/gcc/nios2-elf/4.1.2/../../../../nios2-elf/lib\libc.a(lib_a-locale.o)
                                 0x18 (size before relaxing)
 .rodata        0x04016c1c       0x30 c:/altera/11.0sp1/nios2eds/bin/gnu/h-i686-mingw32/bin/../lib/gcc/nios2-elf/4.1.2/../../../../nios2-elf/lib\libc.a(lib_a-locale.o)
 .rodata        0x04016c4c      0x124 c:/altera/11.0sp1/nios2eds/bin/gnu/h-i686-mingw32/bin/../lib/gcc/nios2-elf/4.1.2/../../../../nios2-elf/lib\libc.a(lib_a-mprec.o)
                0x04016c4c                __mprec_tens
                0x04016d14                __mprec_bigtens
                0x04016d3c                __mprec_tinytens
 .rodata        0x04016d70       0x14 c:/altera/11.0sp1/nios2eds/bin/gnu/h-i686-mingw32/bin/../lib/gcc/nios2-elf/4.1.2\libgcc.a(_thenan_df.o)
                0x04016d70                __thenan_df
 .rodata        0x04016d84      0x100 c:/altera/11.0sp1/nios2eds/bin/gnu/h-i686-mingw32/bin/../lib/gcc/nios2-elf/4.1.2\libgcc.a(_clz.o)
                0x04016d84                __clz_tab
 *(.rodata1)
                0x04016e84                . = ALIGN (0x4)
                0x04016e84                PROVIDE (__ram_rodata_end, ABSOLUTE (.))
                0x040169d4                PROVIDE (__flash_rodata_start, LOADADDR (.rodata))

.rwdata         0x04016e84     0x1bb0
                0x04016e84                PROVIDE (__ram_rwdata_start, ABSOLUTE (.))
                0x04016e84                . = ALIGN (0x4)
 *(.got.plt)
 *(.got)
 *(.data1)
 *(.data .data.* .gnu.linkonce.d.*)
 .data          0x04016e84        0x0 ../Test_bsp//obj/HAL/src/crt0.o
 .data          0x04016e84        0x0 obj/hello_ucosii.o
 .data          0x04016e84        0x0 c:/altera/11.0sp1/nios2eds/bin/gnu/h-i686-mingw32/bin/../lib/gcc/nios2-elf/4.1.2/../../../../nios2-elf/lib\libc.a(lib_a-putchar.o)
 .data          0x04016e84      0x400 c:/altera/11.0sp1/nios2eds/bin/gnu/h-i686-mingw32/bin/../lib/gcc/nios2-elf/4.1.2/../../../../nios2-elf/lib\libc.a(lib_a-impure.o)
 .data          0x04017284        0x0 c:/altera/11.0sp1/nios2eds/bin/gnu/h-i686-mingw32/bin/../lib/gcc/nios2-elf/4.1.2/../../../../nios2-elf/lib\libc.a(lib_a-putc.o)
 .data          0x04017284        0x0 c:/altera/11.0sp1/nios2eds/bin/gnu/h-i686-mingw32/bin/../lib/gcc/nios2-elf/4.1.2/../../../../nios2-elf/lib\libc.a(lib_a-wbuf.o)
 .data          0x04017284        0x0 c:/altera/11.0sp1/nios2eds/bin/gnu/h-i686-mingw32/bin/../lib/gcc/nios2-elf/4.1.2/../../../../nios2-elf/lib\libc.a(lib_a-wsetup.o)
 .data          0x04017284        0x0 c:/altera/11.0sp1/nios2eds/bin/gnu/h-i686-mingw32/bin/../lib/gcc/nios2-elf/4.1.2/../../../../nios2-elf/lib\libc.a(lib_a-fflush.o)
 .data          0x04017284        0x0 c:/altera/11.0sp1/nios2eds/bin/gnu/h-i686-mingw32/bin/../lib/gcc/nios2-elf/4.1.2/../../../../nios2-elf/lib\libc.a(lib_a-findfp.o)
 .data          0x04017284        0x0 c:/altera/11.0sp1/nios2eds/bin/gnu/h-i686-mingw32/bin/../lib/gcc/nios2-elf/4.1.2/../../../../nios2-elf/lib\libc.a(lib_a-freer.o)
 .data          0x04017284        0x0 c:/altera/11.0sp1/nios2eds/bin/gnu/h-i686-mingw32/bin/../lib/gcc/nios2-elf/4.1.2/../../../../nios2-elf/lib\libc.a(lib_a-fwalk.o)
 .data          0x04017284        0x0 c:/altera/11.0sp1/nios2eds/bin/gnu/h-i686-mingw32/bin/../lib/gcc/nios2-elf/4.1.2/../../../../nios2-elf/lib\libc.a(lib_a-makebuf.o)
 .data          0x04017284      0x408 c:/altera/11.0sp1/nios2eds/bin/gnu/h-i686-mingw32/bin/../lib/gcc/nios2-elf/4.1.2/../../../../nios2-elf/lib\libc.a(lib_a-mallocr.o)
                0x04017284                __malloc_av_
 .data          0x0401768c        0x0 c:/altera/11.0sp1/nios2eds/bin/gnu/h-i686-mingw32/bin/../lib/gcc/nios2-elf/4.1.2/../../../../nios2-elf/lib\libc.a(lib_a-memset.o)
 .data          0x0401768c        0x0 c:/altera/11.0sp1/nios2eds/bin/gnu/h-i686-mingw32/bin/../lib/gcc/nios2-elf/4.1.2/../../../../nios2-elf/lib\libc.a(lib_a-sbrkr.o)
 .data          0x0401768c        0x0 c:/altera/11.0sp1/nios2eds/bin/gnu/h-i686-mingw32/bin/../lib/gcc/nios2-elf/4.1.2/../../../../nios2-elf/lib\libc.a(lib_a-stdio.o)
 .data          0x0401768c        0x0 c:/altera/11.0sp1/nios2eds/bin/gnu/h-i686-mingw32/bin/../lib/gcc/nios2-elf/4.1.2/../../../../nios2-elf/lib\libc.a(lib_a-writer.o)
 .data          0x0401768c        0x0 c:/altera/11.0sp1/nios2eds/bin/gnu/h-i686-mingw32/bin/../lib/gcc/nios2-elf/4.1.2/../../../../nios2-elf/lib\libc.a(lib_a-closer.o)
 .data          0x0401768c        0x0 c:/altera/11.0sp1/nios2eds/bin/gnu/h-i686-mingw32/bin/../lib/gcc/nios2-elf/4.1.2/../../../../nios2-elf/lib\libc.a(lib_a-fclose.o)
 .data          0x0401768c        0x0 c:/altera/11.0sp1/nios2eds/bin/gnu/h-i686-mingw32/bin/../lib/gcc/nios2-elf/4.1.2/../../../../nios2-elf/lib\libc.a(lib_a-fstatr.o)
 .data          0x0401768c        0x0 c:/altera/11.0sp1/nios2eds/bin/gnu/h-i686-mingw32/bin/../lib/gcc/nios2-elf/4.1.2/../../../../nios2-elf/lib\libc.a(lib_a-int_errno.o)
 .data          0x0401768c        0x0 c:/altera/11.0sp1/nios2eds/bin/gnu/h-i686-mingw32/bin/../lib/gcc/nios2-elf/4.1.2/../../../../nios2-elf/lib\libc.a(lib_a-isattyr.o)
 .data          0x0401768c        0x0 c:/altera/11.0sp1/nios2eds/bin/gnu/h-i686-mingw32/bin/../lib/gcc/nios2-elf/4.1.2/../../../../nios2-elf/lib\libc.a(lib_a-lseekr.o)
 .data          0x0401768c        0x0 c:/altera/11.0sp1/nios2eds/bin/gnu/h-i686-mingw32/bin/../lib/gcc/nios2-elf/4.1.2/../../../../nios2-elf/lib\libc.a(lib_a-readr.o)
 .data          0x0401768c        0x0 ../Test_bsp/\libucosii_bsp.a(alt_close.o)
 .data          0x0401768c      0x1a8 ../Test_bsp/\libucosii_bsp.a(alt_dev.o)
                0x0401768c                alt_dev_null
                0x040176b4                alt_fd_list
 .data          0x04017834        0x0 ../Test_bsp/\libucosii_bsp.a(alt_errno.o)
 .data          0x04017834        0x0 ../Test_bsp/\libucosii_bsp.a(alt_fstat.o)
 .data          0x04017834        0x0 ../Test_bsp/\libucosii_bsp.a(alt_isatty.o)
 .data          0x04017834        0x0 ../Test_bsp/\libucosii_bsp.a(alt_lseek.o)
 .data          0x04017834        0x0 ../Test_bsp/\libucosii_bsp.a(alt_main.o)
 .data          0x04017834        0x0 ../Test_bsp/\libucosii_bsp.a(alt_read.o)
 .data          0x04017834        0x0 ../Test_bsp/\libucosii_bsp.a(alt_release_fd.o)
 .data          0x04017834        0x0 ../Test_bsp/\libucosii_bsp.a(alt_sbrk.o)
 .data          0x04017834        0x0 ../Test_bsp/\libucosii_bsp.a(alt_write.o)
 .data          0x04017834        0x0 ../Test_bsp/\libucosii_bsp.a(alt_env_lock.o)
 .data          0x04017834        0x0 ../Test_bsp/\libucosii_bsp.a(alt_malloc_lock.o)
 .data          0x04017834        0x0 ../Test_bsp/\libucosii_bsp.a(os_core.o)
 .data          0x04017834        0x0 ../Test_bsp/\libucosii_bsp.a(os_dbg.o)
 .data          0x04017834        0x0 ../Test_bsp/\libucosii_bsp.a(os_flag.o)
 .data          0x04017834        0x0 ../Test_bsp/\libucosii_bsp.a(os_mem.o)
 .data          0x04017834        0x0 ../Test_bsp/\libucosii_bsp.a(os_q.o)
 .data          0x04017834        0x0 ../Test_bsp/\libucosii_bsp.a(os_sem.o)
 .data          0x04017834        0x0 ../Test_bsp/\libucosii_bsp.a(os_task.o)
 .data          0x04017834        0x0 ../Test_bsp/\libucosii_bsp.a(os_time.o)
 .data          0x04017834     0x1130 ../Test_bsp/\libucosii_bsp.a(alt_sys_init.o)
 .data          0x04018964        0x0 ../Test_bsp/\libucosii_bsp.a(altera_avalon_epcs_flash_controller.o)
 .data          0x04018964        0x0 ../Test_bsp/\libucosii_bsp.a(altera_avalon_jtag_uart_fd.o)
 .data          0x04018964        0x0 ../Test_bsp/\libucosii_bsp.a(altera_avalon_jtag_uart_init.o)
 .data          0x04018964        0x0 ../Test_bsp/\libucosii_bsp.a(altera_avalon_jtag_uart_ioctl.o)
 .data          0x04018964        0x0 ../Test_bsp/\libucosii_bsp.a(altera_avalon_jtag_uart_read.o)
 .data          0x04018964        0x0 ../Test_bsp/\libucosii_bsp.a(altera_avalon_jtag_uart_write.o)
 .data          0x04018964        0x0 ../Test_bsp/\libucosii_bsp.a(altera_avalon_timer_sc.o)
 .data          0x04018964        0x0 ../Test_bsp/\libucosii_bsp.a(epcs_commands.o)
 .data          0x04018964        0x0 ../Test_bsp/\libucosii_bsp.a(alt_alarm_start.o)
 .data          0x04018964        0x0 ../Test_bsp/\libucosii_bsp.a(alt_dev_llist_insert.o)
 .data          0x04018964        0x0 ../Test_bsp/\libucosii_bsp.a(alt_do_ctors.o)
 .data          0x04018964        0x0 ../Test_bsp/\libucosii_bsp.a(alt_do_dtors.o)
 .data          0x04018964        0x0 ../Test_bsp/\libucosii_bsp.a(alt_flash_dev.o)
 .data          0x04018964        0x0 ../Test_bsp/\libucosii_bsp.a(alt_iic.o)
 .data          0x04018964        0x0 ../Test_bsp/\libucosii_bsp.a(alt_iic_isr_register.o)
 .data          0x04018964        0x0 ../Test_bsp/\libucosii_bsp.a(alt_io_redirect.o)
 .data          0x04018964        0x0 ../Test_bsp/\libucosii_bsp.a(alt_irq_entry.o)
 .data          0x04018964        0x0 ../Test_bsp/\libucosii_bsp.a(alt_irq_handler.o)
 .data          0x04018964        0x0 ../Test_bsp/\libucosii_bsp.a(alt_irq_vars.o)
 .data          0x04018964        0x0 ../Test_bsp/\libucosii_bsp.a(alt_open.o)
 .data          0x04018964        0x0 ../Test_bsp/\libucosii_bsp.a(alt_tick.o)
 .data          0x04018964        0x0 ../Test_bsp/\libucosii_bsp.a(altera_nios2_irq.o)
 .data          0x04018964        0x0 ../Test_bsp/\libucosii_bsp.a(os_cpu_a.o)
 .data          0x04018964        0x0 ../Test_bsp/\libucosii_bsp.a(os_cpu_c.o)
 .data          0x04018964        0x0 ../Test_bsp/\libucosii_bsp.a(altera_avalon_spi.o)
 .data          0x04018964        0x0 ../Test_bsp/\libucosii_bsp.a(alt_exception_entry.o)
 .data          0x04018964        0x0 ../Test_bsp/\libucosii_bsp.a(alt_find_dev.o)
 .data          0x04018964        0x0 ../Test_bsp/\libucosii_bsp.a(alt_find_file.o)
 .data          0x04018964        0x0 ../Test_bsp/\libucosii_bsp.a(alt_get_fd.o)
 .data          0x04018964        0x0 c:/altera/11.0sp1/nios2eds/bin/gnu/h-i686-mingw32/bin/../lib/gcc/nios2-elf/4.1.2/../../../../nios2-elf/lib\libc.a(lib_a-atexit.o)
 .data          0x04018964        0x0 c:/altera/11.0sp1/nios2eds/bin/gnu/h-i686-mingw32/bin/../lib/gcc/nios2-elf/4.1.2/../../../../nios2-elf/lib\libc.a(lib_a-exit.o)
 .data          0x04018964        0x0 c:/altera/11.0sp1/nios2eds/bin/gnu/h-i686-mingw32/bin/../lib/gcc/nios2-elf/4.1.2/../../../../nios2-elf/lib\libc.a(lib_a-memcmp.o)
 .data          0x04018964        0x0 c:/altera/11.0sp1/nios2eds/bin/gnu/h-i686-mingw32/bin/../lib/gcc/nios2-elf/4.1.2/../../../../nios2-elf/lib\libc.a(lib_a-memcpy.o)
 .data          0x04018964        0x0 c:/altera/11.0sp1/nios2eds/bin/gnu/h-i686-mingw32/bin/../lib/gcc/nios2-elf/4.1.2/../../../../nios2-elf/lib\libc.a(lib_a-sprintf.o)
 .data          0x04018964        0x0 c:/altera/11.0sp1/nios2eds/bin/gnu/h-i686-mingw32/bin/../lib/gcc/nios2-elf/4.1.2/../../../../nios2-elf/lib\libc.a(lib_a-strlen.o)
 .data          0x04018964        0x0 c:/altera/11.0sp1/nios2eds/bin/gnu/h-i686-mingw32/bin/../lib/gcc/nios2-elf/4.1.2/../../../../nios2-elf/lib\libc.a(lib_a-vfprintf.o)
 .data          0x04018964        0x0 c:/altera/11.0sp1/nios2eds/bin/gnu/h-i686-mingw32/bin/../lib/gcc/nios2-elf/4.1.2/../../../../nios2-elf/lib\libc.a(lib_a-__atexit.o)
 .data          0x04018964        0x0 c:/altera/11.0sp1/nios2eds/bin/gnu/h-i686-mingw32/bin/../lib/gcc/nios2-elf/4.1.2/../../../../nios2-elf/lib\libc.a(lib_a-__call_atexit.o)
 .data          0x04018964        0x0 c:/altera/11.0sp1/nios2eds/bin/gnu/h-i686-mingw32/bin/../lib/gcc/nios2-elf/4.1.2/../../../../nios2-elf/lib\libc.a(lib_a-dtoa.o)
 .data          0x04018964        0x0 c:/altera/11.0sp1/nios2eds/bin/gnu/h-i686-mingw32/bin/../lib/gcc/nios2-elf/4.1.2/../../../../nios2-elf/lib\libc.a(lib_a-fvwrite.o)
 .data          0x04018964        0xc c:/altera/11.0sp1/nios2eds/bin/gnu/h-i686-mingw32/bin/../lib/gcc/nios2-elf/4.1.2/../../../../nios2-elf/lib\libc.a(lib_a-locale.o)
                0x04018964                __lc_ctype
 .data          0x04018970        0x0 c:/altera/11.0sp1/nios2eds/bin/gnu/h-i686-mingw32/bin/../lib/gcc/nios2-elf/4.1.2/../../../../nios2-elf/lib\libc.a(lib_a-memchr.o)
 .data          0x04018970        0x0 c:/altera/11.0sp1/nios2eds/bin/gnu/h-i686-mingw32/bin/../lib/gcc/nios2-elf/4.1.2/../../../../nios2-elf/lib\libc.a(lib_a-memmove.o)
 .data          0x04018970        0x0 c:/altera/11.0sp1/nios2eds/bin/gnu/h-i686-mingw32/bin/../lib/gcc/nios2-elf/4.1.2/../../../../nios2-elf/lib\libc.a(lib_a-mprec.o)
 .data          0x04018970        0x0 c:/altera/11.0sp1/nios2eds/bin/gnu/h-i686-mingw32/bin/../lib/gcc/nios2-elf/4.1.2/../../../../nios2-elf/lib\libc.a(lib_a-reallocr.o)
 .data          0x04018970        0x0 c:/altera/11.0sp1/nios2eds/bin/gnu/h-i686-mingw32/bin/../lib/gcc/nios2-elf/4.1.2/../../../../nios2-elf/lib\libc.a(lib_a-s_isinfd.o)
 .data          0x04018970        0x0 c:/altera/11.0sp1/nios2eds/bin/gnu/h-i686-mingw32/bin/../lib/gcc/nios2-elf/4.1.2/../../../../nios2-elf/lib\libc.a(lib_a-s_isnand.o)
 .data          0x04018970        0x0 c:/altera/11.0sp1/nios2eds/bin/gnu/h-i686-mingw32/bin/../lib/gcc/nios2-elf/4.1.2/../../../../nios2-elf/lib\libc.a(lib_a-strcmp.o)
 .data          0x04018970        0x0 c:/altera/11.0sp1/nios2eds/bin/gnu/h-i686-mingw32/bin/../lib/gcc/nios2-elf/4.1.2/../../../../nios2-elf/lib\libc.a(lib_a-callocr.o)
 .data          0x04018970        0x0 c:/altera/11.0sp1/nios2eds/bin/gnu/h-i686-mingw32/bin/../lib/gcc/nios2-elf/4.1.2\libgcc.a(_udivdi3.o)
 .data          0x04018970        0x0 c:/altera/11.0sp1/nios2eds/bin/gnu/h-i686-mingw32/bin/../lib/gcc/nios2-elf/4.1.2\libgcc.a(_umoddi3.o)
 .data          0x04018970        0x0 c:/altera/11.0sp1/nios2eds/bin/gnu/h-i686-mingw32/bin/../lib/gcc/nios2-elf/4.1.2\libgcc.a(_addsub_df.o)
 .data          0x04018970        0x0 c:/altera/11.0sp1/nios2eds/bin/gnu/h-i686-mingw32/bin/../lib/gcc/nios2-elf/4.1.2\libgcc.a(_mul_df.o)
 .data          0x04018970        0x0 c:/altera/11.0sp1/nios2eds/bin/gnu/h-i686-mingw32/bin/../lib/gcc/nios2-elf/4.1.2\libgcc.a(_div_df.o)
 .data          0x04018970        0x0 c:/altera/11.0sp1/nios2eds/bin/gnu/h-i686-mingw32/bin/../lib/gcc/nios2-elf/4.1.2\libgcc.a(_eq_df.o)
 .data          0x04018970        0x0 c:/altera/11.0sp1/nios2eds/bin/gnu/h-i686-mingw32/bin/../lib/gcc/nios2-elf/4.1.2\libgcc.a(_ne_df.o)
 .data          0x04018970        0x0 c:/altera/11.0sp1/nios2eds/bin/gnu/h-i686-mingw32/bin/../lib/gcc/nios2-elf/4.1.2\libgcc.a(_gt_df.o)
 .data          0x04018970        0x0 c:/altera/11.0sp1/nios2eds/bin/gnu/h-i686-mingw32/bin/../lib/gcc/nios2-elf/4.1.2\libgcc.a(_ge_df.o)
 .data          0x04018970        0x0 c:/altera/11.0sp1/nios2eds/bin/gnu/h-i686-mingw32/bin/../lib/gcc/nios2-elf/4.1.2\libgcc.a(_lt_df.o)
 .data          0x04018970        0x0 c:/altera/11.0sp1/nios2eds/bin/gnu/h-i686-mingw32/bin/../lib/gcc/nios2-elf/4.1.2\libgcc.a(_si_to_df.o)
 .data          0x04018970        0x0 c:/altera/11.0sp1/nios2eds/bin/gnu/h-i686-mingw32/bin/../lib/gcc/nios2-elf/4.1.2\libgcc.a(_df_to_si.o)
 .data          0x04018970        0x0 c:/altera/11.0sp1/nios2eds/bin/gnu/h-i686-mingw32/bin/../lib/gcc/nios2-elf/4.1.2\libgcc.a(_thenan_df.o)
 .data          0x04018970        0x0 c:/altera/11.0sp1/nios2eds/bin/gnu/h-i686-mingw32/bin/../lib/gcc/nios2-elf/4.1.2\libgcc.a(_usi_to_df.o)
 .data          0x04018970        0x0 c:/altera/11.0sp1/nios2eds/bin/gnu/h-i686-mingw32/bin/../lib/gcc/nios2-elf/4.1.2\libgcc.a(lib2-divmod.o)
 .data          0x04018970        0x0 c:/altera/11.0sp1/nios2eds/bin/gnu/h-i686-mingw32/bin/../lib/gcc/nios2-elf/4.1.2\libgcc.a(_muldi3.o)
 .data          0x04018970        0x0 c:/altera/11.0sp1/nios2eds/bin/gnu/h-i686-mingw32/bin/../lib/gcc/nios2-elf/4.1.2\libgcc.a(_clz.o)
 .data          0x04018970        0x0 c:/altera/11.0sp1/nios2eds/bin/gnu/h-i686-mingw32/bin/../lib/gcc/nios2-elf/4.1.2\libgcc.a(_clzsi2.o)
 .data          0x04018970        0x0 c:/altera/11.0sp1/nios2eds/bin/gnu/h-i686-mingw32/bin/../lib/gcc/nios2-elf/4.1.2\libgcc.a(_pack_df.o)
 .data          0x04018970        0x0 c:/altera/11.0sp1/nios2eds/bin/gnu/h-i686-mingw32/bin/../lib/gcc/nios2-elf/4.1.2\libgcc.a(_unpack_df.o)
 .data          0x04018970        0x0 c:/altera/11.0sp1/nios2eds/bin/gnu/h-i686-mingw32/bin/../lib/gcc/nios2-elf/4.1.2\libgcc.a(_fpcmp_parts_df.o)
 .data          0x04018970        0x0 ../Test_bsp/\libucosii_bsp.a(alt_exit.o)
                0x04020970                _gp = ABSOLUTE ((. + 0x8000))
                0x04020970                PROVIDE (gp, _gp)
 *(.rwdata .rwdata.*)
 *(.sdata .sdata.* .gnu.linkonce.s.*)
 .sdata         0x04018970        0x8 c:/altera/11.0sp1/nios2eds/bin/gnu/h-i686-mingw32/bin/../lib/gcc/nios2-elf/4.1.2/../../../../nios2-elf/lib\libc.a(lib_a-impure.o)
                0x04018970                _impure_ptr
                0x04018974                _global_impure_ptr
 .sdata         0x04018978        0x8 c:/altera/11.0sp1/nios2eds/bin/gnu/h-i686-mingw32/bin/../lib/gcc/nios2-elf/4.1.2/../../../../nios2-elf/lib\libc.a(lib_a-mallocr.o)
                0x04018978                __malloc_trim_threshold
                0x0401897c                __malloc_sbrk_base
 .sdata         0x04018980       0x14 ../Test_bsp/\libucosii_bsp.a(alt_dev.o)
                0x04018980                alt_fs_list
                0x04018988                alt_dev_list
                0x04018990                alt_max_fd
 .sdata         0x04018994        0x4 ../Test_bsp/\libucosii_bsp.a(alt_errno.o)
                0x04018994                alt_errno
 .sdata         0x04018998        0x4 ../Test_bsp/\libucosii_bsp.a(alt_sbrk.o)
 .sdata         0x0401899c        0x4 ../Test_bsp/\libucosii_bsp.a(alt_env_lock.o)
 .sdata         0x040189a0        0x4 ../Test_bsp/\libucosii_bsp.a(alt_malloc_lock.o)
 .sdata         0x040189a4       0x74 ../Test_bsp/\libucosii_bsp.a(os_dbg.o)
                0x040189a4                OSDebugEn
                0x040189a8                OSEndiannessTest
                0x040189ac                OSEventEn
                0x040189ae                OSEventMax
                0x040189b0                OSEventNameSize
                0x040189b2                OSEventSize
                0x040189b4                OSEventTblSize
                0x040189b6                OSEventMultiEn
                0x040189b8                OSFlagEn
                0x040189ba                OSFlagGrpSize
                0x040189bc                OSFlagNodeSize
                0x040189be                OSFlagWidth
                0x040189c0                OSFlagMax
                0x040189c2                OSFlagNameSize
                0x040189c4                OSLowestPrio
                0x040189c6                OSMboxEn
                0x040189c8                OSMemEn
                0x040189ca                OSMemMax
                0x040189cc                OSMemNameSize
                0x040189ce                OSMemSize
                0x040189d0                OSMemTblSize
                0x040189d2                OSMutexEn
                0x040189d4                OSPtrSize
                0x040189d6                OSQEn
                0x040189d8                OSQMax
                0x040189da                OSQSize
                0x040189dc                OSRdyTblSize
                0x040189de                OSSemEn
                0x040189e0                OSStkWidth
                0x040189e2                OSTaskCreateEn
                0x040189e4                OSTaskCreateExtEn
                0x040189e6                OSTaskDelEn
                0x040189e8                OSTaskIdleStkSize
                0x040189ea                OSTaskProfileEn
                0x040189ec                OSTaskMax
                0x040189ee                OSTaskNameSize
                0x040189f0                OSTaskStatEn
                0x040189f2                OSTaskStatStkSize
                0x040189f4                OSTaskStatStkChkEn
                0x040189f6                OSTaskSwHookEn
                0x040189f8                OSTCBPrioTblMax
                0x040189fa                OSTCBSize
                0x040189fc                OSTicksPerSec
                0x040189fe                OSTimeTickHookEn
                0x04018a00                OSVersionNbr
                0x04018a02                OSTmrEn
                0x04018a04                OSTmrCfgMax
                0x04018a06                OSTmrCfgNameSize
                0x04018a08                OSTmrCfgWheelSize
                0x04018a0a                OSTmrCfgTicksPerSec
                0x04018a0c                OSTmrSize
                0x04018a0e                OSTmrTblSize
                0x04018a10                OSTmrWheelSize
                0x04018a12                OSTmrWheelTblSize
                0x04018a14                OSDataSize
 .sdata         0x04018a18        0x8 ../Test_bsp/\libucosii_bsp.a(alt_flash_dev.o)
                0x04018a18                alt_flash_dev_list
 .sdata         0x04018a20        0x4 ../Test_bsp/\libucosii_bsp.a(alt_irq_vars.o)
                0x04018a20                alt_priority_mask
 .sdata         0x04018a24        0x8 ../Test_bsp/\libucosii_bsp.a(alt_tick.o)
                0x04018a24                alt_alarm_list
 .sdata         0x04018a2c        0x8 c:/altera/11.0sp1/nios2eds/bin/gnu/h-i686-mingw32/bin/../lib/gcc/nios2-elf/4.1.2/../../../../nios2-elf/lib\libc.a(lib_a-locale.o)
                0x04018a2c                __mb_cur_max
 *(.sdata2 .sdata2.* .gnu.linkonce.s2.*)
                0x04018a34                . = ALIGN (0x4)
                0x04018a34                _edata = ABSOLUTE (.)
                0x04018a34                PROVIDE (edata, ABSOLUTE (.))
                0x04018a34                PROVIDE (__ram_rwdata_end, ABSOLUTE (.))
                0x04016e84                PROVIDE (__flash_rwdata_start, LOADADDR (.rwdata))

.bss            0x04018a34    0x3bc7c
                0x04018a34                __bss_start = ABSOLUTE (.)
                0x04018a34                PROVIDE (__sbss_start, ABSOLUTE (.))
                0x04018a34                PROVIDE (___sbss_start, ABSOLUTE (.))
 *(.dynsbss)
 *(.sbss .sbss.* .gnu.linkonce.sb.*)
 .sbss          0x04018a34        0x8 obj/hello_ucosii.o
                0x04018a34                cpu_sr
                0x04018a38                buffer_idx
 .sbss          0x04018a3c        0xc c:/altera/11.0sp1/nios2eds/bin/gnu/h-i686-mingw32/bin/../lib/gcc/nios2-elf/4.1.2/../../../../nios2-elf/lib\libc.a(lib_a-mallocr.o)
                0x04018a3c                __malloc_top_pad
                0x04018a40                __malloc_max_sbrked_mem
                0x04018a44                __malloc_max_total_mem
 .sbss          0x04018a48        0x4 c:/altera/11.0sp1/nios2eds/bin/gnu/h-i686-mingw32/bin/../lib/gcc/nios2-elf/4.1.2/../../../../nios2-elf/lib\libc.a(lib_a-int_errno.o)
                0x04018a48                errno
 .sbss          0x04018a4c        0x4 ../Test_bsp/\libucosii_bsp.a(alt_dev.o)
                0x04018a4c                alt_fd_list_lock
 .sbss          0x04018a50        0xc ../Test_bsp/\libucosii_bsp.a(alt_main.o)
                0x04018a50                alt_argc
                0x04018a54                alt_argv
                0x04018a58                alt_envp
 .sbss          0x04018a5c        0x8 ../Test_bsp/\libucosii_bsp.a(alt_env_lock.o)
                0x04018a60                alt_envsem
 .sbss          0x04018a64        0x8 ../Test_bsp/\libucosii_bsp.a(alt_malloc_lock.o)
                0x04018a68                alt_heapsem
 .sbss          0x04018a6c       0x50 ../Test_bsp/\libucosii_bsp.a(os_core.o)
                0x04018a6c                OSLockNesting
                0x04018a6d                OSRunning
                0x04018a70                OSIdleCtr
                0x04018a74                OSPrioHighRdy
                0x04018a75                OSPrioCur
                0x04018a78                OSTCBList
                0x04018a7c                OSTickStepState
                0x04018a80                OSCtxSwCtr
                0x04018a84                OSIdleCtrMax
                0x04018a88                OSTCBFreeList
                0x04018a8c                OSCPUUsage
                0x04018a8d                OSTaskCtr
                0x04018a90                OSMemFreeList
                0x04018a94                OSTCBHighRdy
                0x04018a98                OSQFreeList
                0x04018a9c                OSRdyGrp
                0x04018a9d                OSRdyTbl
                0x04018aa0                OSEventFreeList
                0x04018aa4                OSIntNesting
                0x04018aa8                OSTCBCur
                0x04018aac                OSTime
                0x04018ab0                OSFlagFreeList
                0x04018ab4                OSStatRdy
                0x04018ab8                OSIdleCtrRun
 .sbss          0x04018abc        0x4 ../Test_bsp/\libucosii_bsp.a(alt_irq_vars.o)
                0x04018abc                alt_irq_active
 .sbss          0x04018ac0        0x8 ../Test_bsp/\libucosii_bsp.a(alt_tick.o)
                0x04018ac0                _alt_tick_rate
                0x04018ac4                _alt_nticks
 .sbss          0x04018ac8        0xc c:/altera/11.0sp1/nios2eds/bin/gnu/h-i686-mingw32/bin/../lib/gcc/nios2-elf/4.1.2/../../../../nios2-elf/lib\libc.a(lib_a-locale.o)
                0x04018ac8                __nlocale_changed
                0x04018acc                __mlocale_changed
                0x04018ad0                _PathLocale
 *(.sbss2 .sbss2.* .gnu.linkonce.sb2.*)
 *(.scommon)
                0x04018ad4                PROVIDE (__sbss_end, ABSOLUTE (.))
                0x04018ad4                PROVIDE (___sbss_end, ABSOLUTE (.))
 *(.dynbss)
 *(.bss .bss.* .gnu.linkonce.b.*)
 .bss           0x04018ad4        0x0 ../Test_bsp//obj/HAL/src/crt0.o
 .bss           0x04018ad4        0x0 obj/hello_ucosii.o
 .bss           0x04018ad4        0x0 c:/altera/11.0sp1/nios2eds/bin/gnu/h-i686-mingw32/bin/../lib/gcc/nios2-elf/4.1.2/../../../../nios2-elf/lib\libc.a(lib_a-putchar.o)
 .bss           0x04018ad4        0x0 c:/altera/11.0sp1/nios2eds/bin/gnu/h-i686-mingw32/bin/../lib/gcc/nios2-elf/4.1.2/../../../../nios2-elf/lib\libc.a(lib_a-impure.o)
 .bss           0x04018ad4        0x0 c:/altera/11.0sp1/nios2eds/bin/gnu/h-i686-mingw32/bin/../lib/gcc/nios2-elf/4.1.2/../../../../nios2-elf/lib\libc.a(lib_a-putc.o)
 .bss           0x04018ad4        0x0 c:/altera/11.0sp1/nios2eds/bin/gnu/h-i686-mingw32/bin/../lib/gcc/nios2-elf/4.1.2/../../../../nios2-elf/lib\libc.a(lib_a-wbuf.o)
 .bss           0x04018ad4        0x0 c:/altera/11.0sp1/nios2eds/bin/gnu/h-i686-mingw32/bin/../lib/gcc/nios2-elf/4.1.2/../../../../nios2-elf/lib\libc.a(lib_a-wsetup.o)
 .bss           0x04018ad4        0x0 c:/altera/11.0sp1/nios2eds/bin/gnu/h-i686-mingw32/bin/../lib/gcc/nios2-elf/4.1.2/../../../../nios2-elf/lib\libc.a(lib_a-fflush.o)
 .bss           0x04018ad4        0x0 c:/altera/11.0sp1/nios2eds/bin/gnu/h-i686-mingw32/bin/../lib/gcc/nios2-elf/4.1.2/../../../../nios2-elf/lib\libc.a(lib_a-findfp.o)
 .bss           0x04018ad4        0x0 c:/altera/11.0sp1/nios2eds/bin/gnu/h-i686-mingw32/bin/../lib/gcc/nios2-elf/4.1.2/../../../../nios2-elf/lib\libc.a(lib_a-freer.o)
 .bss           0x04018ad4        0x0 c:/altera/11.0sp1/nios2eds/bin/gnu/h-i686-mingw32/bin/../lib/gcc/nios2-elf/4.1.2/../../../../nios2-elf/lib\libc.a(lib_a-fwalk.o)
 .bss           0x04018ad4        0x0 c:/altera/11.0sp1/nios2eds/bin/gnu/h-i686-mingw32/bin/../lib/gcc/nios2-elf/4.1.2/../../../../nios2-elf/lib\libc.a(lib_a-makebuf.o)
 .bss           0x04018ad4       0x28 c:/altera/11.0sp1/nios2eds/bin/gnu/h-i686-mingw32/bin/../lib/gcc/nios2-elf/4.1.2/../../../../nios2-elf/lib\libc.a(lib_a-mallocr.o)
                0x04018ad4                __malloc_current_mallinfo
 .bss           0x04018afc        0x0 c:/altera/11.0sp1/nios2eds/bin/gnu/h-i686-mingw32/bin/../lib/gcc/nios2-elf/4.1.2/../../../../nios2-elf/lib\libc.a(lib_a-memset.o)
 .bss           0x04018afc        0x0 c:/altera/11.0sp1/nios2eds/bin/gnu/h-i686-mingw32/bin/../lib/gcc/nios2-elf/4.1.2/../../../../nios2-elf/lib\libc.a(lib_a-sbrkr.o)
 .bss           0x04018afc        0x0 c:/altera/11.0sp1/nios2eds/bin/gnu/h-i686-mingw32/bin/../lib/gcc/nios2-elf/4.1.2/../../../../nios2-elf/lib\libc.a(lib_a-stdio.o)
 .bss           0x04018afc        0x0 c:/altera/11.0sp1/nios2eds/bin/gnu/h-i686-mingw32/bin/../lib/gcc/nios2-elf/4.1.2/../../../../nios2-elf/lib\libc.a(lib_a-writer.o)
 .bss           0x04018afc        0x0 c:/altera/11.0sp1/nios2eds/bin/gnu/h-i686-mingw32/bin/../lib/gcc/nios2-elf/4.1.2/../../../../nios2-elf/lib\libc.a(lib_a-closer.o)
 .bss           0x04018afc        0x0 c:/altera/11.0sp1/nios2eds/bin/gnu/h-i686-mingw32/bin/../lib/gcc/nios2-elf/4.1.2/../../../../nios2-elf/lib\libc.a(lib_a-fclose.o)
 .bss           0x04018afc        0x0 c:/altera/11.0sp1/nios2eds/bin/gnu/h-i686-mingw32/bin/../lib/gcc/nios2-elf/4.1.2/../../../../nios2-elf/lib\libc.a(lib_a-fstatr.o)
 .bss           0x04018afc        0x0 c:/altera/11.0sp1/nios2eds/bin/gnu/h-i686-mingw32/bin/../lib/gcc/nios2-elf/4.1.2/../../../../nios2-elf/lib\libc.a(lib_a-int_errno.o)
 .bss           0x04018afc        0x0 c:/altera/11.0sp1/nios2eds/bin/gnu/h-i686-mingw32/bin/../lib/gcc/nios2-elf/4.1.2/../../../../nios2-elf/lib\libc.a(lib_a-isattyr.o)
 .bss           0x04018afc        0x0 c:/altera/11.0sp1/nios2eds/bin/gnu/h-i686-mingw32/bin/../lib/gcc/nios2-elf/4.1.2/../../../../nios2-elf/lib\libc.a(lib_a-lseekr.o)
 .bss           0x04018afc        0x0 c:/altera/11.0sp1/nios2eds/bin/gnu/h-i686-mingw32/bin/../lib/gcc/nios2-elf/4.1.2/../../../../nios2-elf/lib\libc.a(lib_a-readr.o)
 .bss           0x04018afc        0x0 ../Test_bsp/\libucosii_bsp.a(alt_close.o)
 .bss           0x04018afc        0x0 ../Test_bsp/\libucosii_bsp.a(alt_dev.o)
 .bss           0x04018afc        0x0 ../Test_bsp/\libucosii_bsp.a(alt_errno.o)
 .bss           0x04018afc        0x0 ../Test_bsp/\libucosii_bsp.a(alt_fstat.o)
 .bss           0x04018afc        0x0 ../Test_bsp/\libucosii_bsp.a(alt_isatty.o)
 .bss           0x04018afc        0x0 ../Test_bsp/\libucosii_bsp.a(alt_lseek.o)
 .bss           0x04018afc        0x0 ../Test_bsp/\libucosii_bsp.a(alt_main.o)
 .bss           0x04018afc        0x0 ../Test_bsp/\libucosii_bsp.a(alt_read.o)
 .bss           0x04018afc        0x0 ../Test_bsp/\libucosii_bsp.a(alt_release_fd.o)
 .bss           0x04018afc        0x0 ../Test_bsp/\libucosii_bsp.a(alt_sbrk.o)
 .bss           0x04018afc        0x0 ../Test_bsp/\libucosii_bsp.a(alt_write.o)
 .bss           0x04018afc        0x0 ../Test_bsp/\libucosii_bsp.a(alt_env_lock.o)
 .bss           0x04018afc        0x0 ../Test_bsp/\libucosii_bsp.a(alt_malloc_lock.o)
 .bss           0x04018afc        0x0 ../Test_bsp/\libucosii_bsp.a(os_core.o)
 .bss           0x04018afc        0x0 ../Test_bsp/\libucosii_bsp.a(os_dbg.o)
 .bss           0x04018afc        0x0 ../Test_bsp/\libucosii_bsp.a(os_flag.o)
 .bss           0x04018afc        0x0 ../Test_bsp/\libucosii_bsp.a(os_mem.o)
 .bss           0x04018afc        0x0 ../Test_bsp/\libucosii_bsp.a(os_q.o)
 .bss           0x04018afc        0x0 ../Test_bsp/\libucosii_bsp.a(os_sem.o)
 .bss           0x04018afc        0x0 ../Test_bsp/\libucosii_bsp.a(os_task.o)
 .bss           0x04018afc        0x0 ../Test_bsp/\libucosii_bsp.a(os_time.o)
 .bss           0x04018afc        0x0 ../Test_bsp/\libucosii_bsp.a(alt_sys_init.o)
 .bss           0x04018afc        0x0 ../Test_bsp/\libucosii_bsp.a(altera_avalon_epcs_flash_controller.o)
 .bss           0x04018afc        0x0 ../Test_bsp/\libucosii_bsp.a(altera_avalon_jtag_uart_fd.o)
 .bss           0x04018afc        0x0 ../Test_bsp/\libucosii_bsp.a(altera_avalon_jtag_uart_init.o)
 .bss           0x04018afc        0x0 ../Test_bsp/\libucosii_bsp.a(altera_avalon_jtag_uart_ioctl.o)
 .bss           0x04018afc        0x0 ../Test_bsp/\libucosii_bsp.a(altera_avalon_jtag_uart_read.o)
 .bss           0x04018afc        0x0 ../Test_bsp/\libucosii_bsp.a(altera_avalon_jtag_uart_write.o)
 .bss           0x04018afc        0x0 ../Test_bsp/\libucosii_bsp.a(altera_avalon_timer_sc.o)
 .bss           0x04018afc        0x0 ../Test_bsp/\libucosii_bsp.a(epcs_commands.o)
 .bss           0x04018afc        0x0 ../Test_bsp/\libucosii_bsp.a(alt_alarm_start.o)
 .bss           0x04018afc        0x0 ../Test_bsp/\libucosii_bsp.a(alt_dev_llist_insert.o)
 .bss           0x04018afc        0x0 ../Test_bsp/\libucosii_bsp.a(alt_do_ctors.o)
 .bss           0x04018afc        0x0 ../Test_bsp/\libucosii_bsp.a(alt_do_dtors.o)
 .bss           0x04018afc        0x0 ../Test_bsp/\libucosii_bsp.a(alt_flash_dev.o)
 .bss           0x04018afc        0x0 ../Test_bsp/\libucosii_bsp.a(alt_iic.o)
 .bss           0x04018afc        0x0 ../Test_bsp/\libucosii_bsp.a(alt_iic_isr_register.o)
 .bss           0x04018afc        0x0 ../Test_bsp/\libucosii_bsp.a(alt_io_redirect.o)
 .bss           0x04018afc        0x0 ../Test_bsp/\libucosii_bsp.a(alt_irq_entry.o)
 .bss           0x04018afc        0x0 ../Test_bsp/\libucosii_bsp.a(alt_irq_handler.o)
 .bss           0x04018afc        0x0 ../Test_bsp/\libucosii_bsp.a(alt_irq_vars.o)
 .bss           0x04018afc        0x0 ../Test_bsp/\libucosii_bsp.a(alt_open.o)
 .bss           0x04018afc        0x0 ../Test_bsp/\libucosii_bsp.a(alt_tick.o)
 .bss           0x04018afc        0x0 ../Test_bsp/\libucosii_bsp.a(altera_nios2_irq.o)
 .bss           0x04018afc        0x0 ../Test_bsp/\libucosii_bsp.a(os_cpu_a.o)
 .bss           0x04018afc        0x0 ../Test_bsp/\libucosii_bsp.a(os_cpu_c.o)
 .bss           0x04018afc        0x0 ../Test_bsp/\libucosii_bsp.a(altera_avalon_spi.o)
 .bss           0x04018afc        0x0 ../Test_bsp/\libucosii_bsp.a(alt_exception_entry.o)
 .bss           0x04018afc        0x0 ../Test_bsp/\libucosii_bsp.a(alt_find_dev.o)
 .bss           0x04018afc        0x0 ../Test_bsp/\libucosii_bsp.a(alt_find_file.o)
 .bss           0x04018afc        0x0 ../Test_bsp/\libucosii_bsp.a(alt_get_fd.o)
 .bss           0x04018afc        0x0 c:/altera/11.0sp1/nios2eds/bin/gnu/h-i686-mingw32/bin/../lib/gcc/nios2-elf/4.1.2/../../../../nios2-elf/lib\libc.a(lib_a-atexit.o)
 .bss           0x04018afc        0x0 c:/altera/11.0sp1/nios2eds/bin/gnu/h-i686-mingw32/bin/../lib/gcc/nios2-elf/4.1.2/../../../../nios2-elf/lib\libc.a(lib_a-exit.o)
 .bss           0x04018afc        0x0 c:/altera/11.0sp1/nios2eds/bin/gnu/h-i686-mingw32/bin/../lib/gcc/nios2-elf/4.1.2/../../../../nios2-elf/lib\libc.a(lib_a-memcmp.o)
 .bss           0x04018afc        0x0 c:/altera/11.0sp1/nios2eds/bin/gnu/h-i686-mingw32/bin/../lib/gcc/nios2-elf/4.1.2/../../../../nios2-elf/lib\libc.a(lib_a-memcpy.o)
 .bss           0x04018afc        0x0 c:/altera/11.0sp1/nios2eds/bin/gnu/h-i686-mingw32/bin/../lib/gcc/nios2-elf/4.1.2/../../../../nios2-elf/lib\libc.a(lib_a-sprintf.o)
 .bss           0x04018afc        0x0 c:/altera/11.0sp1/nios2eds/bin/gnu/h-i686-mingw32/bin/../lib/gcc/nios2-elf/4.1.2/../../../../nios2-elf/lib\libc.a(lib_a-strlen.o)
 .bss           0x04018afc        0x0 c:/altera/11.0sp1/nios2eds/bin/gnu/h-i686-mingw32/bin/../lib/gcc/nios2-elf/4.1.2/../../../../nios2-elf/lib\libc.a(lib_a-vfprintf.o)
 .bss           0x04018afc        0x0 c:/altera/11.0sp1/nios2eds/bin/gnu/h-i686-mingw32/bin/../lib/gcc/nios2-elf/4.1.2/../../../../nios2-elf/lib\libc.a(lib_a-__atexit.o)
 .bss           0x04018afc        0x0 c:/altera/11.0sp1/nios2eds/bin/gnu/h-i686-mingw32/bin/../lib/gcc/nios2-elf/4.1.2/../../../../nios2-elf/lib\libc.a(lib_a-__call_atexit.o)
 .bss           0x04018afc        0x0 c:/altera/11.0sp1/nios2eds/bin/gnu/h-i686-mingw32/bin/../lib/gcc/nios2-elf/4.1.2/../../../../nios2-elf/lib\libc.a(lib_a-dtoa.o)
 .bss           0x04018afc        0x0 c:/altera/11.0sp1/nios2eds/bin/gnu/h-i686-mingw32/bin/../lib/gcc/nios2-elf/4.1.2/../../../../nios2-elf/lib\libc.a(lib_a-fvwrite.o)
 .bss           0x04018afc        0x0 c:/altera/11.0sp1/nios2eds/bin/gnu/h-i686-mingw32/bin/../lib/gcc/nios2-elf/4.1.2/../../../../nios2-elf/lib\libc.a(lib_a-locale.o)
 .bss           0x04018afc        0x0 c:/altera/11.0sp1/nios2eds/bin/gnu/h-i686-mingw32/bin/../lib/gcc/nios2-elf/4.1.2/../../../../nios2-elf/lib\libc.a(lib_a-memchr.o)
 .bss           0x04018afc        0x0 c:/altera/11.0sp1/nios2eds/bin/gnu/h-i686-mingw32/bin/../lib/gcc/nios2-elf/4.1.2/../../../../nios2-elf/lib\libc.a(lib_a-memmove.o)
 .bss           0x04018afc        0x0 c:/altera/11.0sp1/nios2eds/bin/gnu/h-i686-mingw32/bin/../lib/gcc/nios2-elf/4.1.2/../../../../nios2-elf/lib\libc.a(lib_a-mprec.o)
 .bss           0x04018afc        0x0 c:/altera/11.0sp1/nios2eds/bin/gnu/h-i686-mingw32/bin/../lib/gcc/nios2-elf/4.1.2/../../../../nios2-elf/lib\libc.a(lib_a-reallocr.o)
 .bss           0x04018afc        0x0 c:/altera/11.0sp1/nios2eds/bin/gnu/h-i686-mingw32/bin/../lib/gcc/nios2-elf/4.1.2/../../../../nios2-elf/lib\libc.a(lib_a-s_isinfd.o)
 .bss           0x04018afc        0x0 c:/altera/11.0sp1/nios2eds/bin/gnu/h-i686-mingw32/bin/../lib/gcc/nios2-elf/4.1.2/../../../../nios2-elf/lib\libc.a(lib_a-s_isnand.o)
 .bss           0x04018afc        0x0 c:/altera/11.0sp1/nios2eds/bin/gnu/h-i686-mingw32/bin/../lib/gcc/nios2-elf/4.1.2/../../../../nios2-elf/lib\libc.a(lib_a-strcmp.o)
 .bss           0x04018afc        0x0 c:/altera/11.0sp1/nios2eds/bin/gnu/h-i686-mingw32/bin/../lib/gcc/nios2-elf/4.1.2/../../../../nios2-elf/lib\libc.a(lib_a-callocr.o)
 .bss           0x04018afc        0x0 c:/altera/11.0sp1/nios2eds/bin/gnu/h-i686-mingw32/bin/../lib/gcc/nios2-elf/4.1.2\libgcc.a(_udivdi3.o)
 .bss           0x04018afc        0x0 c:/altera/11.0sp1/nios2eds/bin/gnu/h-i686-mingw32/bin/../lib/gcc/nios2-elf/4.1.2\libgcc.a(_umoddi3.o)
 .bss           0x04018afc        0x0 c:/altera/11.0sp1/nios2eds/bin/gnu/h-i686-mingw32/bin/../lib/gcc/nios2-elf/4.1.2\libgcc.a(_addsub_df.o)
 .bss           0x04018afc        0x0 c:/altera/11.0sp1/nios2eds/bin/gnu/h-i686-mingw32/bin/../lib/gcc/nios2-elf/4.1.2\libgcc.a(_mul_df.o)
 .bss           0x04018afc        0x0 c:/altera/11.0sp1/nios2eds/bin/gnu/h-i686-mingw32/bin/../lib/gcc/nios2-elf/4.1.2\libgcc.a(_div_df.o)
 .bss           0x04018afc        0x0 c:/altera/11.0sp1/nios2eds/bin/gnu/h-i686-mingw32/bin/../lib/gcc/nios2-elf/4.1.2\libgcc.a(_eq_df.o)
 .bss           0x04018afc        0x0 c:/altera/11.0sp1/nios2eds/bin/gnu/h-i686-mingw32/bin/../lib/gcc/nios2-elf/4.1.2\libgcc.a(_ne_df.o)
 .bss           0x04018afc        0x0 c:/altera/11.0sp1/nios2eds/bin/gnu/h-i686-mingw32/bin/../lib/gcc/nios2-elf/4.1.2\libgcc.a(_gt_df.o)
 .bss           0x04018afc        0x0 c:/altera/11.0sp1/nios2eds/bin/gnu/h-i686-mingw32/bin/../lib/gcc/nios2-elf/4.1.2\libgcc.a(_ge_df.o)
 .bss           0x04018afc        0x0 c:/altera/11.0sp1/nios2eds/bin/gnu/h-i686-mingw32/bin/../lib/gcc/nios2-elf/4.1.2\libgcc.a(_lt_df.o)
 .bss           0x04018afc        0x0 c:/altera/11.0sp1/nios2eds/bin/gnu/h-i686-mingw32/bin/../lib/gcc/nios2-elf/4.1.2\libgcc.a(_si_to_df.o)
 .bss           0x04018afc        0x0 c:/altera/11.0sp1/nios2eds/bin/gnu/h-i686-mingw32/bin/../lib/gcc/nios2-elf/4.1.2\libgcc.a(_df_to_si.o)
 .bss           0x04018afc        0x0 c:/altera/11.0sp1/nios2eds/bin/gnu/h-i686-mingw32/bin/../lib/gcc/nios2-elf/4.1.2\libgcc.a(_thenan_df.o)
 .bss           0x04018afc        0x0 c:/altera/11.0sp1/nios2eds/bin/gnu/h-i686-mingw32/bin/../lib/gcc/nios2-elf/4.1.2\libgcc.a(_usi_to_df.o)
 .bss           0x04018afc        0x0 c:/altera/11.0sp1/nios2eds/bin/gnu/h-i686-mingw32/bin/../lib/gcc/nios2-elf/4.1.2\libgcc.a(lib2-divmod.o)
 .bss           0x04018afc        0x0 c:/altera/11.0sp1/nios2eds/bin/gnu/h-i686-mingw32/bin/../lib/gcc/nios2-elf/4.1.2\libgcc.a(_muldi3.o)
 .bss           0x04018afc        0x0 c:/altera/11.0sp1/nios2eds/bin/gnu/h-i686-mingw32/bin/../lib/gcc/nios2-elf/4.1.2\libgcc.a(_clz.o)
 .bss           0x04018afc        0x0 c:/altera/11.0sp1/nios2eds/bin/gnu/h-i686-mingw32/bin/../lib/gcc/nios2-elf/4.1.2\libgcc.a(_clzsi2.o)
 .bss           0x04018afc        0x0 c:/altera/11.0sp1/nios2eds/bin/gnu/h-i686-mingw32/bin/../lib/gcc/nios2-elf/4.1.2\libgcc.a(_pack_df.o)
 .bss           0x04018afc        0x0 c:/altera/11.0sp1/nios2eds/bin/gnu/h-i686-mingw32/bin/../lib/gcc/nios2-elf/4.1.2\libgcc.a(_unpack_df.o)
 .bss           0x04018afc        0x0 c:/altera/11.0sp1/nios2eds/bin/gnu/h-i686-mingw32/bin/../lib/gcc/nios2-elf/4.1.2\libgcc.a(_fpcmp_parts_df.o)
 .bss           0x04018afc        0x0 ../Test_bsp/\libucosii_bsp.a(alt_exit.o)
 *(COMMON)
 COMMON         0x04018afc    0x386a0 obj/hello_ucosii.o
                0x04018afc                task_stk
                0x04038afc                buffer
 COMMON         0x0405119c     0x3284 ../Test_bsp/\libucosii_bsp.a(os_core.o)
                0x0405119c                OSFlagTbl
                0x0405150c                OSMemTbl
                0x0405213c                OSTaskStatStk
                0x0405293c                OSQTbl
                0x04052b1c                OSTaskIdleStk
                0x0405331c                OSEventTbl
                0x04053e5c                OSTCBTbl
                0x040543cc                OSTCBPrioTbl
 COMMON         0x04054420      0x100 ../Test_bsp/\libucosii_bsp.a(alt_irq_handler.o)
                0x04054420                alt_irq
 COMMON         0x04054520      0x190 c:/altera/11.0sp1/nios2eds/bin/gnu/h-i686-mingw32/bin/../lib/gcc/nios2-elf/4.1.2/../../../../nios2-elf/lib\libc.a(lib_a-atexit.o)
                0x04054520                _atexit0
                0x040546b0                . = ALIGN (0x4)
                0x040546b0                __bss_end = ABSOLUTE (.)

.epcs           0x00000020        0x0
                0x00000020                PROVIDE (_alt_partition_epcs_start, ABSOLUTE (.))
 *(.epcs. epcs.*)
                0x00000020                . = ALIGN (0x4)
                0x00000020                PROVIDE (_alt_partition_epcs_end, ABSOLUTE (.))
                0x00000020                PROVIDE (_alt_partition_epcs_load_addr, LOADADDR (.epcs))

.sdram          0x040546b0        0x0
                0x040546b0                PROVIDE (_alt_partition_sdram_start, ABSOLUTE (.))
 *(.sdram. sdram.*)
                0x040546b0                . = ALIGN (0x4)
                0x040546b0                PROVIDE (_alt_partition_sdram_end, ABSOLUTE (.))
                0x040546b0                _end = ABSOLUTE (.)
                0x040546b0                end = ABSOLUTE (.)
                0x040546b0                __alt_stack_base = ABSOLUTE (.)
                0x040546b0                PROVIDE (_alt_partition_sdram_load_addr, LOADADDR (.sdram))

.stab
 *(.stab)

.stabstr
 *(.stabstr)

.stab.excl
 *(.stab.excl)

.stab.exclstr
 *(.stab.exclstr)

.stab.index
 *(.stab.index)

.stab.indexstr
 *(.stab.indexstr)

.comment        0x00000000       0x26
 *(.comment)
 .comment       0x00000000       0x26 obj/hello_ucosii.o
                                 0x27 (size before relaxing)
 .comment       0x00000000       0x27 c:/altera/11.0sp1/nios2eds/bin/gnu/h-i686-mingw32/bin/../lib/gcc/nios2-elf/4.1.2/../../../../nios2-elf/lib\libc.a(lib_a-putchar.o)
 .comment       0x00000000       0x27 c:/altera/11.0sp1/nios2eds/bin/gnu/h-i686-mingw32/bin/../lib/gcc/nios2-elf/4.1.2/../../../../nios2-elf/lib\libc.a(lib_a-impure.o)
 .comment       0x00000000       0x27 c:/altera/11.0sp1/nios2eds/bin/gnu/h-i686-mingw32/bin/../lib/gcc/nios2-elf/4.1.2/../../../../nios2-elf/lib\libc.a(lib_a-putc.o)
 .comment       0x00000000       0x27 c:/altera/11.0sp1/nios2eds/bin/gnu/h-i686-mingw32/bin/../lib/gcc/nios2-elf/4.1.2/../../../../nios2-elf/lib\libc.a(lib_a-wbuf.o)
 .comment       0x00000000       0x27 c:/altera/11.0sp1/nios2eds/bin/gnu/h-i686-mingw32/bin/../lib/gcc/nios2-elf/4.1.2/../../../../nios2-elf/lib\libc.a(lib_a-wsetup.o)
 .comment       0x00000000       0x27 c:/altera/11.0sp1/nios2eds/bin/gnu/h-i686-mingw32/bin/../lib/gcc/nios2-elf/4.1.2/../../../../nios2-elf/lib\libc.a(lib_a-fflush.o)
 .comment       0x00000000       0x27 c:/altera/11.0sp1/nios2eds/bin/gnu/h-i686-mingw32/bin/../lib/gcc/nios2-elf/4.1.2/../../../../nios2-elf/lib\libc.a(lib_a-findfp.o)
 .comment       0x00000000       0x27 c:/altera/11.0sp1/nios2eds/bin/gnu/h-i686-mingw32/bin/../lib/gcc/nios2-elf/4.1.2/../../../../nios2-elf/lib\libc.a(lib_a-freer.o)
 .comment       0x00000000       0x27 c:/altera/11.0sp1/nios2eds/bin/gnu/h-i686-mingw32/bin/../lib/gcc/nios2-elf/4.1.2/../../../../nios2-elf/lib\libc.a(lib_a-fwalk.o)
 .comment       0x00000000       0x27 c:/altera/11.0sp1/nios2eds/bin/gnu/h-i686-mingw32/bin/../lib/gcc/nios2-elf/4.1.2/../../../../nios2-elf/lib\libc.a(lib_a-makebuf.o)
 .comment       0x00000000       0x27 c:/altera/11.0sp1/nios2eds/bin/gnu/h-i686-mingw32/bin/../lib/gcc/nios2-elf/4.1.2/../../../../nios2-elf/lib\libc.a(lib_a-mallocr.o)
 .comment       0x00000000       0x27 c:/altera/11.0sp1/nios2eds/bin/gnu/h-i686-mingw32/bin/../lib/gcc/nios2-elf/4.1.2/../../../../nios2-elf/lib\libc.a(lib_a-memset.o)
 .comment       0x00000000       0x27 c:/altera/11.0sp1/nios2eds/bin/gnu/h-i686-mingw32/bin/../lib/gcc/nios2-elf/4.1.2/../../../../nios2-elf/lib\libc.a(lib_a-sbrkr.o)
 .comment       0x00000000       0x27 c:/altera/11.0sp1/nios2eds/bin/gnu/h-i686-mingw32/bin/../lib/gcc/nios2-elf/4.1.2/../../../../nios2-elf/lib\libc.a(lib_a-stdio.o)
 .comment       0x00000000       0x27 c:/altera/11.0sp1/nios2eds/bin/gnu/h-i686-mingw32/bin/../lib/gcc/nios2-elf/4.1.2/../../../../nios2-elf/lib\libc.a(lib_a-writer.o)
 .comment       0x00000000       0x27 c:/altera/11.0sp1/nios2eds/bin/gnu/h-i686-mingw32/bin/../lib/gcc/nios2-elf/4.1.2/../../../../nios2-elf/lib\libc.a(lib_a-closer.o)
 .comment       0x00000000       0x27 c:/altera/11.0sp1/nios2eds/bin/gnu/h-i686-mingw32/bin/../lib/gcc/nios2-elf/4.1.2/../../../../nios2-elf/lib\libc.a(lib_a-fclose.o)
 .comment       0x00000000       0x27 c:/altera/11.0sp1/nios2eds/bin/gnu/h-i686-mingw32/bin/../lib/gcc/nios2-elf/4.1.2/../../../../nios2-elf/lib\libc.a(lib_a-fstatr.o)
 .comment       0x00000000       0x27 c:/altera/11.0sp1/nios2eds/bin/gnu/h-i686-mingw32/bin/../lib/gcc/nios2-elf/4.1.2/../../../../nios2-elf/lib\libc.a(lib_a-int_errno.o)
 .comment       0x00000000       0x27 c:/altera/11.0sp1/nios2eds/bin/gnu/h-i686-mingw32/bin/../lib/gcc/nios2-elf/4.1.2/../../../../nios2-elf/lib\libc.a(lib_a-isattyr.o)
 .comment       0x00000000       0x27 c:/altera/11.0sp1/nios2eds/bin/gnu/h-i686-mingw32/bin/../lib/gcc/nios2-elf/4.1.2/../../../../nios2-elf/lib\libc.a(lib_a-lseekr.o)
 .comment       0x00000000       0x27 c:/altera/11.0sp1/nios2eds/bin/gnu/h-i686-mingw32/bin/../lib/gcc/nios2-elf/4.1.2/../../../../nios2-elf/lib\libc.a(lib_a-readr.o)
 .comment       0x00000000       0x27 ../Test_bsp/\libucosii_bsp.a(alt_close.o)
 .comment       0x00000000       0x27 ../Test_bsp/\libucosii_bsp.a(alt_dev.o)
 .comment       0x00000000       0x27 ../Test_bsp/\libucosii_bsp.a(alt_errno.o)
 .comment       0x00000000       0x27 ../Test_bsp/\libucosii_bsp.a(alt_fstat.o)
 .comment       0x00000000       0x27 ../Test_bsp/\libucosii_bsp.a(alt_isatty.o)
 .comment       0x00000000       0x27 ../Test_bsp/\libucosii_bsp.a(alt_lseek.o)
 .comment       0x00000000       0x27 ../Test_bsp/\libucosii_bsp.a(alt_main.o)
 .comment       0x00000000       0x27 ../Test_bsp/\libucosii_bsp.a(alt_read.o)
 .comment       0x00000000       0x27 ../Test_bsp/\libucosii_bsp.a(alt_release_fd.o)
 .comment       0x00000000       0x27 ../Test_bsp/\libucosii_bsp.a(alt_sbrk.o)
 .comment       0x00000000       0x27 ../Test_bsp/\libucosii_bsp.a(alt_write.o)
 .comment       0x00000000       0x27 ../Test_bsp/\libucosii_bsp.a(alt_env_lock.o)
 .comment       0x00000000       0x27 ../Test_bsp/\libucosii_bsp.a(alt_malloc_lock.o)
 .comment       0x00000000       0x27 ../Test_bsp/\libucosii_bsp.a(os_core.o)
 .comment       0x00000000       0x27 ../Test_bsp/\libucosii_bsp.a(os_dbg.o)
 .comment       0x00000000       0x27 ../Test_bsp/\libucosii_bsp.a(os_flag.o)
 .comment       0x00000000       0x27 ../Test_bsp/\libucosii_bsp.a(os_mem.o)
 .comment       0x00000000       0x27 ../Test_bsp/\libucosii_bsp.a(os_q.o)
 .comment       0x00000000       0x27 ../Test_bsp/\libucosii_bsp.a(os_sem.o)
 .comment       0x00000000       0x27 ../Test_bsp/\libucosii_bsp.a(os_task.o)
 .comment       0x00000000       0x27 ../Test_bsp/\libucosii_bsp.a(os_time.o)
 .comment       0x00000000       0x27 ../Test_bsp/\libucosii_bsp.a(alt_sys_init.o)
 .comment       0x00000000       0x27 ../Test_bsp/\libucosii_bsp.a(altera_avalon_epcs_flash_controller.o)
 .comment       0x00000000       0x27 ../Test_bsp/\libucosii_bsp.a(altera_avalon_jtag_uart_fd.o)
 .comment       0x00000000       0x27 ../Test_bsp/\libucosii_bsp.a(altera_avalon_jtag_uart_init.o)
 .comment       0x00000000       0x27 ../Test_bsp/\libucosii_bsp.a(altera_avalon_jtag_uart_ioctl.o)
 .comment       0x00000000       0x27 ../Test_bsp/\libucosii_bsp.a(altera_avalon_jtag_uart_read.o)
 .comment       0x00000000       0x27 ../Test_bsp/\libucosii_bsp.a(altera_avalon_jtag_uart_write.o)
 .comment       0x00000000       0x27 ../Test_bsp/\libucosii_bsp.a(altera_avalon_timer_sc.o)
 .comment       0x00000000       0x27 ../Test_bsp/\libucosii_bsp.a(epcs_commands.o)
 .comment       0x00000000       0x27 ../Test_bsp/\libucosii_bsp.a(alt_alarm_start.o)
 .comment       0x00000000       0x27 ../Test_bsp/\libucosii_bsp.a(alt_dev_llist_insert.o)
 .comment       0x00000000       0x27 ../Test_bsp/\libucosii_bsp.a(alt_do_ctors.o)
 .comment       0x00000000       0x27 ../Test_bsp/\libucosii_bsp.a(alt_do_dtors.o)
 .comment       0x00000000       0x27 ../Test_bsp/\libucosii_bsp.a(alt_flash_dev.o)
 .comment       0x00000000       0x27 ../Test_bsp/\libucosii_bsp.a(alt_iic.o)
 .comment       0x00000000       0x27 ../Test_bsp/\libucosii_bsp.a(alt_iic_isr_register.o)
 .comment       0x00000000       0x27 ../Test_bsp/\libucosii_bsp.a(alt_io_redirect.o)
 .comment       0x00000000       0x27 ../Test_bsp/\libucosii_bsp.a(alt_irq_handler.o)
 .comment       0x00000000       0x27 ../Test_bsp/\libucosii_bsp.a(alt_irq_vars.o)
 .comment       0x00000000       0x27 ../Test_bsp/\libucosii_bsp.a(alt_open.o)
 .comment       0x00000000       0x27 ../Test_bsp/\libucosii_bsp.a(alt_tick.o)
 .comment       0x00000000       0x27 ../Test_bsp/\libucosii_bsp.a(altera_nios2_irq.o)
 .comment       0x00000000       0x27 ../Test_bsp/\libucosii_bsp.a(os_cpu_c.o)
 .comment       0x00000000       0x27 ../Test_bsp/\libucosii_bsp.a(altera_avalon_spi.o)
 .comment       0x00000000       0x27 ../Test_bsp/\libucosii_bsp.a(alt_find_dev.o)
 .comment       0x00000000       0x27 ../Test_bsp/\libucosii_bsp.a(alt_find_file.o)
 .comment       0x00000000       0x27 ../Test_bsp/\libucosii_bsp.a(alt_get_fd.o)
 .comment       0x00000000       0x27 c:/altera/11.0sp1/nios2eds/bin/gnu/h-i686-mingw32/bin/../lib/gcc/nios2-elf/4.1.2/../../../../nios2-elf/lib\libc.a(lib_a-atexit.o)
 .comment       0x00000000       0x27 c:/altera/11.0sp1/nios2eds/bin/gnu/h-i686-mingw32/bin/../lib/gcc/nios2-elf/4.1.2/../../../../nios2-elf/lib\libc.a(lib_a-exit.o)
 .comment       0x00000000       0x27 c:/altera/11.0sp1/nios2eds/bin/gnu/h-i686-mingw32/bin/../lib/gcc/nios2-elf/4.1.2/../../../../nios2-elf/lib\libc.a(lib_a-memcmp.o)
 .comment       0x00000000       0x27 c:/altera/11.0sp1/nios2eds/bin/gnu/h-i686-mingw32/bin/../lib/gcc/nios2-elf/4.1.2/../../../../nios2-elf/lib\libc.a(lib_a-memcpy.o)
 .comment       0x00000000       0x27 c:/altera/11.0sp1/nios2eds/bin/gnu/h-i686-mingw32/bin/../lib/gcc/nios2-elf/4.1.2/../../../../nios2-elf/lib\libc.a(lib_a-sprintf.o)
 .comment       0x00000000       0x27 c:/altera/11.0sp1/nios2eds/bin/gnu/h-i686-mingw32/bin/../lib/gcc/nios2-elf/4.1.2/../../../../nios2-elf/lib\libc.a(lib_a-strlen.o)
 .comment       0x00000000       0x27 c:/altera/11.0sp1/nios2eds/bin/gnu/h-i686-mingw32/bin/../lib/gcc/nios2-elf/4.1.2/../../../../nios2-elf/lib\libc.a(lib_a-vfprintf.o)
 .comment       0x00000000       0x27 c:/altera/11.0sp1/nios2eds/bin/gnu/h-i686-mingw32/bin/../lib/gcc/nios2-elf/4.1.2/../../../../nios2-elf/lib\libc.a(lib_a-__atexit.o)
 .comment       0x00000000       0x27 c:/altera/11.0sp1/nios2eds/bin/gnu/h-i686-mingw32/bin/../lib/gcc/nios2-elf/4.1.2/../../../../nios2-elf/lib\libc.a(lib_a-__call_atexit.o)
 .comment       0x00000000       0x27 c:/altera/11.0sp1/nios2eds/bin/gnu/h-i686-mingw32/bin/../lib/gcc/nios2-elf/4.1.2/../../../../nios2-elf/lib\libc.a(lib_a-dtoa.o)
 .comment       0x00000000       0x27 c:/altera/11.0sp1/nios2eds/bin/gnu/h-i686-mingw32/bin/../lib/gcc/nios2-elf/4.1.2/../../../../nios2-elf/lib\libc.a(lib_a-fvwrite.o)
 .comment       0x00000000       0x27 c:/altera/11.0sp1/nios2eds/bin/gnu/h-i686-mingw32/bin/../lib/gcc/nios2-elf/4.1.2/../../../../nios2-elf/lib\libc.a(lib_a-locale.o)
 .comment       0x00000000       0x27 c:/altera/11.0sp1/nios2eds/bin/gnu/h-i686-mingw32/bin/../lib/gcc/nios2-elf/4.1.2/../../../../nios2-elf/lib\libc.a(lib_a-memchr.o)
 .comment       0x00000000       0x27 c:/altera/11.0sp1/nios2eds/bin/gnu/h-i686-mingw32/bin/../lib/gcc/nios2-elf/4.1.2/../../../../nios2-elf/lib\libc.a(lib_a-memmove.o)
 .comment       0x00000000       0x27 c:/altera/11.0sp1/nios2eds/bin/gnu/h-i686-mingw32/bin/../lib/gcc/nios2-elf/4.1.2/../../../../nios2-elf/lib\libc.a(lib_a-mprec.o)
 .comment       0x00000000       0x27 c:/altera/11.0sp1/nios2eds/bin/gnu/h-i686-mingw32/bin/../lib/gcc/nios2-elf/4.1.2/../../../../nios2-elf/lib\libc.a(lib_a-reallocr.o)
 .comment       0x00000000       0x27 c:/altera/11.0sp1/nios2eds/bin/gnu/h-i686-mingw32/bin/../lib/gcc/nios2-elf/4.1.2/../../../../nios2-elf/lib\libc.a(lib_a-s_isinfd.o)
 .comment       0x00000000       0x27 c:/altera/11.0sp1/nios2eds/bin/gnu/h-i686-mingw32/bin/../lib/gcc/nios2-elf/4.1.2/../../../../nios2-elf/lib\libc.a(lib_a-s_isnand.o)
 .comment       0x00000000       0x27 c:/altera/11.0sp1/nios2eds/bin/gnu/h-i686-mingw32/bin/../lib/gcc/nios2-elf/4.1.2/../../../../nios2-elf/lib\libc.a(lib_a-strcmp.o)
 .comment       0x00000000       0x27 c:/altera/11.0sp1/nios2eds/bin/gnu/h-i686-mingw32/bin/../lib/gcc/nios2-elf/4.1.2/../../../../nios2-elf/lib\libc.a(lib_a-callocr.o)
 .comment       0x00000000       0x27 c:/altera/11.0sp1/nios2eds/bin/gnu/h-i686-mingw32/bin/../lib/gcc/nios2-elf/4.1.2\libgcc.a(_udivdi3.o)
 .comment       0x00000000       0x27 c:/altera/11.0sp1/nios2eds/bin/gnu/h-i686-mingw32/bin/../lib/gcc/nios2-elf/4.1.2\libgcc.a(_umoddi3.o)
 .comment       0x00000000       0x27 c:/altera/11.0sp1/nios2eds/bin/gnu/h-i686-mingw32/bin/../lib/gcc/nios2-elf/4.1.2\libgcc.a(_addsub_df.o)
 .comment       0x00000000       0x27 c:/altera/11.0sp1/nios2eds/bin/gnu/h-i686-mingw32/bin/../lib/gcc/nios2-elf/4.1.2\libgcc.a(_mul_df.o)
 .comment       0x00000000       0x27 c:/altera/11.0sp1/nios2eds/bin/gnu/h-i686-mingw32/bin/../lib/gcc/nios2-elf/4.1.2\libgcc.a(_div_df.o)
 .comment       0x00000000       0x27 c:/altera/11.0sp1/nios2eds/bin/gnu/h-i686-mingw32/bin/../lib/gcc/nios2-elf/4.1.2\libgcc.a(_eq_df.o)
 .comment       0x00000000       0x27 c:/altera/11.0sp1/nios2eds/bin/gnu/h-i686-mingw32/bin/../lib/gcc/nios2-elf/4.1.2\libgcc.a(_ne_df.o)
 .comment       0x00000000       0x27 c:/altera/11.0sp1/nios2eds/bin/gnu/h-i686-mingw32/bin/../lib/gcc/nios2-elf/4.1.2\libgcc.a(_gt_df.o)
 .comment       0x00000000       0x27 c:/altera/11.0sp1/nios2eds/bin/gnu/h-i686-mingw32/bin/../lib/gcc/nios2-elf/4.1.2\libgcc.a(_ge_df.o)
 .comment       0x00000000       0x27 c:/altera/11.0sp1/nios2eds/bin/gnu/h-i686-mingw32/bin/../lib/gcc/nios2-elf/4.1.2\libgcc.a(_lt_df.o)
 .comment       0x00000000       0x27 c:/altera/11.0sp1/nios2eds/bin/gnu/h-i686-mingw32/bin/../lib/gcc/nios2-elf/4.1.2\libgcc.a(_si_to_df.o)
 .comment       0x00000000       0x27 c:/altera/11.0sp1/nios2eds/bin/gnu/h-i686-mingw32/bin/../lib/gcc/nios2-elf/4.1.2\libgcc.a(_df_to_si.o)
 .comment       0x00000000       0x27 c:/altera/11.0sp1/nios2eds/bin/gnu/h-i686-mingw32/bin/../lib/gcc/nios2-elf/4.1.2\libgcc.a(_thenan_df.o)
 .comment       0x00000000       0x27 c:/altera/11.0sp1/nios2eds/bin/gnu/h-i686-mingw32/bin/../lib/gcc/nios2-elf/4.1.2\libgcc.a(_usi_to_df.o)
 .comment       0x00000000       0x27 c:/altera/11.0sp1/nios2eds/bin/gnu/h-i686-mingw32/bin/../lib/gcc/nios2-elf/4.1.2\libgcc.a(lib2-divmod.o)
 .comment       0x00000000       0x27 c:/altera/11.0sp1/nios2eds/bin/gnu/h-i686-mingw32/bin/../lib/gcc/nios2-elf/4.1.2\libgcc.a(_muldi3.o)
 .comment       0x00000000       0x27 c:/altera/11.0sp1/nios2eds/bin/gnu/h-i686-mingw32/bin/../lib/gcc/nios2-elf/4.1.2\libgcc.a(_clz.o)
 .comment       0x00000000       0x27 c:/altera/11.0sp1/nios2eds/bin/gnu/h-i686-mingw32/bin/../lib/gcc/nios2-elf/4.1.2\libgcc.a(_clzsi2.o)
 .comment       0x00000000       0x27 c:/altera/11.0sp1/nios2eds/bin/gnu/h-i686-mingw32/bin/../lib/gcc/nios2-elf/4.1.2\libgcc.a(_pack_df.o)