<?xml version="1.0" encoding="ISO-8859-1" ?>
<link_info>
   <banner>MSP430 Linker Unix v20.2.1.LTS</banner>
   <copyright>Copyright (c) 2003-2018 Texas Instruments Incorporated</copyright>
   <link_time>0x6843f83c</link_time>
   <link_errors>0x0</link_errors>
   <output_file>RTOSDemo.out</output_file>
   <entry_point>
      <name>_c_int00_noargs</name>
      <address>0x806a</address>
   </entry_point>
   <input_file_list>
      <input_file id="fl-2">
         <path>./</path>
         <kind>object</kind>
         <file>LEDs.obj</file>
         <name>LEDs.obj</name>
      </input_file>
      <input_file id="fl-3">
         <path>./</path>
         <kind>object</kind>
         <file>main.obj</file>
         <name>main.obj</name>
      </input_file>
      <input_file id="fl-4">
         <path>./</path>
         <kind>object</kind>
         <file>printf-stdarg.obj</file>
         <name>printf-stdarg.obj</name>
      </input_file>
      <input_file id="fl-5">
         <path>./Blinky_Demo/</path>
         <kind>object</kind>
         <file>main_blinky.obj</file>
         <name>main_blinky.obj</name>
      </input_file>
      <input_file id="fl-6">
         <path>./CCS_Only/</path>
         <kind>object</kind>
         <file>RegTest.obj</file>
         <name>RegTest.obj</name>
      </input_file>
      <input_file id="fl-7">
         <path>./FreeRTOS_Source/</path>
         <kind>object</kind>
         <file>croutine.obj</file>
         <name>croutine.obj</name>
      </input_file>
      <input_file id="fl-8">
         <path>./FreeRTOS_Source/</path>
         <kind>object</kind>
         <file>event_groups.obj</file>
         <name>event_groups.obj</name>
      </input_file>
      <input_file id="fl-9">
         <path>./FreeRTOS_Source/</path>
         <kind>object</kind>
         <file>list.obj</file>
         <name>list.obj</name>
      </input_file>
      <input_file id="fl-a">
         <path>./FreeRTOS_Source/</path>
         <kind>object</kind>
         <file>queue.obj</file>
         <name>queue.obj</name>
      </input_file>
      <input_file id="fl-b">
         <path>./FreeRTOS_Source/</path>
         <kind>object</kind>
         <file>stream_buffer.obj</file>
         <name>stream_buffer.obj</name>
      </input_file>
      <input_file id="fl-c">
         <path>./FreeRTOS_Source/</path>
         <kind>object</kind>
         <file>tasks.obj</file>
         <name>tasks.obj</name>
      </input_file>
      <input_file id="fl-d">
         <path>./FreeRTOS_Source/</path>
         <kind>object</kind>
         <file>timers.obj</file>
         <name>timers.obj</name>
      </input_file>
      <input_file id="fl-e">
         <path>./FreeRTOS_Source/portable/CCS/MSP430X/</path>
         <kind>object</kind>
         <file>port.obj</file>
         <name>port.obj</name>
      </input_file>
      <input_file id="fl-f">
         <path>./FreeRTOS_Source/portable/CCS/MSP430X/</path>
         <kind>object</kind>
         <file>portext.obj</file>
         <name>portext.obj</name>
      </input_file>
      <input_file id="fl-10">
         <path>./FreeRTOS_Source/portable/MemMang/</path>
         <kind>object</kind>
         <file>heap_4.obj</file>
         <name>heap_4.obj</name>
      </input_file>
      <input_file id="fl-11">
         <path>./Full_Demo/FreeRTOS+CLI/</path>
         <kind>object</kind>
         <file>FreeRTOS_CLI.obj</file>
         <name>FreeRTOS_CLI.obj</name>
      </input_file>
      <input_file id="fl-12">
         <path>./Full_Demo/</path>
         <kind>object</kind>
         <file>Sample-CLI-commands.obj</file>
         <name>Sample-CLI-commands.obj</name>
      </input_file>
      <input_file id="fl-13">
         <path>./Full_Demo/</path>
         <kind>object</kind>
         <file>UARTCommandConsole.obj</file>
         <name>UARTCommandConsole.obj</name>
      </input_file>
      <input_file id="fl-14">
         <path>./Full_Demo/</path>
         <kind>object</kind>
         <file>main_full.obj</file>
         <name>main_full.obj</name>
      </input_file>
      <input_file id="fl-15">
         <path>./Full_Demo/</path>
         <kind>object</kind>
         <file>serial.obj</file>
         <name>serial.obj</name>
      </input_file>
      <input_file id="fl-16">
         <path>./Full_Demo/Standard_Demo_Tasks/</path>
         <kind>object</kind>
         <file>EventGroupsDemo.obj</file>
         <name>EventGroupsDemo.obj</name>
      </input_file>
      <input_file id="fl-17">
         <path>./Full_Demo/Standard_Demo_Tasks/</path>
         <kind>object</kind>
         <file>GenQTest.obj</file>
         <name>GenQTest.obj</name>
      </input_file>
      <input_file id="fl-18">
         <path>./Full_Demo/Standard_Demo_Tasks/</path>
         <kind>object</kind>
         <file>TaskNotify.obj</file>
         <name>TaskNotify.obj</name>
      </input_file>
      <input_file id="fl-19">
         <path>./Full_Demo/Standard_Demo_Tasks/</path>
         <kind>object</kind>
         <file>blocktim.obj</file>
         <name>blocktim.obj</name>
      </input_file>
      <input_file id="fl-1a">
         <path>./Full_Demo/Standard_Demo_Tasks/</path>
         <kind>object</kind>
         <file>countsem.obj</file>
         <name>countsem.obj</name>
      </input_file>
      <input_file id="fl-1b">
         <path>./Full_Demo/Standard_Demo_Tasks/</path>
         <kind>object</kind>
         <file>dynamic.obj</file>
         <name>dynamic.obj</name>
      </input_file>
      <input_file id="fl-1c">
         <path>./Full_Demo/Standard_Demo_Tasks/</path>
         <kind>object</kind>
         <file>recmutex.obj</file>
         <name>recmutex.obj</name>
      </input_file>
      <input_file id="fl-1d">
         <path>./driverlib/MSP430FR5xx_6xx/</path>
         <kind>object</kind>
         <file>adc12_b.obj</file>
         <name>adc12_b.obj</name>
      </input_file>
      <input_file id="fl-1e">
         <path>./driverlib/MSP430FR5xx_6xx/</path>
         <kind>object</kind>
         <file>aes256.obj</file>
         <name>aes256.obj</name>
      </input_file>
      <input_file id="fl-1f">
         <path>./driverlib/MSP430FR5xx_6xx/</path>
         <kind>object</kind>
         <file>comp_e.obj</file>
         <name>comp_e.obj</name>
      </input_file>
      <input_file id="fl-20">
         <path>./driverlib/MSP430FR5xx_6xx/</path>
         <kind>object</kind>
         <file>crc.obj</file>
         <name>crc.obj</name>
      </input_file>
      <input_file id="fl-21">
         <path>./driverlib/MSP430FR5xx_6xx/</path>
         <kind>object</kind>
         <file>crc32.obj</file>
         <name>crc32.obj</name>
      </input_file>
      <input_file id="fl-22">
         <path>./driverlib/MSP430FR5xx_6xx/</path>
         <kind>object</kind>
         <file>cs.obj</file>
         <name>cs.obj</name>
      </input_file>
      <input_file id="fl-23">
         <path>./driverlib/MSP430FR5xx_6xx/</path>
         <kind>object</kind>
         <file>dma.obj</file>
         <name>dma.obj</name>
      </input_file>
      <input_file id="fl-24">
         <path>./driverlib/MSP430FR5xx_6xx/</path>
         <kind>object</kind>
         <file>esi.obj</file>
         <name>esi.obj</name>
      </input_file>
      <input_file id="fl-25">
         <path>./driverlib/MSP430FR5xx_6xx/</path>
         <kind>object</kind>
         <file>eusci_a_spi.obj</file>
         <name>eusci_a_spi.obj</name>
      </input_file>
      <input_file id="fl-26">
         <path>./driverlib/MSP430FR5xx_6xx/</path>
         <kind>object</kind>
         <file>eusci_a_uart.obj</file>
         <name>eusci_a_uart.obj</name>
      </input_file>
      <input_file id="fl-27">
         <path>./driverlib/MSP430FR5xx_6xx/</path>
         <kind>object</kind>
         <file>eusci_b_i2c.obj</file>
         <name>eusci_b_i2c.obj</name>
      </input_file>
      <input_file id="fl-28">
         <path>./driverlib/MSP430FR5xx_6xx/</path>
         <kind>object</kind>
         <file>eusci_b_spi.obj</file>
         <name>eusci_b_spi.obj</name>
      </input_file>
      <input_file id="fl-29">
         <path>./driverlib/MSP430FR5xx_6xx/</path>
         <kind>object</kind>
         <file>framctl.obj</file>
         <name>framctl.obj</name>
      </input_file>
      <input_file id="fl-2a">
         <path>./driverlib/MSP430FR5xx_6xx/</path>
         <kind>object</kind>
         <file>gpio.obj</file>
         <name>gpio.obj</name>
      </input_file>
      <input_file id="fl-2b">
         <path>./driverlib/MSP430FR5xx_6xx/</path>
         <kind>object</kind>
         <file>lcd_c.obj</file>
         <name>lcd_c.obj</name>
      </input_file>
      <input_file id="fl-2c">
         <path>./driverlib/MSP430FR5xx_6xx/</path>
         <kind>object</kind>
         <file>mpu.obj</file>
         <name>mpu.obj</name>
      </input_file>
      <input_file id="fl-2d">
         <path>./driverlib/MSP430FR5xx_6xx/</path>
         <kind>object</kind>
         <file>mpy32.obj</file>
         <name>mpy32.obj</name>
      </input_file>
      <input_file id="fl-2e">
         <path>./driverlib/MSP430FR5xx_6xx/</path>
         <kind>object</kind>
         <file>pmm.obj</file>
         <name>pmm.obj</name>
      </input_file>
      <input_file id="fl-2f">
         <path>./driverlib/MSP430FR5xx_6xx/</path>
         <kind>object</kind>
         <file>ram.obj</file>
         <name>ram.obj</name>
      </input_file>
      <input_file id="fl-30">
         <path>./driverlib/MSP430FR5xx_6xx/</path>
         <kind>object</kind>
         <file>ref_a.obj</file>
         <name>ref_a.obj</name>
      </input_file>
      <input_file id="fl-31">
         <path>./driverlib/MSP430FR5xx_6xx/</path>
         <kind>object</kind>
         <file>rtc_b.obj</file>
         <name>rtc_b.obj</name>
      </input_file>
      <input_file id="fl-32">
         <path>./driverlib/MSP430FR5xx_6xx/</path>
         <kind>object</kind>
         <file>rtc_c.obj</file>
         <name>rtc_c.obj</name>
      </input_file>
      <input_file id="fl-33">
         <path>./driverlib/MSP430FR5xx_6xx/</path>
         <kind>object</kind>
         <file>sfr.obj</file>
         <name>sfr.obj</name>
      </input_file>
      <input_file id="fl-34">
         <path>./driverlib/MSP430FR5xx_6xx/</path>
         <kind>object</kind>
         <file>sysctl.obj</file>
         <name>sysctl.obj</name>
      </input_file>
      <input_file id="fl-35">
         <path>./driverlib/MSP430FR5xx_6xx/</path>
         <kind>object</kind>
         <file>timer_a.obj</file>
         <name>timer_a.obj</name>
      </input_file>
      <input_file id="fl-36">
         <path>./driverlib/MSP430FR5xx_6xx/</path>
         <kind>object</kind>
         <file>timer_b.obj</file>
         <name>timer_b.obj</name>
      </input_file>
      <input_file id="fl-37">
         <path>./driverlib/MSP430FR5xx_6xx/</path>
         <kind>object</kind>
         <file>tlv.obj</file>
         <name>tlv.obj</name>
      </input_file>
      <input_file id="fl-38">
         <path>./driverlib/MSP430FR5xx_6xx/</path>
         <kind>object</kind>
         <file>wdt_a.obj</file>
         <name>wdt_a.obj</name>
      </input_file>
      <input_file id="fl-3e">
         <kind>object</kind>
         <file>&lt;internal&gt;</file>
         <name>&lt;internal&gt;</name>
      </input_file>
      <input_file id="fl-59">
         <path>/home/rtos/ti/ccs1010/ccs/tools/compiler/ti-cgt-msp430_20.2.1.LTS/lib/</path>
         <kind>archive</kind>
         <file>rts430x_lc_ld_eabi.lib</file>
         <name>copy_decompress_lzss.c.obj</name>
      </input_file>
      <input_file id="fl-5a">
         <path>/home/rtos/ti/ccs1010/ccs/tools/compiler/ti-cgt-msp430_20.2.1.LTS/lib/</path>
         <kind>archive</kind>
         <file>rts430x_lc_ld_eabi.lib</file>
         <name>copy_decompress_none.c.obj</name>
      </input_file>
      <input_file id="fl-5b">
         <path>/home/rtos/ti/ccs1010/ccs/tools/compiler/ti-cgt-msp430_20.2.1.LTS/lib/</path>
         <kind>archive</kind>
         <file>rts430x_lc_ld_eabi.lib</file>
         <name>int18.asm.obj</name>
      </input_file>
      <input_file id="fl-5c">
         <path>/home/rtos/ti/ccs1010/ccs/tools/compiler/ti-cgt-msp430_20.2.1.LTS/lib/</path>
         <kind>archive</kind>
         <file>rts430x_lc_ld_eabi.lib</file>
         <name>isr_trap.asm.obj</name>
      </input_file>
      <input_file id="fl-5d">
         <path>/home/rtos/ti/ccs1010/ccs/tools/compiler/ti-cgt-msp430_20.2.1.LTS/lib/</path>
         <kind>archive</kind>
         <file>rts430x_lc_ld_eabi.lib</file>
         <name>int19.asm.obj</name>
      </input_file>
      <input_file id="fl-5e">
         <path>/home/rtos/ti/ccs1010/ccs/tools/compiler/ti-cgt-msp430_20.2.1.LTS/lib/</path>
         <kind>archive</kind>
         <file>rts430x_lc_ld_eabi.lib</file>
         <name>int20.asm.obj</name>
      </input_file>
      <input_file id="fl-5f">
         <path>/home/rtos/ti/ccs1010/ccs/tools/compiler/ti-cgt-msp430_20.2.1.LTS/lib/</path>
         <kind>archive</kind>
         <file>rts430x_lc_ld_eabi.lib</file>
         <name>int21.asm.obj</name>
      </input_file>
      <input_file id="fl-60">
         <path>/home/rtos/ti/ccs1010/ccs/tools/compiler/ti-cgt-msp430_20.2.1.LTS/lib/</path>
         <kind>archive</kind>
         <file>rts430x_lc_ld_eabi.lib</file>
         <name>int22.asm.obj</name>
      </input_file>
      <input_file id="fl-61">
         <path>/home/rtos/ti/ccs1010/ccs/tools/compiler/ti-cgt-msp430_20.2.1.LTS/lib/</path>
         <kind>archive</kind>
         <file>rts430x_lc_ld_eabi.lib</file>
         <name>int23.asm.obj</name>
      </input_file>
      <input_file id="fl-62">
         <path>/home/rtos/ti/ccs1010/ccs/tools/compiler/ti-cgt-msp430_20.2.1.LTS/lib/</path>
         <kind>archive</kind>
         <file>rts430x_lc_ld_eabi.lib</file>
         <name>int24.asm.obj</name>
      </input_file>
      <input_file id="fl-63">
         <path>/home/rtos/ti/ccs1010/ccs/tools/compiler/ti-cgt-msp430_20.2.1.LTS/lib/</path>
         <kind>archive</kind>
         <file>rts430x_lc_ld_eabi.lib</file>
         <name>int25.asm.obj</name>
      </input_file>
      <input_file id="fl-64">
         <path>/home/rtos/ti/ccs1010/ccs/tools/compiler/ti-cgt-msp430_20.2.1.LTS/lib/</path>
         <kind>archive</kind>
         <file>rts430x_lc_ld_eabi.lib</file>
         <name>int26.asm.obj</name>
      </input_file>
      <input_file id="fl-65">
         <path>/home/rtos/ti/ccs1010/ccs/tools/compiler/ti-cgt-msp430_20.2.1.LTS/lib/</path>
         <kind>archive</kind>
         <file>rts430x_lc_ld_eabi.lib</file>
         <name>int27.asm.obj</name>
      </input_file>
      <input_file id="fl-66">
         <path>/home/rtos/ti/ccs1010/ccs/tools/compiler/ti-cgt-msp430_20.2.1.LTS/lib/</path>
         <kind>archive</kind>
         <file>rts430x_lc_ld_eabi.lib</file>
         <name>int28.asm.obj</name>
      </input_file>
      <input_file id="fl-67">
         <path>/home/rtos/ti/ccs1010/ccs/tools/compiler/ti-cgt-msp430_20.2.1.LTS/lib/</path>
         <kind>archive</kind>
         <file>rts430x_lc_ld_eabi.lib</file>
         <name>int29.asm.obj</name>
      </input_file>
      <input_file id="fl-68">
         <path>/home/rtos/ti/ccs1010/ccs/tools/compiler/ti-cgt-msp430_20.2.1.LTS/lib/</path>
         <kind>archive</kind>
         <file>rts430x_lc_ld_eabi.lib</file>
         <name>int30.asm.obj</name>
      </input_file>
      <input_file id="fl-69">
         <path>/home/rtos/ti/ccs1010/ccs/tools/compiler/ti-cgt-msp430_20.2.1.LTS/lib/</path>
         <kind>archive</kind>
         <file>rts430x_lc_ld_eabi.lib</file>
         <name>int31.asm.obj</name>
      </input_file>
      <input_file id="fl-6a">
         <path>/home/rtos/ti/ccs1010/ccs/tools/compiler/ti-cgt-msp430_20.2.1.LTS/lib/</path>
         <kind>archive</kind>
         <file>rts430x_lc_ld_eabi.lib</file>
         <name>int32.asm.obj</name>
      </input_file>
      <input_file id="fl-6b">
         <path>/home/rtos/ti/ccs1010/ccs/tools/compiler/ti-cgt-msp430_20.2.1.LTS/lib/</path>
         <kind>archive</kind>
         <file>rts430x_lc_ld_eabi.lib</file>
         <name>int33.asm.obj</name>
      </input_file>
      <input_file id="fl-6c">
         <path>/home/rtos/ti/ccs1010/ccs/tools/compiler/ti-cgt-msp430_20.2.1.LTS/lib/</path>
         <kind>archive</kind>
         <file>rts430x_lc_ld_eabi.lib</file>
         <name>int34.asm.obj</name>
      </input_file>
      <input_file id="fl-6d">
         <path>/home/rtos/ti/ccs1010/ccs/tools/compiler/ti-cgt-msp430_20.2.1.LTS/lib/</path>
         <kind>archive</kind>
         <file>rts430x_lc_ld_eabi.lib</file>
         <name>int35.asm.obj</name>
      </input_file>
      <input_file id="fl-6e">
         <path>/home/rtos/ti/ccs1010/ccs/tools/compiler/ti-cgt-msp430_20.2.1.LTS/lib/</path>
         <kind>archive</kind>
         <file>rts430x_lc_ld_eabi.lib</file>
         <name>int36.asm.obj</name>
      </input_file>
      <input_file id="fl-6f">
         <path>/home/rtos/ti/ccs1010/ccs/tools/compiler/ti-cgt-msp430_20.2.1.LTS/lib/</path>
         <kind>archive</kind>
         <file>rts430x_lc_ld_eabi.lib</file>
         <name>int37.asm.obj</name>
      </input_file>
      <input_file id="fl-70">
         <path>/home/rtos/ti/ccs1010/ccs/tools/compiler/ti-cgt-msp430_20.2.1.LTS/lib/</path>
         <kind>archive</kind>
         <file>rts430x_lc_ld_eabi.lib</file>
         <name>int38.asm.obj</name>
      </input_file>
      <input_file id="fl-71">
         <path>/home/rtos/ti/ccs1010/ccs/tools/compiler/ti-cgt-msp430_20.2.1.LTS/lib/</path>
         <kind>archive</kind>
         <file>rts430x_lc_ld_eabi.lib</file>
         <name>int39.asm.obj</name>
      </input_file>
      <input_file id="fl-72">
         <path>/home/rtos/ti/ccs1010/ccs/tools/compiler/ti-cgt-msp430_20.2.1.LTS/lib/</path>
         <kind>archive</kind>
         <file>rts430x_lc_ld_eabi.lib</file>
         <name>int41.asm.obj</name>
      </input_file>
      <input_file id="fl-73">
         <path>/home/rtos/ti/ccs1010/ccs/tools/compiler/ti-cgt-msp430_20.2.1.LTS/lib/</path>
         <kind>archive</kind>
         <file>rts430x_lc_ld_eabi.lib</file>
         <name>int42.asm.obj</name>
      </input_file>
      <input_file id="fl-74">
         <path>/home/rtos/ti/ccs1010/ccs/tools/compiler/ti-cgt-msp430_20.2.1.LTS/lib/</path>
         <kind>archive</kind>
         <file>rts430x_lc_ld_eabi.lib</file>
         <name>int43.asm.obj</name>
      </input_file>
      <input_file id="fl-75">
         <path>/home/rtos/ti/ccs1010/ccs/tools/compiler/ti-cgt-msp430_20.2.1.LTS/lib/</path>
         <kind>archive</kind>
         <file>rts430x_lc_ld_eabi.lib</file>
         <name>int44.asm.obj</name>
      </input_file>
      <input_file id="fl-76">
         <path>/home/rtos/ti/ccs1010/ccs/tools/compiler/ti-cgt-msp430_20.2.1.LTS/lib/</path>
         <kind>archive</kind>
         <file>rts430x_lc_ld_eabi.lib</file>
         <name>int46.asm.obj</name>
      </input_file>
      <input_file id="fl-77">
         <path>/home/rtos/ti/ccs1010/ccs/tools/compiler/ti-cgt-msp430_20.2.1.LTS/lib/</path>
         <kind>archive</kind>
         <file>rts430x_lc_ld_eabi.lib</file>
         <name>int47.asm.obj</name>
      </input_file>
      <input_file id="fl-78">
         <path>/home/rtos/ti/ccs1010/ccs/tools/compiler/ti-cgt-msp430_20.2.1.LTS/lib/</path>
         <kind>archive</kind>
         <file>rts430x_lc_ld_eabi.lib</file>
         <name>int49.asm.obj</name>
      </input_file>
      <input_file id="fl-79">
         <path>/home/rtos/ti/ccs1010/ccs/tools/compiler/ti-cgt-msp430_20.2.1.LTS/lib/</path>
         <kind>archive</kind>
         <file>rts430x_lc_ld_eabi.lib</file>
         <name>int50.asm.obj</name>
      </input_file>
      <input_file id="fl-7a">
         <path>/home/rtos/ti/ccs1010/ccs/tools/compiler/ti-cgt-msp430_20.2.1.LTS/lib/</path>
         <kind>archive</kind>
         <file>rts430x_lc_ld_eabi.lib</file>
         <name>int51.asm.obj</name>
      </input_file>
      <input_file id="fl-7b">
         <path>/home/rtos/ti/ccs1010/ccs/tools/compiler/ti-cgt-msp430_20.2.1.LTS/lib/</path>
         <kind>archive</kind>
         <file>rts430x_lc_ld_eabi.lib</file>
         <name>int52.asm.obj</name>
      </input_file>
      <input_file id="fl-7c">
         <path>/home/rtos/ti/ccs1010/ccs/tools/compiler/ti-cgt-msp430_20.2.1.LTS/lib/</path>
         <kind>archive</kind>
         <file>rts430x_lc_ld_eabi.lib</file>
         <name>int53.asm.obj</name>
      </input_file>
      <input_file id="fl-7d">
         <path>/home/rtos/ti/ccs1010/ccs/tools/compiler/ti-cgt-msp430_20.2.1.LTS/lib/</path>
         <kind>archive</kind>
         <file>rts430x_lc_ld_eabi.lib</file>
         <name>int54.asm.obj</name>
      </input_file>
      <input_file id="fl-7e">
         <path>/home/rtos/ti/ccs1010/ccs/tools/compiler/ti-cgt-msp430_20.2.1.LTS/lib/</path>
         <kind>archive</kind>
         <file>rts430x_lc_ld_eabi.lib</file>
         <name>copy_zero_init.c.obj</name>
      </input_file>
      <input_file id="fl-7f">
         <path>/home/rtos/ti/ccs1010/ccs/tools/compiler/ti-cgt-msp430_20.2.1.LTS/lib/</path>
         <kind>archive</kind>
         <file>rts430x_lc_ld_eabi.lib</file>
         <name>div16s.asm.obj</name>
      </input_file>
      <input_file id="fl-80">
         <path>/home/rtos/ti/ccs1010/ccs/tools/compiler/ti-cgt-msp430_20.2.1.LTS/lib/</path>
         <kind>archive</kind>
         <file>rts430x_lc_ld_eabi.lib</file>
         <name>div32s.asm.obj</name>
      </input_file>
      <input_file id="fl-81">
         <path>/home/rtos/ti/ccs1010/ccs/tools/compiler/ti-cgt-msp430_20.2.1.LTS/lib/</path>
         <kind>archive</kind>
         <file>rts430x_lc_ld_eabi.lib</file>
         <name>div16u.asm.obj</name>
      </input_file>
      <input_file id="fl-82">
         <path>/home/rtos/ti/ccs1010/ccs/tools/compiler/ti-cgt-msp430_20.2.1.LTS/lib/</path>
         <kind>archive</kind>
         <file>rts430x_lc_ld_eabi.lib</file>
         <name>div32u.asm.obj</name>
      </input_file>
      <input_file id="fl-83">
         <path>/home/rtos/ti/ccs1010/ccs/tools/compiler/ti-cgt-msp430_20.2.1.LTS/lib/</path>
         <kind>archive</kind>
         <file>rts430x_lc_ld_eabi.lib</file>
         <name>mult16.asm.obj</name>
      </input_file>
      <input_file id="fl-84">
         <path>/home/rtos/ti/ccs1010/ccs/tools/compiler/ti-cgt-msp430_20.2.1.LTS/lib/</path>
         <kind>archive</kind>
         <file>rts430x_lc_ld_eabi.lib</file>
         <name>mult16_f5hw.asm.obj</name>
      </input_file>
      <input_file id="fl-85">
         <path>/home/rtos/ti/ccs1010/ccs/tools/compiler/ti-cgt-msp430_20.2.1.LTS/lib/</path>
         <kind>archive</kind>
         <file>rts430x_lc_ld_eabi.lib</file>
         <name>mult32.asm.obj</name>
      </input_file>
      <input_file id="fl-86">
         <path>/home/rtos/ti/ccs1010/ccs/tools/compiler/ti-cgt-msp430_20.2.1.LTS/lib/</path>
         <kind>archive</kind>
         <file>rts430x_lc_ld_eabi.lib</file>
         <name>mult32_f5hw.asm.obj</name>
      </input_file>
      <input_file id="fl-87">
         <path>/home/rtos/ti/ccs1010/ccs/tools/compiler/ti-cgt-msp430_20.2.1.LTS/lib/</path>
         <kind>archive</kind>
         <file>rts430x_lc_ld_eabi.lib</file>
         <name>mult64_f5hw.asm.obj</name>
      </input_file>
      <input_file id="fl-88">
         <path>/home/rtos/ti/ccs1010/ccs/tools/compiler/ti-cgt-msp430_20.2.1.LTS/lib/</path>
         <kind>archive</kind>
         <file>rts430x_lc_ld_eabi.lib</file>
         <name>mult1632_f5hw.asm.obj</name>
      </input_file>
      <input_file id="fl-89">
         <path>/home/rtos/ti/ccs1010/ccs/tools/compiler/ti-cgt-msp430_20.2.1.LTS/lib/</path>
         <kind>archive</kind>
         <file>rts430x_lc_ld_eabi.lib</file>
         <name>mult3264_f5hw.asm.obj</name>
      </input_file>
      <input_file id="fl-8a">
         <path>/home/rtos/ti/ccs1010/ccs/tools/compiler/ti-cgt-msp430_20.2.1.LTS/lib/</path>
         <kind>archive</kind>
         <file>rts430x_lc_ld_eabi.lib</file>
         <name>lsl16.asm.obj</name>
      </input_file>
      <input_file id="fl-8b">
         <path>/home/rtos/ti/ccs1010/ccs/tools/compiler/ti-cgt-msp430_20.2.1.LTS/lib/</path>
         <kind>archive</kind>
         <file>rts430x_lc_ld_eabi.lib</file>
         <name>asr16.asm.obj</name>
      </input_file>
      <input_file id="fl-8c">
         <path>/home/rtos/ti/ccs1010/ccs/tools/compiler/ti-cgt-msp430_20.2.1.LTS/lib/</path>
         <kind>archive</kind>
         <file>rts430x_lc_ld_eabi.lib</file>
         <name>lsr32.asm.obj</name>
      </input_file>
      <input_file id="fl-8d">
         <path>/home/rtos/ti/ccs1010/ccs/tools/compiler/ti-cgt-msp430_20.2.1.LTS/lib/</path>
         <kind>archive</kind>
         <file>rts430x_lc_ld_eabi.lib</file>
         <name>boot.c.obj</name>
      </input_file>
      <input_file id="fl-8e">
         <path>/home/rtos/ti/ccs1010/ccs/tools/compiler/ti-cgt-msp430_20.2.1.LTS/lib/</path>
         <kind>archive</kind>
         <file>rts430x_lc_ld_eabi.lib</file>
         <name>mpu_init.c.obj</name>
      </input_file>
      <input_file id="fl-8f">
         <path>/home/rtos/ti/ccs1010/ccs/tools/compiler/ti-cgt-msp430_20.2.1.LTS/lib/</path>
         <kind>archive</kind>
         <file>rts430x_lc_ld_eabi.lib</file>
         <name>args_main.c.obj</name>
      </input_file>
      <input_file id="fl-90">
         <path>/home/rtos/ti/ccs1010/ccs/tools/compiler/ti-cgt-msp430_20.2.1.LTS/lib/</path>
         <kind>archive</kind>
         <file>rts430x_lc_ld_eabi.lib</file>
         <name>autoinit.c.obj</name>
      </input_file>
      <input_file id="fl-91">
         <path>/home/rtos/ti/ccs1010/ccs/tools/compiler/ti-cgt-msp430_20.2.1.LTS/lib/</path>
         <kind>archive</kind>
         <file>rts430x_lc_ld_eabi.lib</file>
         <name>asr32.asm.obj</name>
      </input_file>
      <input_file id="fl-92">
         <path>/home/rtos/ti/ccs1010/ccs/tools/compiler/ti-cgt-msp430_20.2.1.LTS/lib/</path>
         <kind>archive</kind>
         <file>rts430x_lc_ld_eabi.lib</file>
         <name>startup.c.obj</name>
      </input_file>
      <input_file id="fl-93">
         <path>/home/rtos/ti/ccs1010/ccs/tools/compiler/ti-cgt-msp430_20.2.1.LTS/lib/</path>
         <kind>archive</kind>
         <file>rts430x_lc_ld_eabi.lib</file>
         <name>cpy_tbl.c.obj</name>
      </input_file>
      <input_file id="fl-94">
         <path>/home/rtos/ti/ccs1010/ccs/tools/compiler/ti-cgt-msp430_20.2.1.LTS/lib/</path>
         <kind>archive</kind>
         <file>rts430x_lc_ld_eabi.lib</file>
         <name>exit.c.obj</name>
      </input_file>
      <input_file id="fl-95">
         <path>/home/rtos/ti/ccs1010/ccs/tools/compiler/ti-cgt-msp430_20.2.1.LTS/lib/</path>
         <kind>archive</kind>
         <file>rts430x_lc_ld_eabi.lib</file>
         <name>exit_gvars.c.obj</name>
      </input_file>
      <input_file id="fl-96">
         <path>/home/rtos/ti/ccs1010/ccs/tools/compiler/ti-cgt-msp430_20.2.1.LTS/lib/</path>
         <kind>archive</kind>
         <file>rts430x_lc_ld_eabi.lib</file>
         <name>_lock.c.obj</name>
      </input_file>
      <input_file id="fl-97">
         <path>/home/rtos/ti/ccs1010/ccs/tools/compiler/ti-cgt-msp430_20.2.1.LTS/lib/</path>
         <kind>archive</kind>
         <file>rts430x_lc_ld_eabi.lib</file>
         <name>memcpy.c.obj</name>
      </input_file>
      <input_file id="fl-98">
         <path>/home/rtos/ti/ccs1010/ccs/tools/compiler/ti-cgt-msp430_20.2.1.LTS/lib/</path>
         <kind>archive</kind>
         <file>rts430x_lc_ld_eabi.lib</file>
         <name>memset.c.obj</name>
      </input_file>
      <input_file id="fl-99">
         <path>/home/rtos/ti/ccs1010/ccs/tools/compiler/ti-cgt-msp430_20.2.1.LTS/lib/</path>
         <kind>archive</kind>
         <file>rts430x_lc_ld_eabi.lib</file>
         <name>fputc.c.obj</name>
      </input_file>
      <input_file id="fl-9a">
         <path>/home/rtos/ti/ccs1010/ccs/tools/compiler/ti-cgt-msp430_20.2.1.LTS/lib/</path>
         <kind>archive</kind>
         <file>rts430x_lc_ld_eabi.lib</file>
         <name>fflush.c.obj</name>
      </input_file>
      <input_file id="fl-9b">
         <path>/home/rtos/ti/ccs1010/ccs/tools/compiler/ti-cgt-msp430_20.2.1.LTS/lib/</path>
         <kind>archive</kind>
         <file>rts430x_lc_ld_eabi.lib</file>
         <name>defs.c.obj</name>
      </input_file>
      <input_file id="fl-9c">
         <path>/home/rtos/ti/ccs1010/ccs/tools/compiler/ti-cgt-msp430_20.2.1.LTS/lib/</path>
         <kind>archive</kind>
         <file>rts430x_lc_ld_eabi.lib</file>
         <name>_io_perm.c.obj</name>
      </input_file>
      <input_file id="fl-9d">
         <path>/home/rtos/ti/ccs1010/ccs/tools/compiler/ti-cgt-msp430_20.2.1.LTS/lib/</path>
         <kind>archive</kind>
         <file>rts430x_lc_ld_eabi.lib</file>
         <name>fseek.c.obj</name>
      </input_file>
      <input_file id="fl-9e">
         <path>/home/rtos/ti/ccs1010/ccs/tools/compiler/ti-cgt-msp430_20.2.1.LTS/lib/</path>
         <kind>archive</kind>
         <file>rts430x_lc_ld_eabi.lib</file>
         <name>lseek.c.obj</name>
      </input_file>
      <input_file id="fl-9f">
         <path>/home/rtos/ti/ccs1010/ccs/tools/compiler/ti-cgt-msp430_20.2.1.LTS/lib/</path>
         <kind>archive</kind>
         <file>rts430x_lc_ld_eabi.lib</file>
         <name>host_device.c.obj</name>
      </input_file>
      <input_file id="fl-a0">
         <path>/home/rtos/ti/ccs1010/ccs/tools/compiler/ti-cgt-msp430_20.2.1.LTS/lib/</path>
         <kind>archive</kind>
         <file>rts430x_lc_ld_eabi.lib</file>
         <name>hostclose.c.obj</name>
      </input_file>
      <input_file id="fl-a1">
         <path>/home/rtos/ti/ccs1010/ccs/tools/compiler/ti-cgt-msp430_20.2.1.LTS/lib/</path>
         <kind>archive</kind>
         <file>rts430x_lc_ld_eabi.lib</file>
         <name>hostlseek.c.obj</name>
      </input_file>
      <input_file id="fl-a2">
         <path>/home/rtos/ti/ccs1010/ccs/tools/compiler/ti-cgt-msp430_20.2.1.LTS/lib/</path>
         <kind>archive</kind>
         <file>rts430x_lc_ld_eabi.lib</file>
         <name>hostopen.c.obj</name>
      </input_file>
      <input_file id="fl-a3">
         <path>/home/rtos/ti/ccs1010/ccs/tools/compiler/ti-cgt-msp430_20.2.1.LTS/lib/</path>
         <kind>archive</kind>
         <file>rts430x_lc_ld_eabi.lib</file>
         <name>hostread.c.obj</name>
      </input_file>
      <input_file id="fl-a4">
         <path>/home/rtos/ti/ccs1010/ccs/tools/compiler/ti-cgt-msp430_20.2.1.LTS/lib/</path>
         <kind>archive</kind>
         <file>rts430x_lc_ld_eabi.lib</file>
         <name>hostrename.c.obj</name>
      </input_file>
      <input_file id="fl-a5">
         <path>/home/rtos/ti/ccs1010/ccs/tools/compiler/ti-cgt-msp430_20.2.1.LTS/lib/</path>
         <kind>archive</kind>
         <file>rts430x_lc_ld_eabi.lib</file>
         <name>hostunlink.c.obj</name>
      </input_file>
      <input_file id="fl-a6">
         <path>/home/rtos/ti/ccs1010/ccs/tools/compiler/ti-cgt-msp430_20.2.1.LTS/lib/</path>
         <kind>archive</kind>
         <file>rts430x_lc_ld_eabi.lib</file>
         <name>hostwrite.c.obj</name>
      </input_file>
      <input_file id="fl-a7">
         <path>/home/rtos/ti/ccs1010/ccs/tools/compiler/ti-cgt-msp430_20.2.1.LTS/lib/</path>
         <kind>archive</kind>
         <file>rts430x_lc_ld_eabi.lib</file>
         <name>trgmsg.c.obj</name>
      </input_file>
      <input_file id="fl-a8">
         <path>/home/rtos/ti/ccs1010/ccs/tools/compiler/ti-cgt-msp430_20.2.1.LTS/lib/</path>
         <kind>archive</kind>
         <file>rts430x_lc_ld_eabi.lib</file>
         <name>lsl32.asm.obj</name>
      </input_file>
      <input_file id="fl-a9">
         <path>/home/rtos/ti/ccs1010/ccs/tools/compiler/ti-cgt-msp430_20.2.1.LTS/lib/</path>
         <kind>archive</kind>
         <file>rts430x_lc_ld_eabi.lib</file>
         <name>setvbuf.c.obj</name>
      </input_file>
      <input_file id="fl-aa">
         <path>/home/rtos/ti/ccs1010/ccs/tools/compiler/ti-cgt-msp430_20.2.1.LTS/lib/</path>
         <kind>archive</kind>
         <file>rts430x_lc_ld_eabi.lib</file>
         <name>fopen.c.obj</name>
      </input_file>
      <input_file id="fl-ab">
         <path>/home/rtos/ti/ccs1010/ccs/tools/compiler/ti-cgt-msp430_20.2.1.LTS/lib/</path>
         <kind>archive</kind>
         <file>rts430x_lc_ld_eabi.lib</file>
         <name>fclose.c.obj</name>
      </input_file>
      <input_file id="fl-ac">
         <path>/home/rtos/ti/ccs1010/ccs/tools/compiler/ti-cgt-msp430_20.2.1.LTS/lib/</path>
         <kind>archive</kind>
         <file>rts430x_lc_ld_eabi.lib</file>
         <name>close.c.obj</name>
      </input_file>
      <input_file id="fl-ad">
         <path>/home/rtos/ti/ccs1010/ccs/tools/compiler/ti-cgt-msp430_20.2.1.LTS/lib/</path>
         <kind>archive</kind>
         <file>rts430x_lc_ld_eabi.lib</file>
         <name>memory.c.obj</name>
      </input_file>
      <input_file id="fl-ae">
         <path>/home/rtos/ti/ccs1010/ccs/tools/compiler/ti-cgt-msp430_20.2.1.LTS/lib/</path>
         <kind>archive</kind>
         <file>rts430x_lc_ld_eabi.lib</file>
         <name>open.c.obj</name>
      </input_file>
      <input_file id="fl-af">
         <path>/home/rtos/ti/ccs1010/ccs/tools/compiler/ti-cgt-msp430_20.2.1.LTS/lib/</path>
         <kind>archive</kind>
         <file>rts430x_lc_ld_eabi.lib</file>
         <name>getdevice.c.obj</name>
      </input_file>
      <input_file id="fl-b0">
         <path>/home/rtos/ti/ccs1010/ccs/tools/compiler/ti-cgt-msp430_20.2.1.LTS/lib/</path>
         <kind>archive</kind>
         <file>rts430x_lc_ld_eabi.lib</file>
         <name>remove.c.obj</name>
      </input_file>
      <input_file id="fl-b1">
         <path>/home/rtos/ti/ccs1010/ccs/tools/compiler/ti-cgt-msp430_20.2.1.LTS/lib/</path>
         <kind>archive</kind>
         <file>rts430x_lc_ld_eabi.lib</file>
         <name>sprintf.c.obj</name>
      </input_file>
      <input_file id="fl-b2">
         <path>/home/rtos/ti/ccs1010/ccs/tools/compiler/ti-cgt-msp430_20.2.1.LTS/lib/</path>
         <kind>archive</kind>
         <file>rts430x_lc_ld_eabi.lib</file>
         <name>_printfi.c.obj</name>
      </input_file>
      <input_file id="fl-b3">
         <path>/home/rtos/ti/ccs1010/ccs/tools/compiler/ti-cgt-msp430_20.2.1.LTS/lib/</path>
         <kind>archive</kind>
         <file>rts430x_lc_ld_eabi.lib</file>
         <name>_ltoa.c.obj</name>
      </input_file>
      <input_file id="fl-b4">
         <path>/home/rtos/ti/ccs1010/ccs/tools/compiler/ti-cgt-msp430_20.2.1.LTS/lib/</path>
         <kind>archive</kind>
         <file>rts430x_lc_ld_eabi.lib</file>
         <name>cmpd.c.obj</name>
      </input_file>
      <input_file id="fl-b5">
         <path>/home/rtos/ti/ccs1010/ccs/tools/compiler/ti-cgt-msp430_20.2.1.LTS/lib/</path>
         <kind>archive</kind>
         <file>rts430x_lc_ld_eabi.lib</file>
         <name>divd.c.obj</name>
      </input_file>
      <input_file id="fl-b6">
         <path>/home/rtos/ti/ccs1010/ccs/tools/compiler/ti-cgt-msp430_20.2.1.LTS/lib/</path>
         <kind>archive</kind>
         <file>rts430x_lc_ld_eabi.lib</file>
         <name>frcdivd.c.obj</name>
      </input_file>
      <input_file id="fl-b7">
         <path>/home/rtos/ti/ccs1010/ccs/tools/compiler/ti-cgt-msp430_20.2.1.LTS/lib/</path>
         <kind>archive</kind>
         <file>rts430x_lc_ld_eabi.lib</file>
         <name>div64u.c.obj</name>
      </input_file>
      <input_file id="fl-b8">
         <path>/home/rtos/ti/ccs1010/ccs/tools/compiler/ti-cgt-msp430_20.2.1.LTS/lib/</path>
         <kind>archive</kind>
         <file>rts430x_lc_ld_eabi.lib</file>
         <name>fixdi.c.obj</name>
      </input_file>
      <input_file id="fl-b9">
         <path>/home/rtos/ti/ccs1010/ccs/tools/compiler/ti-cgt-msp430_20.2.1.LTS/lib/</path>
         <kind>archive</kind>
         <file>rts430x_lc_ld_eabi.lib</file>
         <name>fixdli.c.obj</name>
      </input_file>
      <input_file id="fl-ba">
         <path>/home/rtos/ti/ccs1010/ccs/tools/compiler/ti-cgt-msp430_20.2.1.LTS/lib/</path>
         <kind>archive</kind>
         <file>rts430x_lc_ld_eabi.lib</file>
         <name>fltid.c.obj</name>
      </input_file>
      <input_file id="fl-bb">
         <path>/home/rtos/ti/ccs1010/ccs/tools/compiler/ti-cgt-msp430_20.2.1.LTS/lib/</path>
         <kind>archive</kind>
         <file>rts430x_lc_ld_eabi.lib</file>
         <name>fltlid.c.obj</name>
      </input_file>
      <input_file id="fl-bc">
         <path>/home/rtos/ti/ccs1010/ccs/tools/compiler/ti-cgt-msp430_20.2.1.LTS/lib/</path>
         <kind>archive</kind>
         <file>rts430x_lc_ld_eabi.lib</file>
         <name>mpyd.c.obj</name>
      </input_file>
      <input_file id="fl-bd">
         <path>/home/rtos/ti/ccs1010/ccs/tools/compiler/ti-cgt-msp430_20.2.1.LTS/lib/</path>
         <kind>archive</kind>
         <file>rts430x_lc_ld_eabi.lib</file>
         <name>frcmpyd.c.obj</name>
      </input_file>
      <input_file id="fl-be">
         <path>/home/rtos/ti/ccs1010/ccs/tools/compiler/ti-cgt-msp430_20.2.1.LTS/lib/</path>
         <kind>archive</kind>
         <file>rts430x_lc_ld_eabi.lib</file>
         <name>negd.c.obj</name>
      </input_file>
      <input_file id="fl-bf">
         <path>/home/rtos/ti/ccs1010/ccs/tools/compiler/ti-cgt-msp430_20.2.1.LTS/lib/</path>
         <kind>archive</kind>
         <file>rts430x_lc_ld_eabi.lib</file>
         <name>lsl64.c.obj</name>
      </input_file>
      <input_file id="fl-c0">
         <path>/home/rtos/ti/ccs1010/ccs/tools/compiler/ti-cgt-msp430_20.2.1.LTS/lib/</path>
         <kind>archive</kind>
         <file>rts430x_lc_ld_eabi.lib</file>
         <name>lsr64.c.obj</name>
      </input_file>
      <input_file id="fl-c1">
         <path>/home/rtos/ti/ccs1010/ccs/tools/compiler/ti-cgt-msp430_20.2.1.LTS/lib/</path>
         <kind>archive</kind>
         <file>rts430x_lc_ld_eabi.lib</file>
         <name>subd.c.obj</name>
      </input_file>
      <input_file id="fl-c2">
         <path>/home/rtos/ti/ccs1010/ccs/tools/compiler/ti-cgt-msp430_20.2.1.LTS/lib/</path>
         <kind>archive</kind>
         <file>rts430x_lc_ld_eabi.lib</file>
         <name>addd.c.obj</name>
      </input_file>
      <input_file id="fl-c3">
         <path>/home/rtos/ti/ccs1010/ccs/tools/compiler/ti-cgt-msp430_20.2.1.LTS/lib/</path>
         <kind>archive</kind>
         <file>rts430x_lc_ld_eabi.lib</file>
         <name>frcaddd.c.obj</name>
      </input_file>
      <input_file id="fl-c4">
         <path>/home/rtos/ti/ccs1010/ccs/tools/compiler/ti-cgt-msp430_20.2.1.LTS/lib/</path>
         <kind>archive</kind>
         <file>rts430x_lc_ld_eabi.lib</file>
         <name>renormd.c.obj</name>
      </input_file>
      <input_file id="fl-c5">
         <path>/home/rtos/ti/ccs1010/ccs/tools/compiler/ti-cgt-msp430_20.2.1.LTS/lib/</path>
         <kind>archive</kind>
         <file>rts430x_lc_ld_eabi.lib</file>
         <name>abs.c.obj</name>
      </input_file>
      <input_file id="fl-c6">
         <path>/home/rtos/ti/ccs1010/ccs/tools/compiler/ti-cgt-msp430_20.2.1.LTS/lib/</path>
         <kind>archive</kind>
         <file>rts430x_lc_ld_eabi.lib</file>
         <name>atoi.c.obj</name>
      </input_file>
      <input_file id="fl-c7">
         <path>/home/rtos/ti/ccs1010/ccs/tools/compiler/ti-cgt-msp430_20.2.1.LTS/lib/</path>
         <kind>archive</kind>
         <file>rts430x_lc_ld_eabi.lib</file>
         <name>ctype.c.obj</name>
      </input_file>
      <input_file id="fl-c8">
         <path>/home/rtos/ti/ccs1010/ccs/tools/compiler/ti-cgt-msp430_20.2.1.LTS/lib/</path>
         <kind>archive</kind>
         <file>rts430x_lc_ld_eabi.lib</file>
         <name>errno.c.obj</name>
      </input_file>
      <input_file id="fl-c9">
         <path>/home/rtos/ti/ccs1010/ccs/tools/compiler/ti-cgt-msp430_20.2.1.LTS/lib/</path>
         <kind>archive</kind>
         <file>rts430x_lc_ld_eabi.lib</file>
         <name>s_frexp.c.obj</name>
      </input_file>
      <input_file id="fl-ca">
         <path>/home/rtos/ti/ccs1010/ccs/tools/compiler/ti-cgt-msp430_20.2.1.LTS/lib/</path>
         <kind>archive</kind>
         <file>rts430x_lc_ld_eabi.lib</file>
         <name>s_scalbn.c.obj</name>
      </input_file>
      <input_file id="fl-cb">
         <path>/home/rtos/ti/ccs1010/ccs/tools/compiler/ti-cgt-msp430_20.2.1.LTS/lib/</path>
         <kind>archive</kind>
         <file>rts430x_lc_ld_eabi.lib</file>
         <name>s_copysign.c.obj</name>
      </input_file>
      <input_file id="fl-cc">
         <path>/home/rtos/ti/ccs1010/ccs/tools/compiler/ti-cgt-msp430_20.2.1.LTS/lib/</path>
         <kind>archive</kind>
         <file>rts430x_lc_ld_eabi.lib</file>
         <name>memccpy.c.obj</name>
      </input_file>
      <input_file id="fl-cd">
         <path>/home/rtos/ti/ccs1010/ccs/tools/compiler/ti-cgt-msp430_20.2.1.LTS/lib/</path>
         <kind>archive</kind>
         <file>rts430x_lc_ld_eabi.lib</file>
         <name>strchr.c.obj</name>
      </input_file>
      <input_file id="fl-ce">
         <path>/home/rtos/ti/ccs1010/ccs/tools/compiler/ti-cgt-msp430_20.2.1.LTS/lib/</path>
         <kind>archive</kind>
         <file>rts430x_lc_ld_eabi.lib</file>
         <name>strcmp.c.obj</name>
      </input_file>
      <input_file id="fl-cf">
         <path>/home/rtos/ti/ccs1010/ccs/tools/compiler/ti-cgt-msp430_20.2.1.LTS/lib/</path>
         <kind>archive</kind>
         <file>rts430x_lc_ld_eabi.lib</file>
         <name>strcpy.c.obj</name>
      </input_file>
      <input_file id="fl-d0">
         <path>/home/rtos/ti/ccs1010/ccs/tools/compiler/ti-cgt-msp430_20.2.1.LTS/lib/</path>
         <kind>archive</kind>
         <file>rts430x_lc_ld_eabi.lib</file>
         <name>strlen.c.obj</name>
      </input_file>
      <input_file id="fl-d1">
         <path>/home/rtos/ti/ccs1010/ccs/tools/compiler/ti-cgt-msp430_20.2.1.LTS/lib/</path>
         <kind>archive</kind>
         <file>rts430x_lc_ld_eabi.lib</file>
         <name>strncat.c.obj</name>
      </input_file>
      <input_file id="fl-d2">
         <path>/home/rtos/ti/ccs1010/ccs/tools/compiler/ti-cgt-msp430_20.2.1.LTS/lib/</path>
         <kind>archive</kind>
         <file>rts430x_lc_ld_eabi.lib</file>
         <name>strncmp.c.obj</name>
      </input_file>
      <input_file id="fl-d3">
         <path>/home/rtos/ti/ccs1010/ccs/tools/compiler/ti-cgt-msp430_20.2.1.LTS/lib/</path>
         <kind>archive</kind>
         <file>rts430x_lc_ld_eabi.lib</file>
         <name>strncpy.c.obj</name>
      </input_file>
      <input_file id="fl-d4">
         <path>/home/rtos/ti/ccs1010/ccs/tools/compiler/ti-cgt-msp430_20.2.1.LTS/lib/</path>
         <kind>archive</kind>
         <file>rts430x_lc_ld_eabi.lib</file>
         <name>toupper.c.obj</name>
      </input_file>
      <input_file id="fl-d5">
         <path>/home/rtos/ti/ccs1010/ccs/tools/compiler/ti-cgt-msp430_20.2.1.LTS/lib/</path>
         <kind>archive</kind>
         <file>rts430x_lc_ld_eabi.lib</file>
         <name>unlink.c.obj</name>
      </input_file>
      <input_file id="fl-d6">
         <path>/home/rtos/ti/ccs1010/ccs/tools/compiler/ti-cgt-msp430_20.2.1.LTS/lib/</path>
         <kind>archive</kind>
         <file>rts430x_lc_ld_eabi.lib</file>
         <name>wcslen.c.obj</name>
      </input_file>
      <input_file id="fl-d7">
         <path>/home/rtos/ti/ccs1010/ccs/tools/compiler/ti-cgt-msp430_20.2.1.LTS/lib/</path>
         <kind>archive</kind>
         <file>rts430x_lc_ld_eabi.lib</file>
         <name>write.c.obj</name>
      </input_file>
   </input_file_list>
   <object_component_list>
      <object_component id="oc-b59">
         <name>.TI.persistent:ucHeap</name>
         <load_address>0x4000</load_address>
         <run_address>0x4000</run_address>
         <size>0x3800</size>
         <input_file_ref idref="fl-3"/>
      </object_component>
      <object_component id="oc-ce0">
         <name>.cio</name>
         <load_address>0x7800</load_address>
         <run_address>0x7800</run_address>
         <size>0x120</size>
         <input_file_ref idref="fl-a7"/>
      </object_component>
      <object_component id="oc-69a">
         <name>.sysmem</name>
         <load_address>0x7920</load_address>
         <run_address>0x7920</run_address>
         <size>0x8</size>
         <input_file_ref idref="fl-ad"/>
      </object_component>
      <object_component id="oc-da8">
         <name>.sysmem</name>
         <load_address>0x7920</load_address>
         <run_address>0x7920</run_address>
         <size>0x0</size>
      </object_component>
      <object_component id="oc-da6">
         <name>.cinit..data.load</name>
         <load_address>0x812a</load_address>
         <run_address>0x812a</run_address>
         <size>0x5b</size>
      </object_component>
      <object_component id="oc-da3">
         <name>__TI_handler_table</name>
         <load_address>0x8186</load_address>
         <run_address>0x8186</run_address>
         <size>0xc</size>
      </object_component>
      <object_component id="oc-da5">
         <name>.cinit..bss.load</name>
         <load_address>0x8192</load_address>
         <run_address>0x8192</run_address>
         <size>0x6</size>
      </object_component>
      <object_component id="oc-da4">
         <name>__TI_cinit_table</name>
         <load_address>0x8198</load_address>
         <run_address>0x8198</run_address>
         <size>0x10</size>
      </object_component>
      <object_component id="oc-d32">
         <name>.binit</name>
         <load_address>0x4000</load_address>
         <run_address>0x4000</run_address>
         <size>0x0</size>
      </object_component>
      <object_component id="oc-6c6">
         <name>.text:_isr:prvUSCI_A0_ISR</name>
         <load_address>0x8000</load_address>
         <run_address>0x8000</run_address>
         <size>0x6a</size>
         <input_file_ref idref="fl-15"/>
      </object_component>
      <object_component id="oc-6de">
         <name>.text:_isr:_c_int00_noargs</name>
         <load_address>0x806a</load_address>
         <run_address>0x806a</run_address>
         <size>0x1c</size>
         <input_file_ref idref="fl-8d"/>
      </object_component>
      <object_component id="oc-6ba">
         <name>.text:_isr:v4RunTimeStatsTimerOverflow</name>
         <load_address>0x8086</load_address>
         <run_address>0x8086</run_address>
         <size>0x14</size>
         <input_file_ref idref="fl-14"/>
      </object_component>
      <object_component id="oc-6c0">
         <name>.text:_isr:vTickISREntry</name>
         <load_address>0x809a</load_address>
         <run_address>0x809a</run_address>
         <size>0x10</size>
         <input_file_ref idref="fl-e"/>
      </object_component>
      <object_component id="oc-6b5">
         <name>.text:_isr:__TI_ISR_TRAP</name>
         <load_address>0x80aa</load_address>
         <run_address>0x80aa</run_address>
         <size>0x8</size>
         <input_file_ref idref="fl-5c"/>
      </object_component>
      <object_component id="oc-885">
         <name>.const:.string</name>
         <load_address>0x80b2</load_address>
         <run_address>0x80b2</run_address>
         <size>0x2e</size>
         <input_file_ref idref="fl-c"/>
      </object_component>
      <object_component id="oc-91b">
         <name>.const:.string</name>
         <load_address>0x80e0</load_address>
         <run_address>0x80e0</run_address>
         <size>0x24</size>
         <input_file_ref idref="fl-5"/>
      </object_component>
      <object_component id="oc-9b4">
         <name>.const:GPIO_PORT_TO_BASE</name>
         <load_address>0x8104</load_address>
         <run_address>0x8104</run_address>
         <size>0x1c</size>
         <input_file_ref idref="fl-2a"/>
      </object_component>
      <object_component id="oc-b8e">
         <name>.const:.string</name>
         <load_address>0x8120</load_address>
         <run_address>0x8120</run_address>
         <size>0x8</size>
         <input_file_ref idref="fl-4"/>
      </object_component>
      <object_component id="oc-a8b">
         <name>.const</name>
         <load_address>0x8128</load_address>
         <run_address>0x8128</run_address>
         <size>0x2</size>
         <input_file_ref idref="fl-c"/>
      </object_component>
      <object_component id="oc-794">
         <name>.text:xTaskIncrementTick</name>
         <load_address>0x10000</load_address>
         <run_address>0x10000</run_address>
         <size>0x1f4</size>
         <input_file_ref idref="fl-c"/>
      </object_component>
      <object_component id="oc-c42">
         <name>.text:aligned_alloc</name>
         <load_address>0x101f4</load_address>
         <run_address>0x101f4</run_address>
         <size>0x1c2</size>
         <input_file_ref idref="fl-ad"/>
      </object_component>
      <object_component id="oc-b2c">
         <name>.text:tiny_print</name>
         <load_address>0x103b6</load_address>
         <run_address>0x103b6</run_address>
         <size>0x1c0</size>
         <input_file_ref idref="fl-4"/>
      </object_component>
      <object_component id="oc-ae4">
         <name>.text:xTaskResumeAll</name>
         <load_address>0x10576</load_address>
         <run_address>0x10576</run_address>
         <size>0x18c</size>
         <input_file_ref idref="fl-c"/>
      </object_component>
      <object_component id="oc-a34">
         <name>.text:pvPortMalloc</name>
         <load_address>0x10702</load_address>
         <run_address>0x10702</run_address>
         <size>0x184</size>
         <input_file_ref idref="fl-10"/>
      </object_component>
      <object_component id="oc-bfc">
         <name>.text:free</name>
         <load_address>0x10886</load_address>
         <run_address>0x10886</run_address>
         <size>0x14c</size>
         <input_file_ref idref="fl-ad"/>
      </object_component>
      <object_component id="oc-7b4">
         <name>.text:xTaskRemoveFromEventList</name>
         <load_address>0x109d2</load_address>
         <run_address>0x109d2</run_address>
         <size>0x14c</size>
         <input_file_ref idref="fl-c"/>
      </object_component>
      <object_component id="oc-a62">
         <name>.text:prvInitialiseNewTask</name>
         <load_address>0x10b1e</load_address>
         <run_address>0x10b1e</run_address>
         <size>0x134</size>
         <input_file_ref idref="fl-c"/>
      </object_component>
      <object_component id="oc-be3">
         <name>.text:setvbuf</name>
         <load_address>0x10c52</load_address>
         <run_address>0x10c52</run_address>
         <size>0xfa</size>
         <input_file_ref idref="fl-a9"/>
      </object_component>
      <object_component id="oc-7d8">
         <name>.text:main_lab</name>
         <load_address>0x10d4c</load_address>
         <run_address>0x10d4c</run_address>
         <size>0xf8</size>
         <input_file_ref idref="fl-5"/>
      </object_component>
      <object_component id="oc-b88">
         <name>.text:printi</name>
         <load_address>0x10e44</load_address>
         <run_address>0x10e44</run_address>
         <size>0xf0</size>
         <input_file_ref idref="fl-4"/>
      </object_component>
      <object_component id="oc-7d2">
         <name>.text:prvSetupHardware</name>
         <load_address>0x10f34</load_address>
         <run_address>0x10f34</run_address>
         <size>0xe8</size>
         <input_file_ref idref="fl-3"/>
      </object_component>
      <object_component id="oc-a68">
         <name>.text:prvAddNewTaskToReadyList</name>
         <load_address>0x1101c</load_address>
         <run_address>0x1101c</run_address>
         <size>0xe2</size>
         <input_file_ref idref="fl-c"/>
      </object_component>
      <object_component id="oc-af1">
         <name>.text:xQueueGenericReset</name>
         <load_address>0x110fe</load_address>
         <run_address>0x110fe</run_address>
         <size>0xde</size>
         <input_file_ref idref="fl-a"/>
      </object_component>
      <object_component id="oc-890">
         <name>.text:xTaskPriorityDisinherit</name>
         <load_address>0x111dc</load_address>
         <run_address>0x111dc</run_address>
         <size>0xd0</size>
         <input_file_ref idref="fl-c"/>
      </object_component>
      <object_component id="oc-ad5">
         <name>.text:prvHeapInit</name>
         <load_address>0x112ac</load_address>
         <run_address>0x112ac</run_address>
         <size>0xc6</size>
         <input_file_ref idref="fl-10"/>
      </object_component>
      <object_component id="oc-af9">
         <name>.text:prvAddCurrentTaskToDelayedList</name>
         <load_address>0x11372</load_address>
         <run_address>0x11372</run_address>
         <size>0xc4</size>
         <input_file_ref idref="fl-c"/>
      </object_component>
      <object_component id="oc-c8e">
         <name>.text:split</name>
         <load_address>0x11436</load_address>
         <run_address>0x11436</run_address>
         <size>0xc2</size>
         <input_file_ref idref="fl-ad"/>
      </object_component>
      <object_component id="oc-a49">
         <name>.text:xTaskDelayUntil</name>
         <load_address>0x114f8</load_address>
         <run_address>0x114f8</run_address>
         <size>0xb0</size>
         <input_file_ref idref="fl-c"/>
      </object_component>
      <object_component id="oc-79a">
         <name>.text:vTaskSwitchContext</name>
         <load_address>0x115a8</load_address>
         <run_address>0x115a8</run_address>
         <size>0xae</size>
         <input_file_ref idref="fl-c"/>
      </object_component>
      <object_component id="oc-724">
         <name>.text</name>
         <load_address>0x11656</load_address>
         <run_address>0x11656</run_address>
         <size>0xa6</size>
         <input_file_ref idref="fl-f"/>
      </object_component>
      <object_component id="oc-87f">
         <name>.text:concat_buf_number</name>
         <load_address>0x116fc</load_address>
         <run_address>0x116fc</run_address>
         <size>0xa2</size>
         <input_file_ref idref="fl-c"/>
      </object_component>
      <object_component id="oc-7ae">
         <name>.text:prvCopyDataToQueue</name>
         <load_address>0x1179e</load_address>
         <run_address>0x1179e</run_address>
         <size>0x9e</size>
         <input_file_ref idref="fl-a"/>
      </object_component>
      <object_component id="oc-a55">
         <name>.text:vTaskDelete</name>
         <load_address>0x1183c</load_address>
         <run_address>0x1183c</run_address>
         <size>0x9c</size>
         <input_file_ref idref="fl-c"/>
      </object_component>
      <object_component id="oc-c6d">
         <name>.text:HOSTlseek</name>
         <load_address>0x118d8</load_address>
         <run_address>0x118d8</run_address>
         <size>0x9a</size>
         <input_file_ref idref="fl-a1"/>
      </object_component>
      <object_component id="oc-a5c">
         <name>.text:vPortFree</name>
         <load_address>0x11972</load_address>
         <run_address>0x11972</run_address>
         <size>0x98</size>
         <input_file_ref idref="fl-10"/>
      </object_component>
      <object_component id="oc-72d">
         <name>.text:xQueueGenericSendFromISR</name>
         <load_address>0x11a0a</load_address>
         <run_address>0x11a0a</run_address>
         <size>0x94</size>
         <input_file_ref idref="fl-a"/>
      </object_component>
      <object_component id="oc-bb7">
         <name>.text:fputc</name>
         <load_address>0x11a9e</load_address>
         <run_address>0x11a9e</run_address>
         <size>0x90</size>
         <input_file_ref idref="fl-99"/>
      </object_component>
      <object_component id="oc-91c">
         <name>.text:xTaskCreate</name>
         <load_address>0x11b2e</load_address>
         <run_address>0x11b2e</run_address>
         <size>0x8a</size>
         <input_file_ref idref="fl-c"/>
      </object_component>
      <object_component id="oc-bc2">
         <name>.text:__TI_wrt_ok</name>
         <load_address>0x11bb8</load_address>
         <run_address>0x11bb8</run_address>
         <size>0x86</size>
         <input_file_ref idref="fl-9c"/>
      </object_component>
      <object_component id="oc-b82">
         <name>.text:prints</name>
         <load_address>0x11c3e</load_address>
         <run_address>0x11c3e</run_address>
         <size>0x86</size>
         <input_file_ref idref="fl-4"/>
      </object_component>
      <object_component id="oc-92e">
         <name>.text:print</name>
         <load_address>0x11cc4</load_address>
         <run_address>0x11cc4</run_address>
         <size>0x80</size>
         <input_file_ref idref="fl-5"/>
      </object_component>
      <object_component id="oc-733">
         <name>.text:xQueueReceiveFromISR</name>
         <load_address>0x11d44</load_address>
         <run_address>0x11d44</run_address>
         <size>0x7e</size>
         <input_file_ref idref="fl-a"/>
      </object_component>
      <object_component id="oc-803">
         <name>.text:__TI_auto_init_nobinit_nopinit_hold_wdt:__TI_auto_init_nobinit_nopinit_hold_wdt</name>
         <load_address>0x11dc2</load_address>
         <run_address>0x11dc2</run_address>
         <size>0x78</size>
         <input_file_ref idref="fl-90"/>
      </object_component>
      <object_component id="oc-915">
         <name>.text:Task2_1</name>
         <load_address>0x11e3a</load_address>
         <run_address>0x11e3a</run_address>
         <size>0x76</size>
         <input_file_ref idref="fl-5"/>
      </object_component>
      <object_component id="oc-922">
         <name>.text:Task2_2</name>
         <load_address>0x11eb0</load_address>
         <run_address>0x11eb0</run_address>
         <size>0x76</size>
         <input_file_ref idref="fl-5"/>
      </object_component>
      <object_component id="oc-928">
         <name>.text:Task2_3</name>
         <load_address>0x11f26</load_address>
         <run_address>0x11f26</run_address>
         <size>0x76</size>
         <input_file_ref idref="fl-5"/>
      </object_component>
      <object_component id="oc-84">
         <name>.text:decompress:lzss:__TI_decompress_lzss</name>
         <load_address>0x11f9c</load_address>
         <run_address>0x11f9c</run_address>
         <size>0x76</size>
         <input_file_ref idref="fl-59"/>
      </object_component>
      <object_component id="oc-c79">
         <name>.text:HOSTrename</name>
         <load_address>0x12012</load_address>
         <run_address>0x12012</run_address>
         <size>0x74</size>
         <input_file_ref idref="fl-a4"/>
      </object_component>
      <object_component id="oc-c49">
         <name>.text:__TI_closefile</name>
         <load_address>0x12086</load_address>
         <run_address>0x12086</run_address>
         <size>0x74</size>
         <input_file_ref idref="fl-ab"/>
      </object_component>
      <object_component id="oc-bdd">
         <name>.text:fseek</name>
         <load_address>0x120fa</load_address>
         <run_address>0x120fa</run_address>
         <size>0x74</size>
         <input_file_ref idref="fl-9d"/>
      </object_component>
      <object_component id="oc-8ba">
         <name>.text:GPIO_setAsPeripheralModuleFunctionInputPin</name>
         <load_address>0x1216e</load_address>
         <run_address>0x1216e</run_address>
         <size>0x72</size>
         <input_file_ref idref="fl-2a"/>
      </object_component>
      <object_component id="oc-8c0">
         <name>.text:GPIO_setAsPeripheralModuleFunctionOutputPin</name>
         <load_address>0x121e0</load_address>
         <run_address>0x121e0</run_address>
         <size>0x72</size>
         <input_file_ref idref="fl-2a"/>
      </object_component>
      <object_component id="oc-ade">
         <name>.text:prvInsertBlockIntoFreeList</name>
         <load_address>0x12252</load_address>
         <run_address>0x12252</run_address>
         <size>0x72</size>
         <input_file_ref idref="fl-10"/>
      </object_component>
      <object_component id="oc-c55">
         <name>.text:HOSTopen</name>
         <load_address>0x122c4</load_address>
         <run_address>0x122c4</run_address>
         <size>0x70</size>
         <input_file_ref idref="fl-a2"/>
      </object_component>
      <object_component id="oc-90c">
         <name>.text:xQueueGenericCreate</name>
         <load_address>0x12334</load_address>
         <run_address>0x12334</run_address>
         <size>0x6e</size>
         <input_file_ref idref="fl-a"/>
      </object_component>
      <object_component id="oc-c67">
         <name>.text:HOSTwrite</name>
         <load_address>0x123a2</load_address>
         <run_address>0x123a2</run_address>
         <size>0x6c</size>
         <input_file_ref idref="fl-a6"/>
      </object_component>
      <object_component id="oc-c61">
         <name>.text:HOSTread</name>
         <load_address>0x1240e</load_address>
         <run_address>0x1240e</run_address>
         <size>0x6a</size>
         <input_file_ref idref="fl-a3"/>
      </object_component>
      <object_component id="oc-8d2">
         <name>.text:CS_initClockSignal</name>
         <load_address>0x12478</load_address>
         <run_address>0x12478</run_address>
         <size>0x66</size>
         <input_file_ref idref="fl-22"/>
      </object_component>
      <object_component id="oc-cd4">
         <name>.text:getdevice</name>
         <load_address>0x124de</load_address>
         <run_address>0x124de</run_address>
         <size>0x62</size>
         <input_file_ref idref="fl-af"/>
      </object_component>
      <object_component id="oc-b25">
         <name>.text:prvInitialiseTaskLists</name>
         <load_address>0x12540</load_address>
         <run_address>0x12540</run_address>
         <size>0x62</size>
         <input_file_ref idref="fl-c"/>
      </object_component>
      <object_component id="oc-bc8">
         <name>.text:__TI_doflush</name>
         <load_address>0x125a2</load_address>
         <run_address>0x125a2</run_address>
         <size>0x60</size>
         <input_file_ref idref="fl-9a"/>
      </object_component>
      <object_component id="oc-873">
         <name>.text:mytaskSELECT_HIGHEST_PRIORITY_TASK</name>
         <load_address>0x12602</load_address>
         <run_address>0x12602</run_address>
         <size>0x5e</size>
         <input_file_ref idref="fl-c"/>
      </object_component>
      <object_component id="oc-93a">
         <name>.text:vTaskStartScheduler</name>
         <load_address>0x12660</load_address>
         <run_address>0x12660</run_address>
         <size>0x5e</size>
         <input_file_ref idref="fl-c"/>
      </object_component>
      <object_component id="oc-c95">
         <name>.text:close</name>
         <load_address>0x126be</load_address>
         <run_address>0x126be</run_address>
         <size>0x5a</size>
         <input_file_ref idref="fl-ac"/>
      </object_component>
      <object_component id="oc-a2f">
         <name>.text</name>
         <load_address>0x12718</load_address>
         <run_address>0x12718</run_address>
         <size>0x58</size>
         <input_file_ref idref="fl-82"/>
      </object_component>
      <object_component id="oc-b69">
         <name>.text:vListInsert</name>
         <load_address>0x12770</load_address>
         <run_address>0x12770</run_address>
         <size>0x54</size>
         <input_file_ref idref="fl-9"/>
      </object_component>
      <object_component id="oc-b35">
         <name>.text:prvCheckTasksWaitingTermination</name>
         <load_address>0x127c4</load_address>
         <run_address>0x127c4</run_address>
         <size>0x50</size>
         <input_file_ref idref="fl-c"/>
      </object_component>
      <object_component id="oc-c5b">
         <name>.text:HOSTclose</name>
         <load_address>0x12814</load_address>
         <run_address>0x12814</run_address>
         <size>0x4e</size>
         <input_file_ref idref="fl-a0"/>
      </object_component>
      <object_component id="oc-cfd">
         <name>.text:strncpy</name>
         <load_address>0x12862</load_address>
         <run_address>0x12862</run_address>
         <size>0x4e</size>
         <input_file_ref idref="fl-d3"/>
      </object_component>
      <object_component id="oc-886">
         <name>.text:concat_buf</name>
         <load_address>0x128b0</load_address>
         <run_address>0x128b0</run_address>
         <size>0x4a</size>
         <input_file_ref idref="fl-c"/>
      </object_component>
      <object_component id="oc-7e5">
         <name>.text:exit</name>
         <load_address>0x128fa</load_address>
         <run_address>0x128fa</run_address>
         <size>0x4a</size>
         <input_file_ref idref="fl-94"/>
      </object_component>
      <object_component id="oc-c73">
         <name>.text:HOSTunlink</name>
         <load_address>0x12944</load_address>
         <run_address>0x12944</run_address>
         <size>0x46</size>
         <input_file_ref idref="fl-a5"/>
      </object_component>
      <object_component id="oc-c3b">
         <name>.text:free_list_insert</name>
         <load_address>0x1298a</load_address>
         <run_address>0x1298a</run_address>
         <size>0x46</size>
         <input_file_ref idref="fl-ad"/>
      </object_component>
      <object_component id="oc-958">
         <name>.text:l_asr_const</name>
         <load_address>0x129d0</load_address>
         <run_address>0x129d0</run_address>
         <size>0x3e</size>
         <input_file_ref idref="fl-91"/>
      </object_component>
      <object_component id="oc-cbc">
         <name>.text:l_lsl_const</name>
         <load_address>0x12a0e</load_address>
         <run_address>0x12a0e</run_address>
         <size>0x3e</size>
         <input_file_ref idref="fl-a8"/>
      </object_component>
      <object_component id="oc-bf4">
         <name>.text:lseek</name>
         <load_address>0x12a4c</load_address>
         <run_address>0x12a4c</run_address>
         <size>0x3e</size>
         <input_file_ref idref="fl-9e"/>
      </object_component>
      <object_component id="oc-6a8">
         <name>.text:memcpy</name>
         <load_address>0x12a8a</load_address>
         <run_address>0x12a8a</run_address>
         <size>0x3c</size>
         <input_file_ref idref="fl-97"/>
      </object_component>
      <object_component id="oc-bce">
         <name>.text:write</name>
         <load_address>0x12ac6</load_address>
         <run_address>0x12ac6</run_address>
         <size>0x3c</size>
         <input_file_ref idref="fl-d7"/>
      </object_component>
      <object_component id="oc-8d8">
         <name>.text:CS_turnOnLFXT</name>
         <load_address>0x12b02</load_address>
         <run_address>0x12b02</run_address>
         <size>0x3a</size>
         <input_file_ref idref="fl-22"/>
      </object_component>
      <object_component id="oc-9ab">
         <name>.text:uxListRemove</name>
         <load_address>0x12b3c</load_address>
         <run_address>0x12b3c</run_address>
         <size>0x3a</size>
         <input_file_ref idref="fl-9"/>
      </object_component>
      <object_component id="oc-c08">
         <name>.text:__TI_cleanup</name>
         <load_address>0x12b76</load_address>
         <run_address>0x12b76</run_address>
         <size>0x36</size>
         <input_file_ref idref="fl-aa"/>
      </object_component>
      <object_component id="oc-ca9">
         <name>.text:__TI_writemsg</name>
         <load_address>0x12bac</load_address>
         <run_address>0x12bac</run_address>
         <size>0x36</size>
         <input_file_ref idref="fl-a7"/>
      </object_component>
      <object_component id="oc-d03">
         <name>.text:finddevice</name>
         <load_address>0x12be2</load_address>
         <run_address>0x12be2</run_address>
         <size>0x36</size>
         <input_file_ref idref="fl-af"/>
      </object_component>
      <object_component id="oc-b8f">
         <name>.text:printchar</name>
         <load_address>0x12c18</load_address>
         <run_address>0x12c18</run_address>
         <size>0x36</size>
         <input_file_ref idref="fl-4"/>
      </object_component>
      <object_component id="oc-8b4">
         <name>.text:GPIO_setAsOutputPin</name>
         <load_address>0x12c4e</load_address>
         <run_address>0x12c4e</run_address>
         <size>0x34</size>
         <input_file_ref idref="fl-2a"/>
      </object_component>
      <object_component id="oc-7c2">
         <name>.text:prvCopyDataFromQueue</name>
         <load_address>0x12c82</load_address>
         <run_address>0x12c82</run_address>
         <size>0x34</size>
         <input_file_ref idref="fl-a"/>
      </object_component>
      <object_component id="oc-a78">
         <name>.text:vTaskDelay</name>
         <load_address>0x12cb6</load_address>
         <run_address>0x12cb6</run_address>
         <size>0x34</size>
         <input_file_ref idref="fl-c"/>
      </object_component>
      <object_component id="oc-caf">
         <name>.text:__TI_readmsg</name>
         <load_address>0x12cea</load_address>
         <run_address>0x12cea</run_address>
         <size>0x32</size>
         <input_file_ref idref="fl-a7"/>
      </object_component>
      <object_component id="oc-c9c">
         <name>.text:unlink</name>
         <load_address>0x12d1c</load_address>
         <run_address>0x12d1c</run_address>
         <size>0x30</size>
         <input_file_ref idref="fl-d5"/>
      </object_component>
      <object_component id="oc-99b">
         <name>.text</name>
         <load_address>0x12d4c</load_address>
         <run_address>0x12d4c</run_address>
         <size>0x2c</size>
         <input_file_ref idref="fl-7f"/>
      </object_component>
      <object_component id="oc-b62">
         <name>.text:vListInitialise</name>
         <load_address>0x12d78</load_address>
         <run_address>0x12d78</run_address>
         <size>0x2c</size>
         <input_file_ref idref="fl-9"/>
      </object_component>
      <object_component id="oc-c35">
         <name>.text:free_list_remove</name>
         <load_address>0x12da4</load_address>
         <run_address>0x12da4</run_address>
         <size>0x2a</size>
         <input_file_ref idref="fl-ad"/>
      </object_component>
      <object_component id="oc-a3a">
         <name>.text:prvInitialiseNewQueue</name>
         <load_address>0x12dce</load_address>
         <run_address>0x12dce</run_address>
         <size>0x2a</size>
         <input_file_ref idref="fl-a"/>
      </object_component>
      <object_component id="oc-858">
         <name>.text:prvResetNextTaskUnblockTime</name>
         <load_address>0x12df8</load_address>
         <run_address>0x12df8</run_address>
         <size>0x28</size>
         <input_file_ref idref="fl-c"/>
      </object_component>
      <object_component id="oc-a4f">
         <name>.text:xTaskGetTickCount</name>
         <load_address>0x12e20</load_address>
         <run_address>0x12e20</run_address>
         <size>0x28</size>
         <input_file_ref idref="fl-c"/>
      </object_component>
      <object_component id="oc-7a0">
         <name>.text:vApplicationSetupTimerInterrupt</name>
         <load_address>0x12e48</load_address>
         <run_address>0x12e48</run_address>
         <size>0x26</size>
         <input_file_ref idref="fl-3"/>
      </object_component>
      <object_component id="oc-b0a">
         <name>.text:vListInsertEnd</name>
         <load_address>0x12e6e</load_address>
         <run_address>0x12e6e</run_address>
         <size>0x26</size>
         <input_file_ref idref="fl-9"/>
      </object_component>
      <object_component id="oc-6d2">
         <name>.text:decompress:ZI:__TI_zero_init</name>
         <load_address>0x12e94</load_address>
         <run_address>0x12e94</run_address>
         <size>0x24</size>
         <input_file_ref idref="fl-7e"/>
      </object_component>
      <object_component id="oc-b1e">
         <name>.text:pxPortInitialiseStack</name>
         <load_address>0x12eb8</load_address>
         <run_address>0x12eb8</run_address>
         <size>0x24</size>
         <input_file_ref idref="fl-e"/>
      </object_component>
      <object_component id="oc-b12">
         <name>.text:memset</name>
         <load_address>0x12edc</load_address>
         <run_address>0x12edc</run_address>
         <size>0x20</size>
         <input_file_ref idref="fl-98"/>
      </object_component>
      <object_component id="oc-8ae">
         <name>.text:GPIO_setOutputLowOnPin</name>
         <load_address>0x12efc</load_address>
         <run_address>0x12efc</run_address>
         <size>0x1c</size>
         <input_file_ref idref="fl-2a"/>
      </object_component>
      <object_component id="oc-86d">
         <name>.text:pcTaskGetName</name>
         <load_address>0x12f18</load_address>
         <run_address>0x12f18</run_address>
         <size>0x1c</size>
         <input_file_ref idref="fl-c"/>
      </object_component>
      <object_component id="oc-cf7">
         <name>.text:strchr</name>
         <load_address>0x12f34</load_address>
         <run_address>0x12f34</run_address>
         <size>0x1c</size>
         <input_file_ref idref="fl-cd"/>
      </object_component>
      <object_component id="oc-d1c">
         <name>.text:strcmp</name>
         <load_address>0x12f50</load_address>
         <run_address>0x12f50</run_address>
         <size>0x1c</size>
         <input_file_ref idref="fl-ce"/>
      </object_component>
      <object_component id="oc-a71">
         <name>.text:printf</name>
         <load_address>0x12f6c</load_address>
         <run_address>0x12f6c</run_address>
         <size>0x18</size>
         <input_file_ref idref="fl-4"/>
      </object_component>
      <object_component id="oc-85e">
         <name>.text</name>
         <load_address>0x12f84</load_address>
         <run_address>0x12f84</run_address>
         <size>0x18</size>
         <input_file_ref idref="fl-84"/>
      </object_component>
      <object_component id="oc-7cb">
         <name>.text:WDT_A_hold</name>
         <load_address>0x12f9c</load_address>
         <run_address>0x12f9c</run_address>
         <size>0x16</size>
         <input_file_ref idref="fl-38"/>
      </object_component>
      <object_component id="oc-8a">
         <name>.text:decompress:none:__TI_decompress_none</name>
         <load_address>0x12fb2</load_address>
         <run_address>0x12fb2</run_address>
         <size>0x16</size>
         <input_file_ref idref="fl-5a"/>
      </object_component>
      <object_component id="oc-c2f">
         <name>.text:heap_start</name>
         <load_address>0x12fc8</load_address>
         <run_address>0x12fc8</run_address>
         <size>0x16</size>
         <input_file_ref idref="fl-ad"/>
      </object_component>
      <object_component id="oc-b01">
         <name>.text:prvDeleteTCB</name>
         <load_address>0x12fde</load_address>
         <run_address>0x12fde</run_address>
         <size>0x16</size>
         <input_file_ref idref="fl-c"/>
      </object_component>
      <object_component id="oc-a7f">
         <name>.text:prvIdleTask</name>
         <load_address>0x12ff4</load_address>
         <run_address>0x12ff4</run_address>
         <size>0x16</size>
         <input_file_ref idref="fl-c"/>
      </object_component>
      <object_component id="oc-ab8">
         <name>.text</name>
         <load_address>0x1300a</load_address>
         <run_address>0x1300a</run_address>
         <size>0x16</size>
         <input_file_ref idref="fl-81"/>
      </object_component>
      <object_component id="oc-8c6">
         <name>.text:CS_setDCOFreq</name>
         <load_address>0x13020</load_address>
         <run_address>0x13020</run_address>
         <size>0x12</size>
         <input_file_ref idref="fl-22"/>
      </object_component>
      <object_component id="oc-8cc">
         <name>.text:CS_setExternalClockSource</name>
         <load_address>0x13032</load_address>
         <run_address>0x13032</run_address>
         <size>0x12</size>
         <input_file_ref idref="fl-22"/>
      </object_component>
      <object_component id="oc-cc5">
         <name>.text:strcpy</name>
         <load_address>0x13044</load_address>
         <run_address>0x13044</run_address>
         <size>0x12</size>
         <input_file_ref idref="fl-cf"/>
      </object_component>
      <object_component id="oc-9a2">
         <name>.text:strlen</name>
         <load_address>0x13056</load_address>
         <run_address>0x13056</run_address>
         <size>0x12</size>
         <input_file_ref idref="fl-d0"/>
      </object_component>
      <object_component id="oc-a85">
         <name>.text:vConfigureTimerForRunTimeStats</name>
         <load_address>0x13068</load_address>
         <run_address>0x13068</run_address>
         <size>0x10</size>
         <input_file_ref idref="fl-14"/>
      </object_component>
      <object_component id="oc-74c">
         <name>.text:_system_pre_init</name>
         <load_address>0x13078</load_address>
         <run_address>0x13078</run_address>
         <size>0xc</size>
         <input_file_ref idref="fl-3"/>
      </object_component>
      <object_component id="oc-752">
         <name>.text:main</name>
         <load_address>0x13084</load_address>
         <run_address>0x13084</run_address>
         <size>0xc</size>
         <input_file_ref idref="fl-3"/>
      </object_component>
      <object_component id="oc-c02">
         <name>.text:malloc</name>
         <load_address>0x13090</load_address>
         <run_address>0x13090</run_address>
         <size>0xc</size>
         <input_file_ref idref="fl-ad"/>
      </object_component>
      <object_component id="oc-934">
         <name>.text:my_idle</name>
         <load_address>0x1309c</load_address>
         <run_address>0x1309c</run_address>
         <size>0xc</size>
         <input_file_ref idref="fl-5"/>
      </object_component>
      <object_component id="oc-b3b">
         <name>.text:vApplicationIdleHook</name>
         <load_address>0x130a8</load_address>
         <run_address>0x130a8</run_address>
         <size>0xc</size>
         <input_file_ref idref="fl-3"/>
      </object_component>
      <object_component id="oc-aea">
         <name>.text:vApplicationMallocFailedHook</name>
         <load_address>0x130b4</load_address>
         <run_address>0x130b4</run_address>
         <size>0xa</size>
         <input_file_ref idref="fl-3"/>
      </object_component>
      <object_component id="oc-879">
         <name>.text:xTaskGetTickCountFromISR</name>
         <load_address>0x130be</load_address>
         <run_address>0x130be</run_address>
         <size>0xa</size>
         <input_file_ref idref="fl-c"/>
      </object_component>
      <object_component id="oc-bad">
         <name>.text:putchar</name>
         <load_address>0x130c8</load_address>
         <run_address>0x130c8</run_address>
         <size>0x8</size>
         <input_file_ref idref="fl-99"/>
      </object_component>
      <object_component id="oc-b18">
         <name>.text:vListInitialiseItem</name>
         <load_address>0x130d0</load_address>
         <run_address>0x130d0</run_address>
         <size>0x8</size>
         <input_file_ref idref="fl-9"/>
      </object_component>
      <object_component id="oc-8de">
         <name>.text:PMM_unlockLPM5</name>
         <load_address>0x130d8</load_address>
         <run_address>0x130d8</run_address>
         <size>0x6</size>
         <input_file_ref idref="fl-2e"/>
      </object_component>
      <object_component id="oc-7df">
         <name>.text:abort</name>
         <load_address>0x130de</load_address>
         <run_address>0x130de</run_address>
         <size>0x6</size>
         <input_file_ref idref="fl-94"/>
      </object_component>
      <object_component id="oc-acc">
         <name>.text:vTaskSuspendAll</name>
         <load_address>0x130e4</load_address>
         <run_address>0x130e4</run_address>
         <size>0x6</size>
         <input_file_ref idref="fl-c"/>
      </object_component>
      <object_component id="oc-a43">
[...]
         <object_component_ref idref="oc-93"/>
      </symbol>
      <symbol id="sm-c32">
         <name>__TI_int22</name>
         <value>0xffbc</value>
         <object_component_ref idref="oc-94"/>
      </symbol>
      <symbol id="sm-c35">
         <name>__TI_int23</name>
         <value>0xffbe</value>
         <object_component_ref idref="oc-95"/>
      </symbol>
      <symbol id="sm-c38">
         <name>__TI_int24</name>
         <value>0xffc0</value>
         <object_component_ref idref="oc-96"/>
      </symbol>
      <symbol id="sm-c3b">
         <name>__TI_int25</name>
         <value>0xffc2</value>
         <object_component_ref idref="oc-97"/>
      </symbol>
      <symbol id="sm-c3e">
         <name>__TI_int26</name>
         <value>0xffc4</value>
         <object_component_ref idref="oc-98"/>
      </symbol>
      <symbol id="sm-c41">
         <name>__TI_int27</name>
         <value>0xffc6</value>
         <object_component_ref idref="oc-99"/>
      </symbol>
      <symbol id="sm-c44">
         <name>__TI_int28</name>
         <value>0xffc8</value>
         <object_component_ref idref="oc-9a"/>
      </symbol>
      <symbol id="sm-c47">
         <name>__TI_int29</name>
         <value>0xffca</value>
         <object_component_ref idref="oc-9b"/>
      </symbol>
      <symbol id="sm-c4a">
         <name>__TI_int30</name>
         <value>0xffcc</value>
         <object_component_ref idref="oc-9c"/>
      </symbol>
      <symbol id="sm-c4d">
         <name>__TI_int31</name>
         <value>0xffce</value>
         <object_component_ref idref="oc-9d"/>
      </symbol>
      <symbol id="sm-c50">
         <name>__TI_int32</name>
         <value>0xffd0</value>
         <object_component_ref idref="oc-9e"/>
      </symbol>
      <symbol id="sm-c53">
         <name>__TI_int33</name>
         <value>0xffd2</value>
         <object_component_ref idref="oc-9f"/>
      </symbol>
      <symbol id="sm-c56">
         <name>__TI_int34</name>
         <value>0xffd4</value>
         <object_component_ref idref="oc-a0"/>
      </symbol>
      <symbol id="sm-c59">
         <name>__TI_int35</name>
         <value>0xffd6</value>
         <object_component_ref idref="oc-a1"/>
      </symbol>
      <symbol id="sm-c5c">
         <name>__TI_int36</name>
         <value>0xffd8</value>
         <object_component_ref idref="oc-a2"/>
      </symbol>
      <symbol id="sm-c5f">
         <name>__TI_int37</name>
         <value>0xffda</value>
         <object_component_ref idref="oc-a3"/>
      </symbol>
      <symbol id="sm-c62">
         <name>__TI_int38</name>
         <value>0xffdc</value>
         <object_component_ref idref="oc-a4"/>
      </symbol>
      <symbol id="sm-c65">
         <name>__TI_int39</name>
         <value>0xffde</value>
         <object_component_ref idref="oc-a5"/>
      </symbol>
      <symbol id="sm-c68">
         <name>__TI_int41</name>
         <value>0xffe2</value>
         <object_component_ref idref="oc-a7"/>
      </symbol>
      <symbol id="sm-c6b">
         <name>__TI_int42</name>
         <value>0xffe4</value>
         <object_component_ref idref="oc-a8"/>
      </symbol>
      <symbol id="sm-c6e">
         <name>__TI_int43</name>
         <value>0xffe6</value>
         <object_component_ref idref="oc-a9"/>
      </symbol>
      <symbol id="sm-c71">
         <name>__TI_int44</name>
         <value>0xffe8</value>
         <object_component_ref idref="oc-aa"/>
      </symbol>
      <symbol id="sm-c74">
         <name>__TI_int46</name>
         <value>0xffec</value>
         <object_component_ref idref="oc-ac"/>
      </symbol>
      <symbol id="sm-c77">
         <name>__TI_int47</name>
         <value>0xffee</value>
         <object_component_ref idref="oc-ad"/>
      </symbol>
      <symbol id="sm-c7a">
         <name>__TI_int49</name>
         <value>0xfff2</value>
         <object_component_ref idref="oc-af"/>
      </symbol>
      <symbol id="sm-c7d">
         <name>__TI_int50</name>
         <value>0xfff4</value>
         <object_component_ref idref="oc-b0"/>
      </symbol>
      <symbol id="sm-c80">
         <name>__TI_int51</name>
         <value>0xfff6</value>
         <object_component_ref idref="oc-b1"/>
      </symbol>
      <symbol id="sm-c83">
         <name>__TI_int52</name>
         <value>0xfff8</value>
         <object_component_ref idref="oc-b2"/>
      </symbol>
      <symbol id="sm-c86">
         <name>__TI_int53</name>
         <value>0xfffa</value>
         <object_component_ref idref="oc-b3"/>
      </symbol>
      <symbol id="sm-c89">
         <name>__TI_int54</name>
         <value>0xfffc</value>
         <object_component_ref idref="oc-b4"/>
      </symbol>
      <symbol id="sm-c9c">
         <name>__TI_zero_init</name>
         <value>0x12e94</value>
         <object_component_ref idref="oc-6d2"/>
      </symbol>
      <symbol id="sm-ca8">
         <name>__mspabi_remi</name>
         <value>0x12d4c</value>
         <object_component_ref idref="oc-99b"/>
      </symbol>
      <symbol id="sm-ca9">
         <name>__mspabi_divi</name>
         <value>0x12d4c</value>
         <object_component_ref idref="oc-99b"/>
      </symbol>
      <symbol id="sm-cb4">
         <name>__mspabi_remu</name>
         <value>0x1300a</value>
         <object_component_ref idref="oc-ab8"/>
      </symbol>
      <symbol id="sm-cb5">
         <name>__mspabi_divu</name>
         <value>0x1300a</value>
         <object_component_ref idref="oc-ab8"/>
      </symbol>
      <symbol id="sm-cc3">
         <name>__mspabi_remul</name>
         <value>0x12718</value>
         <object_component_ref idref="oc-a2f"/>
      </symbol>
      <symbol id="sm-cc4">
         <name>__mspabi_divul</name>
         <value>0x12718</value>
         <object_component_ref idref="oc-a2f"/>
      </symbol>
      <symbol id="sm-ccd">
         <name>__mspabi_mpyi_f5hw</name>
         <value>0x12f84</value>
         <object_component_ref idref="oc-85e"/>
      </symbol>
      <symbol id="sm-ce5">
         <name>_stack</name>
         <value>0x2800</value>
         <object_component_ref idref="oc-696"/>
      </symbol>
      <symbol id="sm-ce6">
         <name>_c_int00_noargs</name>
         <value>0x806a</value>
         <object_component_ref idref="oc-6de"/>
      </symbol>
      <symbol id="sm-ce7">
         <name>_reset_vector</name>
         <value>0xfffe</value>
         <object_component_ref idref="oc-699"/>
      </symbol>
      <symbol id="sm-d0b">
         <name>__TI_auto_init_nobinit_nopinit_hold_wdt</name>
         <value>0x11dc2</value>
         <object_component_ref idref="oc-803"/>
      </symbol>
      <symbol id="sm-d13">
         <name>__mspabi_sral_15</name>
         <value>0x129d0</value>
         <object_component_ref idref="oc-958"/>
      </symbol>
      <symbol id="sm-d14">
         <name>__mspabi_sral_14</name>
         <value>0x129d4</value>
         <object_component_ref idref="oc-958"/>
      </symbol>
      <symbol id="sm-d15">
         <name>__mspabi_sral_13</name>
         <value>0x129d8</value>
         <object_component_ref idref="oc-958"/>
      </symbol>
      <symbol id="sm-d16">
         <name>__mspabi_sral_12</name>
         <value>0x129dc</value>
         <object_component_ref idref="oc-958"/>
      </symbol>
      <symbol id="sm-d17">
         <name>__mspabi_sral_11</name>
         <value>0x129e0</value>
         <object_component_ref idref="oc-958"/>
      </symbol>
      <symbol id="sm-d18">
         <name>__mspabi_sral_10</name>
         <value>0x129e4</value>
         <object_component_ref idref="oc-958"/>
      </symbol>
      <symbol id="sm-d19">
         <name>__mspabi_sral_8</name>
         <value>0x129ec</value>
         <object_component_ref idref="oc-958"/>
      </symbol>
      <symbol id="sm-d1a">
         <name>__mspabi_sral_9</name>
         <value>0x129e8</value>
         <object_component_ref idref="oc-958"/>
      </symbol>
      <symbol id="sm-d1b">
         <name>__mspabi_sral_6</name>
         <value>0x129f4</value>
         <object_component_ref idref="oc-958"/>
      </symbol>
      <symbol id="sm-d1c">
         <name>__mspabi_sral_7</name>
         <value>0x129f0</value>
         <object_component_ref idref="oc-958"/>
      </symbol>
      <symbol id="sm-d1d">
         <name>__mspabi_sral_4</name>
         <value>0x129fc</value>
         <object_component_ref idref="oc-958"/>
      </symbol>
      <symbol id="sm-d1e">
         <name>__mspabi_sral_5</name>
         <value>0x129f8</value>
         <object_component_ref idref="oc-958"/>
      </symbol>
      <symbol id="sm-d1f">
         <name>__mspabi_sral_2</name>
         <value>0x12a04</value>
         <object_component_ref idref="oc-958"/>
      </symbol>
      <symbol id="sm-d20">
         <name>__mspabi_sral_3</name>
         <value>0x12a00</value>
         <object_component_ref idref="oc-958"/>
      </symbol>
      <symbol id="sm-d21">
         <name>__mspabi_sral_1</name>
         <value>0x12a08</value>
         <object_component_ref idref="oc-958"/>
      </symbol>
      <symbol id="sm-d2a">
         <name>_system_post_cinit</name>
         <value>0x130f2</value>
         <object_component_ref idref="oc-95d"/>
      </symbol>
      <symbol id="sm-d48">
         <name>C$$EXIT</name>
         <value>0x130de</value>
         <object_component_ref idref="oc-7df"/>
      </symbol>
      <symbol id="sm-d49">
         <name>abort</name>
         <value>0x130de</value>
         <object_component_ref idref="oc-7df"/>
      </symbol>
      <symbol id="sm-d4a">
         <name>__TI_enable_exit_profile_output</name>
         <value>0x2360</value>
         <object_component_ref idref="oc-947"/>
      </symbol>
      <symbol id="sm-d4b">
         <name>exit</name>
         <value>0x128fa</value>
         <object_component_ref idref="oc-7e5"/>
      </symbol>
      <symbol id="sm-d5a">
         <name>__TI_dtors_ptr</name>
         <value>0x234c</value>
         <object_component_ref idref="oc-94d"/>
      </symbol>
      <symbol id="sm-d5b">
         <name>__TI_cleanup_ptr</name>
         <value>0x2348</value>
         <object_component_ref idref="oc-950"/>
      </symbol>
      <symbol id="sm-d71">
         <name>_nop</name>
         <value>0x130f0</value>
         <object_component_ref idref="oc-a91"/>
      </symbol>
      <symbol id="sm-d72">
         <name>_lock</name>
         <value>0x2350</value>
         <object_component_ref idref="oc-94a"/>
      </symbol>
      <symbol id="sm-d73">
         <name>_unlock</name>
         <value>0x2354</value>
         <object_component_ref idref="oc-953"/>
      </symbol>
      <symbol id="sm-d82">
         <name>memcpy</name>
         <value>0x12a8a</value>
         <object_component_ref idref="oc-6a8"/>
      </symbol>
      <symbol id="sm-d91">
         <name>memset</name>
         <value>0x12edc</value>
         <object_component_ref idref="oc-b12"/>
      </symbol>
      <symbol id="sm-db0">
         <name>putc</name>
         <value>0x11a9e</value>
         <object_component_ref idref="oc-bb7"/>
      </symbol>
      <symbol id="sm-db1">
         <name>fputc</name>
         <value>0x11a9e</value>
         <object_component_ref idref="oc-bb7"/>
      </symbol>
      <symbol id="sm-db2">
         <name>putchar</name>
         <value>0x130c8</value>
         <object_component_ref idref="oc-bad"/>
      </symbol>
      <symbol id="sm-dc3">
         <name>__TI_doflush</name>
         <value>0x125a2</value>
         <object_component_ref idref="oc-bc8"/>
      </symbol>
      <symbol id="sm-dd3">
         <name>__TI_tmpnams</name>
         <value>0x2000</value>
      </symbol>
      <symbol id="sm-dd4">
         <name>_ftable</name>
         <value>0x217c</value>
         <object_component_ref idref="oc-bb4"/>
      </symbol>
      <symbol id="sm-dd5">
         <name>__TI_ft_end</name>
         <value>0x235e</value>
         <object_component_ref idref="oc-c4f"/>
      </symbol>
      <symbol id="sm-ded">
         <name>__TI_wrt_ok</name>
         <value>0x11bb8</value>
         <object_component_ref idref="oc-bc2"/>
      </symbol>
      <symbol id="sm-e02">
         <name>fseek</name>
         <value>0x120fa</value>
         <object_component_ref idref="oc-bdd"/>
      </symbol>
      <symbol id="sm-e15">
         <name>lseek</name>
         <value>0x12a4c</value>
         <object_component_ref idref="oc-bf4"/>
      </symbol>
      <symbol id="sm-e24">
         <name>_stream</name>
         <value>0x22bc</value>
         <object_component_ref idref="oc-bed"/>
      </symbol>
      <symbol id="sm-e25">
         <name>_device</name>
         <value>0x2244</value>
         <object_component_ref idref="oc-c19"/>
      </symbol>
      <symbol id="sm-e31">
         <name>HOSTclose</name>
         <value>0x12814</value>
         <object_component_ref idref="oc-c5b"/>
      </symbol>
      <symbol id="sm-e3d">
         <name>HOSTlseek</name>
         <value>0x118d8</value>
         <object_component_ref idref="oc-c6d"/>
      </symbol>
      <symbol id="sm-e4b">
         <name>parmbuf</name>
         <value>0x216c</value>
      </symbol>
      <symbol id="sm-e4c">
         <name>HOSTopen</name>
         <value>0x122c4</value>
         <object_component_ref idref="oc-c55"/>
      </symbol>
      <symbol id="sm-e59">
         <name>HOSTread</name>
         <value>0x1240e</value>
         <object_component_ref idref="oc-c61"/>
      </symbol>
      <symbol id="sm-e65">
         <name>HOSTrename</name>
         <value>0x12012</value>
         <object_component_ref idref="oc-c79"/>
      </symbol>
      <symbol id="sm-e71">
         <name>HOSTunlink</name>
         <value>0x12944</value>
         <object_component_ref idref="oc-c73"/>
      </symbol>
      <symbol id="sm-e7e">
         <name>HOSTwrite</name>
         <value>0x123a2</value>
         <object_component_ref idref="oc-c67"/>
      </symbol>
      <symbol id="sm-e9c">
         <name>__TI_readmsg</name>
         <value>0x12cea</value>
         <object_component_ref idref="oc-caf"/>
      </symbol>
      <symbol id="sm-e9d">
         <name>C$$IO$$</name>
         <value>0x12bde</value>
         <object_component_ref idref="oc-ca9"/>
      </symbol>
      <symbol id="sm-e9e">
         <name>_CIOBUF_</name>
         <value>0x7800</value>
         <object_component_ref idref="oc-ce0"/>
      </symbol>
      <symbol id="sm-e9f">
         <name>__TI_writemsg</name>
         <value>0x12bac</value>
         <object_component_ref idref="oc-ca9"/>
      </symbol>
      <symbol id="sm-ea7">
         <name>__mspabi_slll_9</name>
         <value>0x12a26</value>
         <object_component_ref idref="oc-cbc"/>
      </symbol>
      <symbol id="sm-ea8">
         <name>__mspabi_slll_8</name>
         <value>0x12a2a</value>
         <object_component_ref idref="oc-cbc"/>
      </symbol>
      <symbol id="sm-ea9">
         <name>__mspabi_slll_7</name>
         <value>0x12a2e</value>
         <object_component_ref idref="oc-cbc"/>
      </symbol>
      <symbol id="sm-eaa">
         <name>__mspabi_slll_6</name>
         <value>0x12a32</value>
         <object_component_ref idref="oc-cbc"/>
      </symbol>
      <symbol id="sm-eab">
         <name>__mspabi_slll_5</name>
         <value>0x12a36</value>
         <object_component_ref idref="oc-cbc"/>
      </symbol>
      <symbol id="sm-eac">
         <name>__mspabi_slll_4</name>
         <value>0x12a3a</value>
         <object_component_ref idref="oc-cbc"/>
      </symbol>
      <symbol id="sm-ead">
         <name>__mspabi_slll_3</name>
         <value>0x12a3e</value>
         <object_component_ref idref="oc-cbc"/>
      </symbol>
      <symbol id="sm-eae">
         <name>__mspabi_slll_2</name>
         <value>0x12a42</value>
         <object_component_ref idref="oc-cbc"/>
      </symbol>
      <symbol id="sm-eaf">
         <name>__mspabi_slll_1</name>
         <value>0x12a46</value>
         <object_component_ref idref="oc-cbc"/>
      </symbol>
      <symbol id="sm-eb0">
         <name>__mspabi_slll_15</name>
         <value>0x12a0e</value>
         <object_component_ref idref="oc-cbc"/>
      </symbol>
      <symbol id="sm-eb1">
         <name>__mspabi_slll_14</name>
         <value>0x12a12</value>
         <object_component_ref idref="oc-cbc"/>
      </symbol>
      <symbol id="sm-eb2">
         <name>__mspabi_slll_13</name>
         <value>0x12a16</value>
         <object_component_ref idref="oc-cbc"/>
      </symbol>
      <symbol id="sm-eb3">
         <name>__mspabi_slll_12</name>
         <value>0x12a1a</value>
         <object_component_ref idref="oc-cbc"/>
      </symbol>
      <symbol id="sm-eb4">
         <name>__mspabi_slll_11</name>
         <value>0x12a1e</value>
         <object_component_ref idref="oc-cbc"/>
      </symbol>
      <symbol id="sm-eb5">
         <name>__mspabi_slll_10</name>
         <value>0x12a22</value>
         <object_component_ref idref="oc-cbc"/>
      </symbol>
      <symbol id="sm-ece">
         <name>setvbuf</name>
         <value>0x10c52</value>
         <object_component_ref idref="oc-be3"/>
      </symbol>
      <symbol id="sm-edf">
         <name>__TI_cleanup</name>
         <value>0x12b76</value>
         <object_component_ref idref="oc-c08"/>
      </symbol>
      <symbol id="sm-ef0">
         <name>__TI_closefile</name>
         <value>0x12086</value>
         <object_component_ref idref="oc-c49"/>
      </symbol>
      <symbol id="sm-f02">
         <name>close</name>
         <value>0x126be</value>
         <object_component_ref idref="oc-c95"/>
      </symbol>
      <symbol id="sm-f88">
         <name>_sys_memory</name>
         <value>0x7920</value>
         <object_component_ref idref="oc-69a"/>
      </symbol>
      <symbol id="sm-f89">
         <name>free</name>
         <value>0x10886</value>
         <object_component_ref idref="oc-bfc"/>
      </symbol>
      <symbol id="sm-f8a">
         <name>memalign</name>
         <value>0x101f4</value>
         <object_component_ref idref="oc-c42"/>
      </symbol>
      <symbol id="sm-f8b">
         <name>malloc</name>
         <value>0x13090</value>
         <object_component_ref idref="oc-c02"/>
      </symbol>
      <symbol id="sm-f8c">
         <name>aligned_alloc</name>
         <value>0x101f4</value>
         <object_component_ref idref="oc-c42"/>
      </symbol>
      <symbol id="sm-fb1">
         <name>finddevice</name>
         <value>0x12be2</value>
         <object_component_ref idref="oc-d03"/>
      </symbol>
      <symbol id="sm-fb2">
         <name>getdevice</name>
         <value>0x124de</value>
         <object_component_ref idref="oc-cd4"/>
      </symbol>
      <symbol id="sm-fde">
         <name>strchr</name>
         <value>0x12f34</value>
         <object_component_ref idref="oc-cf7"/>
      </symbol>
      <symbol id="sm-fec">
         <name>strcmp</name>
         <value>0x12f50</value>
         <object_component_ref idref="oc-d1c"/>
      </symbol>
      <symbol id="sm-ff9">
         <name>strcpy</name>
         <value>0x13044</value>
         <object_component_ref idref="oc-cc5"/>
      </symbol>
      <symbol id="sm-1006">
         <name>strlen</name>
         <value>0x13056</value>
         <object_component_ref idref="oc-9a2"/>
      </symbol>
      <symbol id="sm-1019">
         <name>strncpy</name>
         <value>0x12862</value>
         <object_component_ref idref="oc-cfd"/>
      </symbol>
      <symbol id="sm-1026">
         <name>unlink</name>
         <value>0x12d1c</value>
         <object_component_ref idref="oc-c9c"/>
      </symbol>
      <symbol id="sm-1035">
         <name>write</name>
         <value>0x12ac6</value>
         <object_component_ref idref="oc-bce"/>
      </symbol>
      <symbol id="sm-103a">
         <name>vPortSetupTimerInterrupt</name>
         <value>0x12e48</value>
      </symbol>
      <symbol id="sm-103b">
         <name>remove</name>
         <value>0x12d1c</value>
      </symbol>
   </symbol_table>
   <title>Link successful</title>
</link_info>
